Component: ARM Compiler 5.06 update 6 (build 750) Tool: armlink [4d35ed]

==============================================================================

Section Cross References

    startup_stm32f103xe.o(STACK) refers (Special) to heapauxi.o(.text) for __use_two_region_memory
    startup_stm32f103xe.o(HEAP) refers (Special) to heapauxi.o(.text) for __use_two_region_memory
    startup_stm32f103xe.o(RESET) refers (Special) to heapauxi.o(.text) for __use_two_region_memory
    startup_stm32f103xe.o(RESET) refers to startup_stm32f103xe.o(STACK) for __initial_sp
    startup_stm32f103xe.o(RESET) refers to startup_stm32f103xe.o(.text) for Reset_Handler
    startup_stm32f103xe.o(RESET) refers to stm32f1xx_it.o(i.NMI_Handler) for NMI_Handler
    startup_stm32f103xe.o(RESET) refers to stm32f1xx_it.o(i.HardFault_Handler) for HardFault_Handler
    startup_stm32f103xe.o(RESET) refers to stm32f1xx_it.o(i.MemManage_Handler) for MemManage_Handler
    startup_stm32f103xe.o(RESET) refers to stm32f1xx_it.o(i.BusFault_Handler) for BusFault_Handler
    startup_stm32f103xe.o(RESET) refers to stm32f1xx_it.o(i.UsageFault_Handler) for UsageFault_Handler
    startup_stm32f103xe.o(RESET) refers to stm32f1xx_it.o(i.SVC_Handler) for SVC_Handler
    startup_stm32f103xe.o(RESET) refers to stm32f1xx_it.o(i.DebugMon_Handler) for DebugMon_Handler
    startup_stm32f103xe.o(RESET) refers to stm32f1xx_it.o(i.PendSV_Handler) for PendSV_Handler
    startup_stm32f103xe.o(RESET) refers to stm32f1xx_it.o(i.SysTick_Handler) for SysTick_Handler
    startup_stm32f103xe.o(RESET) refers to stm32f1xx_it.o(i.DMA1_Channel2_IRQHandler) for DMA1_Channel2_IRQHandler
    startup_stm32f103xe.o(RESET) refers to stm32f1xx_it.o(i.DMA1_Channel3_IRQHandler) for DMA1_Channel3_IRQHandler
    startup_stm32f103xe.o(RESET) refers to stm32f1xx_it.o(i.DMA1_Channel4_IRQHandler) for DMA1_Channel4_IRQHandler
    startup_stm32f103xe.o(RESET) refers to stm32f1xx_it.o(i.DMA1_Channel5_IRQHandler) for DMA1_Channel5_IRQHandler
    startup_stm32f103xe.o(RESET) refers to stm32f1xx_it.o(i.DMA1_Channel6_IRQHandler) for DMA1_Channel6_IRQHandler
    startup_stm32f103xe.o(RESET) refers to stm32f1xx_it.o(i.DMA1_Channel7_IRQHandler) for DMA1_Channel7_IRQHandler
    startup_stm32f103xe.o(RESET) refers to stm32f1xx_it.o(i.TIM1_UP_IRQHandler) for TIM1_UP_IRQHandler
    startup_stm32f103xe.o(RESET) refers to stm32f1xx_it.o(i.USART1_IRQHandler) for USART1_IRQHandler
    startup_stm32f103xe.o(RESET) refers to stm32f1xx_it.o(i.USART2_IRQHandler) for USART2_IRQHandler
    startup_stm32f103xe.o(RESET) refers to stm32f1xx_it.o(i.USART3_IRQHandler) for USART3_IRQHandler
    startup_stm32f103xe.o(RESET) refers to stm32f1xx_hal_timebase_rtc_alarm_template.o(i.RTC_Alarm_IRQHandler) for RTC_Alarm_IRQHandler
    startup_stm32f103xe.o(.text) refers (Special) to heapauxi.o(.text) for __use_two_region_memory
    startup_stm32f103xe.o(.text) refers to system_stm32f1xx.o(i.SystemInit) for SystemInit
    startup_stm32f103xe.o(.text) refers to __main.o(!!!main) for __main
    startup_stm32f103xe.o(.text) refers to startup_stm32f103xe.o(HEAP) for Heap_Mem
    startup_stm32f103xe.o(.text) refers to startup_stm32f103xe.o(STACK) for Stack_Mem
    main.o(i.HAL_TIM_PeriodElapsedCallback) refers to main.o(.bss) for .bss
    main.o(i.HAL_TIM_PeriodElapsedCallback) refers to main.o(.data) for .data
    main.o(i.MX_DMA_Init) refers to stm32f1xx_hal_cortex.o(i.HAL_NVIC_SetPriority) for HAL_NVIC_SetPriority
    main.o(i.MX_DMA_Init) refers to stm32f1xx_hal_cortex.o(i.HAL_NVIC_EnableIRQ) for HAL_NVIC_EnableIRQ
    main.o(i.MX_GPIO_Init) refers to stm32f1xx_hal_gpio.o(i.HAL_GPIO_WritePin) for HAL_GPIO_WritePin
    main.o(i.MX_GPIO_Init) refers to stm32f1xx_hal_gpio.o(i.HAL_GPIO_Init) for HAL_GPIO_Init
    main.o(i.MX_GPIO_Init) refers to stm32f1xx_hal.o(i.HAL_Delay) for HAL_Delay
    main.o(i.MX_RTC_Init) refers to stm32f1xx_hal_rtc.o(i.HAL_RTC_Init) for HAL_RTC_Init
    main.o(i.MX_RTC_Init) refers to stm32f1xx_hal_rtc.o(i.HAL_RTC_SetTime) for HAL_RTC_SetTime
    main.o(i.MX_RTC_Init) refers to stm32f1xx_hal_rtc.o(i.HAL_RTC_SetDate) for HAL_RTC_SetDate
    main.o(i.MX_RTC_Init) refers to main.o(.bss) for .bss
    main.o(i.MX_TIM1_Init) refers to stm32f1xx_hal_tim.o(i.HAL_TIM_Base_Init) for HAL_TIM_Base_Init
    main.o(i.MX_TIM1_Init) refers to stm32f1xx_hal_tim.o(i.HAL_TIM_ConfigClockSource) for HAL_TIM_ConfigClockSource
    main.o(i.MX_TIM1_Init) refers to stm32f1xx_hal_tim_ex.o(i.HAL_TIMEx_MasterConfigSynchronization) for HAL_TIMEx_MasterConfigSynchronization
    main.o(i.MX_TIM1_Init) refers to main.o(.bss) for .bss
    main.o(i.MX_TIM3_Init) refers to stm32f1xx_hal_tim.o(i.HAL_TIM_Base_Init) for HAL_TIM_Base_Init
    main.o(i.MX_TIM3_Init) refers to stm32f1xx_hal_tim.o(i.HAL_TIM_ConfigClockSource) for HAL_TIM_ConfigClockSource
    main.o(i.MX_TIM3_Init) refers to stm32f1xx_hal_tim_ex.o(i.HAL_TIMEx_MasterConfigSynchronization) for HAL_TIMEx_MasterConfigSynchronization
[...]
    old_tick                                 0x20000030   Data           4  nv11.o(.data)
    m_old_tick                               0x20000034   Data           4  nv11.o(.data)
    m_num_note_payout                        0x20000038   Data           4  nv11.o(.data)
    m_last_num_note_payout                   0x2000003c   Data           4  nv11.o(.data)
    m_error_payout                           0x20000040   Data           4  nv11.o(.data)
    m_nv11_callback                          0x20000044   Data           4  nv11.o(.data)
    m_denominations                          0x20000048   Data          36  nv11.o(.data)
    .data                                    0x2000006c   Section        4  serialfunc.o(.data)
    m_dma_over_flow                          0x2000006c   Data           4  serialfunc.o(.data)
    .data                                    0x20000070   Section       12  glcd.o(.data)
    m_write_cb                               0x20000070   Data           4  glcd.o(.data)
    m_lock                                   0x20000074   Data           4  glcd.o(.data)
    m_font                                   0x20000078   Data           4  glcd.o(.data)
    .data                                    0x2000007c   Section       12  glcd_font.o(.data)
    .bss                                     0x20000088   Section      636  main.o(.bss)
    .bss                                     0x20000304   Section       68  main.o(.bss)
    .bss                                     0x20000348   Section       68  main.o(.bss)
    .bss                                     0x2000038c   Section       68  main.o(.bss)
    .bss                                     0x200003d0   Section       68  main.o(.bss)
    .bss                                     0x20000414   Section       68  main.o(.bss)
    .bss                                     0x20000458   Section       68  main.o(.bss)
    .bss                                     0x2000049c   Section       20  stm32f1xx_hal_timebase_rtc_alarm_template.o(.bss)
    .bss                                     0x200004b0   Section      894  nv11.o(.bss)
    m_ssp_cmd                                0x200004b0   Data         544  nv11.o(.bss)
    m_setup_req                              0x200006d0   Data         260  nv11.o(.bss)
    m_channel                                0x200007d4   Data          40  nv11.o(.bss)
    m_stored_notes                           0x200007fc   Data          40  nv11.o(.bss)
    m_refund_channels                        0x20000824   Data          10  nv11.o(.bss)
    .bss                                     0x20000830   Section     1000  itlsspproc.o(.bss)
    .bss                                     0x20000c18   Section      788  serialfunc.o(.bss)
    m_ringbuffer_ssp_rx                      0x20000c18   Data          20  serialfunc.o(.bss)
    .bss                                     0x20000f2c   Section     1027  sspcoms.o(.bss)
    .bss                                     0x2000132f   Section     1084  vdm_device_config.o(.bss)
    .bss                                     0x2000176b   Section     1024  glcd.o(.bss)
    m_off_buffer                             0x2000176b   Data        1024  glcd.o(.bss)
    .bss                                     0x20001b6c   Section      228  rand.o(.bss)
    .bss                                     0x20001c50   Section       96  libspace.o(.bss)
    HEAP                                     0x20001cb0   Section      512  startup_stm32f103xe.o(HEAP)
    Heap_Mem                                 0x20001cb0   Data         512  startup_stm32f103xe.o(HEAP)
    STACK                                    0x20001eb0   Section     1024  startup_stm32f103xe.o(STACK)
    Stack_Mem                                0x20001eb0   Data        1024  startup_stm32f103xe.o(STACK)
    __initial_sp                             0x200022b0   Data           0  startup_stm32f103xe.o(STACK)

    Global Symbols

    Symbol Name                              Value     Ov Type        Size  Object(Section)

    BuildAttributes$$THM_ISAv4$P$D$K$B$S$PE$A:L22UL41UL21$X:L11$S22US41US21$IEEE1$IW$USESV6$~STKCKD$USESV7$~SHL$OSPACE$ROPI$EBA8$UX$STANDARDLIB$REQ8$PRES8$EABIv2 0x00000000   Number         0  anon$$obj.o ABSOLUTE
    __ARM_use_no_argv                        0x00000000   Number         0  main.o ABSOLUTE
    _printf_flags                            0x00000000   Number         0  printf_stubs.o ABSOLUTE
    _printf_return_value                     0x00000000   Number         0  printf_stubs.o ABSOLUTE
    _printf_sizespec                         0x00000000   Number         0  printf_stubs.o ABSOLUTE
    _printf_widthprec                        0x00000000   Number         0  printf_stubs.o ABSOLUTE
    __ARM_exceptions_init                     - Undefined Weak Reference
    __alloca_initialize                       - Undefined Weak Reference
    __arm_preinit_                            - Undefined Weak Reference
    __cpp_initialize__aeabi_                  - Undefined Weak Reference
    __cxa_finalize                            - Undefined Weak Reference
    __rt_locale                               - Undefined Weak Reference
    __sigvec_lookup                           - Undefined Weak Reference
    _atexit_init                              - Undefined Weak Reference
    _call_atexit_fns                          - Undefined Weak Reference
    _clock_init                               - Undefined Weak Reference
    _fp_trap_init                             - Undefined Weak Reference
    _fp_trap_shutdown                         - Undefined Weak Reference
    _get_lc_collate                           - Undefined Weak Reference
    _get_lc_ctype                             - Undefined Weak Reference
    _get_lc_monetary                          - Undefined Weak Reference
    _get_lc_numeric                           - Undefined Weak Reference
    _get_lc_time                              - Undefined Weak Reference
    _getenv_init                              - Undefined Weak Reference
    _handle_redirection                       - Undefined Weak Reference
    _init_alloc                               - Undefined Weak Reference
    _init_user_alloc                          - Undefined Weak Reference
    _initio                                   - Undefined Weak Reference
    _mutex_acquire                            - Undefined Weak Reference
    _mutex_release                            - Undefined Weak Reference
    _printf_mbtowc                            - Undefined Weak Reference
    _printf_truncate_signed                   - Undefined Weak Reference
    _printf_truncate_unsigned                 - Undefined Weak Reference
    _signal_finish                            - Undefined Weak Reference
    _signal_init                              - Undefined Weak Reference
    _terminate_alloc                          - Undefined Weak Reference
    _terminate_user_alloc                     - Undefined Weak Reference
    _terminateio                              - Undefined Weak Reference
    __Vectors_Size                           0x00000130   Number         0  startup_stm32f103xe.o ABSOLUTE
    __Vectors                                0x08000000   Data           4  startup_stm32f103xe.o(RESET)
    __Vectors_End                            0x08000130   Data           0  startup_stm32f103xe.o(RESET)
    __main                                   0x08000131   Thumb Code     8  __main.o(!!!main)
    __scatterload                            0x08000139   Thumb Code     0  __scatter.o(!!!scatter)
    __scatterload_rt2                        0x08000139   Thumb Code    44  __scatter.o(!!!scatter)
    __scatterload_rt2_thumb_only             0x08000139   Thumb Code     0  __scatter.o(!!!scatter)
    __scatterload_null                       0x08000147   Thumb Code     0  __scatter.o(!!!scatter)
    __scatterload_copy                       0x0800016d   Thumb Code    26  __scatter_copy.o(!!handler_copy)
    __scatterload_zeroinit                   0x08000189   Thumb Code    28  __scatter_zi.o(!!handler_zi)
    _printf_d                                0x080001a5   Thumb Code     0  _printf_d.o(.ARM.Collect$$_printf_percent$$00000009)
    _printf_percent                          0x080001a5   Thumb Code     0  _printf_percent.o(.ARM.Collect$$_printf_percent$$00000000)
    _printf_u                                0x080001ab   Thumb Code     0  _printf_u.o(.ARM.Collect$$_printf_percent$$0000000A)
    _printf_x                                0x080001b1   Thumb Code     0  _printf_x.o(.ARM.Collect$$_printf_percent$$0000000C)
    _printf_s                                0x080001b7   Thumb Code     0  _printf_s.o(.ARM.Collect$$_printf_percent$$00000014)
    _printf_percent_end                      0x080001bd   Thumb Code     0  _printf_percent_end.o(.ARM.Collect$$_printf_percent$$00000017)
    __rt_lib_init                            0x080001c1   Thumb Code     0  libinit.o(.ARM.Collect$$libinit$$00000000)
    __rt_lib_init_fp_1                       0x080001c3   Thumb Code     0  libinit2.o(.ARM.Collect$$libinit$$00000002)
    __rt_lib_init_heap_1                     0x080001c3   Thumb Code     0  libinit2.o(.ARM.Collect$$libinit$$0000000A)
    __rt_lib_init_preinit_1                  0x080001c3   Thumb Code     0  libinit2.o(.ARM.Collect$$libinit$$00000004)
    __rt_lib_init_rand_2                     0x080001c3   Thumb Code     0  libinit2.o(.ARM.Collect$$libinit$$0000000D)
    __rt_lib_init_user_alloc_1               0x080001c3   Thumb Code     0  libinit2.o(.ARM.Collect$$libinit$$0000000C)
    __rt_lib_init_alloca_1                   0x080001c7   Thumb Code     0  libinit2.o(.ARM.Collect$$libinit$$0000002E)
    __rt_lib_init_argv_1                     0x080001c7   Thumb Code     0  libinit2.o(.ARM.Collect$$libinit$$0000002C)
    __rt_lib_init_atexit_1                   0x080001c7   Thumb Code     0  libinit2.o(.ARM.Collect$$libinit$$0000001B)
    __rt_lib_init_clock_1                    0x080001c7   Thumb Code     0  libinit2.o(.ARM.Collect$$libinit$$00000021)
    __rt_lib_init_cpp_1                      0x080001c7   Thumb Code     0  libinit2.o(.ARM.Collect$$libinit$$00000032)
    __rt_lib_init_exceptions_1               0x080001c7   Thumb Code     0  libinit2.o(.ARM.Collect$$libinit$$00000030)
    __rt_lib_init_fp_trap_1                  0x080001c7   Thumb Code     0  libinit2.o(.ARM.Collect$$libinit$$0000001F)
    __rt_lib_init_getenv_1                   0x080001c7   Thumb Code     0  libinit2.o(.ARM.Collect$$libinit$$00000023)
    __rt_lib_init_lc_collate_1               0x080001c7   Thumb Code     0  libinit2.o(.ARM.Collect$$libinit$$00000011)
    __rt_lib_init_lc_ctype_1                 0x080001c7   Thumb Code     0  libinit2.o(.ARM.Collect$$libinit$$00000013)
    __rt_lib_init_lc_monetary_1              0x080001c7   Thumb Code     0  libinit2.o(.ARM.Collect$$libinit$$00000015)
    __rt_lib_init_lc_numeric_1               0x080001c7   Thumb Code     0  libinit2.o(.ARM.Collect$$libinit$$00000017)
    __rt_lib_init_lc_time_1                  0x080001c7   Thumb Code     0  libinit2.o(.ARM.Collect$$libinit$$00000019)
    __rt_lib_init_rand_1                     0x080001c7   Thumb Code     0  libinit2.o(.ARM.Collect$$libinit$$0000000E)
    __rt_lib_init_return                     0x080001c7   Thumb Code     0  libinit2.o(.ARM.Collect$$libinit$$00000033)
    __rt_lib_init_signal_1                   0x080001c7   Thumb Code     0  libinit2.o(.ARM.Collect$$libinit$$0000001D)
    __rt_lib_init_stdio_1                    0x080001c7   Thumb Code     0  libinit2.o(.ARM.Collect$$libinit$$00000025)
    __rt_lib_shutdown                        0x080001c9   Thumb Code     0  libshutdown.o(.ARM.Collect$$libshutdown$$00000000)
    __rt_lib_shutdown_cpp_1                  0x080001cb   Thumb Code     0  libshutdown2.o(.ARM.Collect$$libshutdown$$00000002)
    __rt_lib_shutdown_fp_trap_1              0x080001cb   Thumb Code     0  libshutdown2.o(.ARM.Collect$$libshutdown$$00000007)
    __rt_lib_shutdown_heap_1                 0x080001cb   Thumb Code     0  libshutdown2.o(.ARM.Collect$$libshutdown$$0000000F)
    __rt_lib_shutdown_return                 0x080001cb   Thumb Code     0  libshutdown2.o(.ARM.Collect$$libshutdown$$00000010)
    __rt_lib_shutdown_signal_1               0x080001cb   Thumb Code     0  libshutdown2.o(.ARM.Collect$$libshutdown$$0000000A)
    __rt_lib_shutdown_stdio_1                0x080001cb   Thumb Code     0  libshutdown2.o(.ARM.Collect$$libshutdown$$00000004)
    __rt_lib_shutdown_user_alloc_1           0x080001cb   Thumb Code     0  libshutdown2.o(.ARM.Collect$$libshutdown$$0000000C)
    __rt_entry                               0x080001cd   Thumb Code     0  __rtentry.o(.ARM.Collect$$rtentry$$00000000)
    __rt_entry_presh_1                       0x080001cd   Thumb Code     0  __rtentry2.o(.ARM.Collect$$rtentry$$00000002)
    __rt_entry_sh                            0x080001cd   Thumb Code     0  __rtentry4.o(.ARM.Collect$$rtentry$$00000004)
    __rt_entry_li                            0x080001d3   Thumb Code     0  __rtentry2.o(.ARM.Collect$$rtentry$$0000000A)
    __rt_entry_postsh_1                      0x080001d3   Thumb Code     0  __rtentry2.o(.ARM.Collect$$rtentry$$00000009)
    __rt_entry_main                          0x080001d7   Thumb Code     0  __rtentry2.o(.ARM.Collect$$rtentry$$0000000D)
    __rt_entry_postli_1                      0x080001d7   Thumb Code     0  __rtentry2.o(.ARM.Collect$$rtentry$$0000000C)
    __rt_exit                                0x080001df   Thumb Code     0  rtexit.o(.ARM.Collect$$rtexit$$00000000)
    __rt_exit_ls                             0x080001e1   Thumb Code     0  rtexit2.o(.ARM.Collect$$rtexit$$00000003)
    __rt_exit_prels_1                        0x080001e1   Thumb Code     0  rtexit2.o(.ARM.Collect$$rtexit$$00000002)
    __rt_exit_exit                           0x080001e5   Thumb Code     0  rtexit2.o(.ARM.Collect$$rtexit$$00000004)
    rand                                     0x080001ed   Thumb Code    48  rand.o(.emb_text)
    Reset_Handler                            0x08000221   Thumb Code     8  startup_stm32f103xe.o(.text)
    ADC1_2_IRQHandler                        0x0800023b   Thumb Code     0  startup_stm32f103xe.o(.text)
    ADC3_IRQHandler                          0x0800023b   Thumb Code     0  startup_stm32f103xe.o(.text)
    CAN1_RX1_IRQHandler                      0x0800023b   Thumb Code     0  startup_stm32f103xe.o(.text)
    CAN1_SCE_IRQHandler                      0x0800023b   Thumb Code     0  startup_stm32f103xe.o(.text)
    DMA1_Channel1_IRQHandler                 0x0800023b   Thumb Code     0  startup_stm32f103xe.o(.text)
    DMA2_Channel1_IRQHandler                 0x0800023b   Thumb Code     0  startup_stm32f103xe.o(.text)
    DMA2_Channel2_IRQHandler                 0x0800023b   Thumb Code     0  startup_stm32f103xe.o(.text)
    DMA2_Channel3_IRQHandler                 0x0800023b   Thumb Code     0  startup_stm32f103xe.o(.text)
    DMA2_Channel4_5_IRQHandler               0x0800023b   Thumb Code     0  startup_stm32f103xe.o(.text)
    EXTI0_IRQHandler                         0x0800023b   Thumb Code     0  startup_stm32f103xe.o(.text)
    EXTI15_10_IRQHandler                     0x0800023b   Thumb Code     0  startup_stm32f103xe.o(.text)
    EXTI1_IRQHandler                         0x0800023b   Thumb Code     0  startup_stm32f103xe.o(.text)
    EXTI2_IRQHandler                         0x0800023b   Thumb Code     0  startup_stm32f103xe.o(.text)
    EXTI3_IRQHandler                         0x0800023b   Thumb Code     0  startup_stm32f103xe.o(.text)
    EXTI4_IRQHandler                         0x0800023b   Thumb Code     0  startup_stm32f103xe.o(.text)
    EXTI9_5_IRQHandler                       0x0800023b   Thumb Code     0  startup_stm32f103xe.o(.text)
    FLASH_IRQHandler                         0x0800023b   Thumb Code     0  startup_stm32f103xe.o(.text)
    FSMC_IRQHandler                          0x0800023b   Thumb Code     0  startup_stm32f103xe.o(.text)
    I2C1_ER_IRQHandler                       0x0800023b   Thumb Code     0  startup_stm32f103xe.o(.text)
    I2C1_EV_IRQHandler                       0x0800023b   Thumb Code     0  startup_stm32f103xe.o(.text)
    I2C2_ER_IRQHandler                       0x0800023b   Thumb Code     0  startup_stm32f103xe.o(.text)
    I2C2_EV_IRQHandler                       0x0800023b   Thumb Code     0  startup_stm32f103xe.o(.text)
    PVD_IRQHandler                           0x0800023b   Thumb Code     0  startup_stm32f103xe.o(.text)
    RCC_IRQHandler                           0x0800023b   Thumb Code     0  startup_stm32f103xe.o(.text)
    RTC_IRQHandler                           0x0800023b   Thumb Code     0  startup_stm32f103xe.o(.text)
    SDIO_IRQHandler                          0x0800023b   Thumb Code     0  startup_stm32f103xe.o(.text)
    SPI1_IRQHandler                          0x0800023b   Thumb Code     0  startup_stm32f103xe.o(.text)
    SPI2_IRQHandler                          0x0800023b   Thumb Code     0  startup_stm32f103xe.o(.text)
    SPI3_IRQHandler                          0x0800023b   Thumb Code     0  startup_stm32f103xe.o(.text)
    TAMPER_IRQHandler                        0x0800023b   Thumb Code     0  startup_stm32f103xe.o(.text)
    TIM1_BRK_IRQHandler                      0x0800023b   Thumb Code     0  startup_stm32f103xe.o(.text)
    TIM1_CC_IRQHandler                       0x0800023b   Thumb Code     0  startup_stm32f103xe.o(.text)
    TIM1_TRG_COM_IRQHandler                  0x0800023b   Thumb Code     0  startup_stm32f103xe.o(.text)
    TIM2_IRQHandler                          0x0800023b   Thumb Code     0  startup_stm32f103xe.o(.text)
    TIM3_IRQHandler                          0x0800023b   Thumb Code     0  startup_stm32f103xe.o(.text)
    TIM4_IRQHandler                          0x0800023b   Thumb Code     0  startup_stm32f103xe.o(.text)
    TIM5_IRQHandler                          0x0800023b   Thumb Code     0  startup_stm32f103xe.o(.text)
    TIM6_IRQHandler                          0x0800023b   Thumb Code     0  startup_stm32f103xe.o(.text)
    TIM7_IRQHandler                          0x0800023b   Thumb Code     0  startup_stm32f103xe.o(.text)
    TIM8_BRK_IRQHandler                      0x0800023b   Thumb Code     0  startup_stm32f103xe.o(.text)
    TIM8_CC_IRQHandler                       0x0800023b   Thumb Code     0  startup_stm32f103xe.o(.text)
    TIM8_TRG_COM_IRQHandler                  0x0800023b   Thumb Code     0  startup_stm32f103xe.o(.text)
    TIM8_UP_IRQHandler                       0x0800023b   Thumb Code     0  startup_stm32f103xe.o(.text)
    UART4_IRQHandler                         0x0800023b   Thumb Code     0  startup_stm32f103xe.o(.text)
    UART5_IRQHandler                         0x0800023b   Thumb Code     0  startup_stm32f103xe.o(.text)
    USBWakeUp_IRQHandler                     0x0800023b   Thumb Code     0  startup_stm32f103xe.o(.text)
    USB_HP_CAN1_TX_IRQHandler                0x0800023b   Thumb Code     0  startup_stm32f103xe.o(.text)
    USB_LP_CAN1_RX0_IRQHandler               0x0800023b   Thumb Code     0  startup_stm32f103xe.o(.text)
    WWDG_IRQHandler                          0x0800023b   Thumb Code     0  startup_stm32f103xe.o(.text)
    __user_initial_stackheap                 0x0800023d   Thumb Code     0  startup_stm32f103xe.o(.text)
    __aeabi_llsl                             0x08000261   Thumb Code     0  llshl.o(.text)
    _ll_shift_l                              0x08000261   Thumb Code    38  llshl.o(.text)
    __aeabi_lasr                             0x08000287   Thumb Code     0  llsshr.o(.text)
    _ll_sshift_r                             0x08000287   Thumb Code    38  llsshr.o(.text)
    __aeabi_ldivmod                          0x080002ad   Thumb Code     0  llsdiv.o(.text)
    _ll_sdiv                                 0x080002ad   Thumb Code    72  llsdiv.o(.text)
    __2printf                                0x080002f5   Thumb Code    20  noretval__2printf.o(.text)
    __2sprintf                               0x0800030d   Thumb Code    34  noretval__2sprintf.o(.text)
    _printf_pre_padding                      0x08000335   Thumb Code    44  _printf_pad.o(.text)
    _printf_post_padding                     0x08000361   Thumb Code    34  _printf_pad.o(.text)
    _printf_str                              0x08000383   Thumb Code    82  _printf_str.o(.text)
    _printf_int_dec                          0x080003d5   Thumb Code   104  _printf_dec.o(.text)
    _printf_int_hex                          0x0800044d   Thumb Code    84  _printf_hex_int.o(.text)
    _printf_longlong_hex                     0x0800044d   Thumb Code     0  _printf_hex_int.o(.text)
    __printf                                 0x080004a5   Thumb Code   308  __printf_flags_wp.o(.text)
    srand                                    0x080005dd   Thumb Code    42  rand.o(.text)
    _rand_init                               0x08000607   Thumb Code     4  rand.o(.text)
    abort                                    0x08000619   Thumb Code    22  abort.o(.text)
    __aeabi_memcpy                           0x0800062f   Thumb Code     0  rt_memcpy_v6.o(.text)
    __rt_memcpy                              0x0800062f   Thumb Code   138  rt_memcpy_v6.o(.text)
    _memcpy_lastbytes                        0x08000695   Thumb Code     0  rt_memcpy_v6.o(.text)
    __aeabi_memcpy4                          0x080006b9   Thumb Code     0  rt_memcpy_w.o(.text)
    __aeabi_memcpy8                          0x080006b9   Thumb Code     0  rt_memcpy_w.o(.text)
    __rt_memcpy_w                            0x080006b9   Thumb Code   100  rt_memcpy_w.o(.text)
    _memcpy_lastbytes_aligned                0x08000701   Thumb Code     0  rt_memcpy_w.o(.text)
    __aeabi_memclr4                          0x0800071d   Thumb Code     0  rt_memclr_w.o(.text)
    __aeabi_memclr8                          0x0800071d   Thumb Code     0  rt_memclr_w.o(.text)
    __rt_memclr_w                            0x0800071d   Thumb Code    78  rt_memclr_w.o(.text)
    _memset_w                                0x08000721   Thumb Code     0  rt_memclr_w.o(.text)
    __use_two_region_memory                  0x0800076b   Thumb Code     2  heapauxi.o(.text)
    __rt_heap_escrow$2region                 0x0800076d   Thumb Code     2  heapauxi.o(.text)
    __rt_heap_expand$2region                 0x0800076f   Thumb Code     2  heapauxi.o(.text)
    _sys_exit                                0x08000771   Thumb Code     8  sys_exit.o(.text)
    __aeabi_uldivmod                         0x0800077d   Thumb Code     0  lludivv7m.o(.text)
    _ll_udiv                                 0x0800077d   Thumb Code   238  lludivv7m.o(.text)
    _printf_int_common                       0x0800086b   Thumb Code   178  _printf_intcommon.o(.text)
    _printf_char_common                      0x08000927   Thumb Code    32  _printf_char_common.o(.text)
    _sputc                                   0x0800094d   Thumb Code    10  _sputc.o(.text)
    _printf_cs_common                        0x08000957   Thumb Code    20  _printf_char.o(.text)
    _printf_char                             0x0800096b   Thumb Code    16  _printf_char.o(.text)
    _printf_string                           0x0800097b   Thumb Code     8  _printf_char.o(.text)
    _printf_char_file                        0x08000985   Thumb Code    32  _printf_char_file.o(.text)
    __rt_SIGABRT                             0x080009a9   Thumb Code    14  defsig_abrt_outer.o(.text)
    __I$use$semihosting                      0x080009b7   Thumb Code     0  use_no_semi.o(.text)
    __use_no_semihosting_swi                 0x080009b7   Thumb Code     2  use_no_semi.o(.text)
    __semihosting_library_function           0x080009b9   Thumb Code     0  indicate_semi.o(.text)
    ferror                                   0x080009b9   Thumb Code     8  ferror.o(.text)
    __sig_exit                               0x080009c1   Thumb Code    10  defsig_exit.o(.text)
    __rt_SIGABRT_inner                       0x080009cd   Thumb Code    14  defsig_abrt_inner.o(.text)
    __user_setup_stackheap                   0x080009fd   Thumb Code    74  sys_stackheap_outer.o(.text)
    exit                                     0x08000a47   Thumb Code    18  exit.o(.text)
    __default_signal_display                 0x08000a59   Thumb Code    50  defsig_general.o(.text)
    _ttywrch                                 0x08000a8b   Thumb Code    14  sys_wrch.o(.text)
    __user_libspace                          0x08000a99   Thumb Code     8  libspace.o(.text)
    __user_perproc_libspace                  0x08000a99   Thumb Code     0  libspace.o(.text)
    __user_perthread_libspace                0x08000a99   Thumb Code     0  libspace.o(.text)
    BusFault_Handler                         0x08000aa1   Thumb Code     2  stm32f1xx_it.o(i.BusFault_Handler)
    CompileSSPCommand                        0x08000aa5   Thumb Code   232  sspcoms.o(i.CompileSSPCommand)
    CreateHostInterKey                       0x08000b95   Thumb Code    68  itlsspproc.o(i.CreateHostInterKey)
    CreateSSPHostEncryptionKey               0x08000bd9   Thumb Code    32  itlsspproc.o(i.CreateSSPHostEncryptionKey)
    DMA1_Channel2_IRQHandler                 0x08000bf9   Thumb Code     6  stm32f1xx_it.o(i.DMA1_Channel2_IRQHandler)
    DMA1_Channel3_IRQHandler                 0x08000c05   Thumb Code     6  stm32f1xx_it.o(i.DMA1_Channel3_IRQHandler)
    DMA1_Channel4_IRQHandler                 0x08000c11   Thumb Code     6  stm32f1xx_it.o(i.DMA1_Channel4_IRQHandler)
    DMA1_Channel5_IRQHandler                 0x08000c1d   Thumb Code     6  stm32f1xx_it.o(i.DMA1_Channel5_IRQHandler)
    DMA1_Channel6_IRQHandler                 0x08000c29   Thumb Code     6  stm32f1xx_it.o(i.DMA1_Channel6_IRQHandler)
    DMA1_Channel7_IRQHandler                 0x08000c35   Thumb Code     6  stm32f1xx_it.o(i.DMA1_Channel7_IRQHandler)
    DebugMon_Handler                         0x08000c6b   Thumb Code     2  stm32f1xx_it.o(i.DebugMon_Handler)
    DecryptSSPPacket                         0x08000c6d   Thumb Code    38  itlsspproc.o(i.DecryptSSPPacket)
    EncryptSSPPacket                         0x08000c95   Thumb Code   220  itlsspproc.o(i.EncryptSSPPacket)
    Error_Handler                            0x08000d75   Thumb Code     4  main.o(i.Error_Handler)
    GLcd_ClearScreen                         0x08000d93   Thumb Code    18  glcd.o(i.GLcd_ClearScreen)
    GLcd_DrawChar                            0x08000da5   Thumb Code   144  glcd.o(i.GLcd_DrawChar)
    GLcd_DrawPoint                           0x08000e39   Thumb Code    56  glcd.o(i.GLcd_DrawPoint)
    GLcd_DrawString                          0x08000e75   Thumb Code    60  glcd.o(i.GLcd_DrawString)
    GLcd_FillRect                            0x08000eb5   Thumb Code    56  glcd.o(i.GLcd_FillRect)
    GLcd_Flush                               0x08000eed   Thumb Code    60  glcd.o(i.GLcd_Flush)
    GLcd_Init                                0x08000f2d   Thumb Code   158  glcd.o(i.GLcd_Init)
    GeneratePrime                            0x08000fd5   Thumb Code    74  random.o(i.GeneratePrime)
    GenerateRandomNumber                     0x08001021   Thumb Code     6  random.o(i.GenerateRandomNumber)
    HAL_DMA_Abort                            0x0800102d   Thumb Code    70  stm32f1xx_hal_dma.o(i.HAL_DMA_Abort)
    HAL_DMA_Abort_IT                         0x08001075   Thumb Code   296  stm32f1xx_hal_dma.o(i.HAL_DMA_Abort_IT)
    HAL_DMA_IRQHandler                       0x080011a5   Thumb Code   552  stm32f1xx_hal_dma.o(i.HAL_DMA_IRQHandler)
    HAL_DMA_Init                             0x080013ed   Thumb Code   112  stm32f1xx_hal_dma.o(i.HAL_DMA_Init)
    HAL_DMA_Start_IT                         0x08001469   Thumb Code   112  stm32f1xx_hal_dma.o(i.HAL_DMA_Start_IT)
    HAL_Delay                                0x080014d9   Thumb Code     8  stm32f1xx_hal.o(i.HAL_Delay)
    HAL_GPIO_Init                            0x080014e1   Thumb Code   462  stm32f1xx_hal_gpio.o(i.HAL_GPIO_Init)
    HAL_GPIO_TogglePin                       0x080016d9   Thumb Code    16  stm32f1xx_hal_gpio.o(i.HAL_GPIO_TogglePin)
    HAL_GPIO_WritePin                        0x080016e9   Thumb Code    10  stm32f1xx_hal_gpio.o(i.HAL_GPIO_WritePin)
    HAL_GetTick                              0x080016f5   Thumb Code     6  stm32f1xx_hal.o(i.HAL_GetTick)
    HAL_IncTick                              0x08001701   Thumb Code    12  stm32f1xx_hal.o(i.HAL_IncTick)
    HAL_Init                                 0x08001711   Thumb Code    32  stm32f1xx_hal.o(i.HAL_Init)
    HAL_InitTick                             0x08001735   Thumb Code   302  stm32f1xx_hal_timebase_rtc_alarm_template.o(i.HAL_InitTick)
    HAL_MspInit                              0x0800187d   Thumb Code    52  stm32f1xx_hal_msp.o(i.HAL_MspInit)
    HAL_NVIC_EnableIRQ                       0x080018b9   Thumb Code    26  stm32f1xx_hal_cortex.o(i.HAL_NVIC_EnableIRQ)
    HAL_NVIC_SetPriority                     0x080018d5   Thumb Code    60  stm32f1xx_hal_cortex.o(i.HAL_NVIC_SetPriority)
    HAL_NVIC_SetPriorityGrouping             0x08001915   Thumb Code    26  stm32f1xx_hal_cortex.o(i.HAL_NVIC_SetPriorityGrouping)
    HAL_RCCEx_GetPeriphCLKFreq               0x08001939   Thumb Code   166  stm32f1xx_hal_rcc_ex.o(i.HAL_RCCEx_GetPeriphCLKFreq)
    HAL_RCCEx_PeriphCLKConfig                0x080019f1   Thumb Code   224  stm32f1xx_hal_rcc_ex.o(i.HAL_RCCEx_PeriphCLKConfig)
    HAL_RCC_ClockConfig                      0x08001add   Thumb Code   280  stm32f1xx_hal_rcc.o(i.HAL_RCC_ClockConfig)
    HAL_RCC_GetPCLK1Freq                     0x08001c09   Thumb Code    20  stm32f1xx_hal_rcc.o(i.HAL_RCC_GetPCLK1Freq)
    HAL_RCC_GetPCLK2Freq                     0x08001c29   Thumb Code    20  stm32f1xx_hal_rcc.o(i.HAL_RCC_GetPCLK2Freq)
    HAL_RCC_GetSysClockFreq                  0x08001c49   Thumb Code    58  stm32f1xx_hal_rcc.o(i.HAL_RCC_GetSysClockFreq)
    HAL_RCC_OscConfig                        0x08001c95   Thumb Code   778  stm32f1xx_hal_rcc.o(i.HAL_RCC_OscConfig)
    HAL_RTC_AlarmAEventCallback              0x08001fb5   Thumb Code    82  stm32f1xx_hal_timebase_rtc_alarm_template.o(i.HAL_RTC_AlarmAEventCallback)
    HAL_RTC_AlarmIRQHandler                  0x0800200d   Thumb Code    48  stm32f1xx_hal_rtc.o(i.HAL_RTC_AlarmIRQHandler)
    HAL_RTC_GetDate                          0x08002041   Thumb Code    78  stm32f1xx_hal_rtc.o(i.HAL_RTC_GetDate)
    HAL_RTC_GetTime                          0x0800208f   Thumb Code   216  stm32f1xx_hal_rtc.o(i.HAL_RTC_GetTime)
    HAL_RTC_Init                             0x08002169   Thumb Code   144  stm32f1xx_hal_rtc.o(i.HAL_RTC_Init)
    HAL_RTC_MspInit                          0x080021fd   Thumb Code     2  stm32f1xx_hal_rtc.o(i.HAL_RTC_MspInit)
    HAL_RTC_SetDate                          0x08002201   Thumb Code   192  stm32f1xx_hal_rtc.o(i.HAL_RTC_SetDate)
    HAL_RTC_SetTime                          0x080022c5   Thumb Code   168  stm32f1xx_hal_rtc.o(i.HAL_RTC_SetTime)
    HAL_RTC_WaitForSynchro                   0x08002371   Thumb Code    58  stm32f1xx_hal_rtc.o(i.HAL_RTC_WaitForSynchro)
    HAL_TIMEx_BreakCallback                  0x080023ab   Thumb Code     2  stm32f1xx_hal_tim_ex.o(i.HAL_TIMEx_BreakCallback)
    HAL_TIMEx_CommutCallback                 0x080023ad   Thumb Code     2  stm32f1xx_hal_tim_ex.o(i.HAL_TIMEx_CommutCallback)
    HAL_TIMEx_MasterConfigSynchronization    0x080023b1   Thumb Code   104  stm32f1xx_hal_tim_ex.o(i.HAL_TIMEx_MasterConfigSynchronization)
    HAL_TIM_Base_Init                        0x0800242d   Thumb Code    90  stm32f1xx_hal_tim.o(i.HAL_TIM_Base_Init)
    HAL_TIM_Base_MspInit                     0x08002489   Thumb Code    72  stm32f1xx_hal_msp.o(i.HAL_TIM_Base_MspInit)
    HAL_TIM_Base_Start_IT                    0x080024dd   Thumb Code    88  stm32f1xx_hal_tim.o(i.HAL_TIM_Base_Start_IT)
    HAL_TIM_ConfigClockSource                0x08002549   Thumb Code   220  stm32f1xx_hal_tim.o(i.HAL_TIM_ConfigClockSource)
    HAL_TIM_IC_CaptureCallback               0x08002625   Thumb Code     2  stm32f1xx_hal_tim.o(i.HAL_TIM_IC_CaptureCallback)
    HAL_TIM_IRQHandler                       0x08002627   Thumb Code   304  stm32f1xx_hal_tim.o(i.HAL_TIM_IRQHandler)
    HAL_TIM_OC_DelayElapsedCallback          0x08002757   Thumb Code     2  stm32f1xx_hal_tim.o(i.HAL_TIM_OC_DelayElapsedCallback)
    HAL_TIM_PWM_PulseFinishedCallback        0x08002759   Thumb Code     2  stm32f1xx_hal_tim.o(i.HAL_TIM_PWM_PulseFinishedCallback)
    HAL_TIM_PeriodElapsedCallback            0x0800275d   Thumb Code    20  main.o(i.HAL_TIM_PeriodElapsedCallback)
    HAL_TIM_TriggerCallback                  0x08002779   Thumb Code     2  stm32f1xx_hal_tim.o(i.HAL_TIM_TriggerCallback)
    HAL_UARTEx_ReceiveToIdle_DMA             0x0800277b   Thumb Code    78  stm32f1xx_hal_uart.o(i.HAL_UARTEx_ReceiveToIdle_DMA)
    HAL_UARTEx_RxEventCallback               0x080027c9   Thumb Code   102  serialfunc.o(i.HAL_UARTEx_RxEventCallback)
    HAL_UART_ErrorCallback                   0x08002851   Thumb Code     2  stm32f1xx_hal_uart.o(i.HAL_UART_ErrorCallback)
    HAL_UART_IRQHandler                      0x08002855   Thumb Code   616  stm32f1xx_hal_uart.o(i.HAL_UART_IRQHandler)
    HAL_UART_Init                            0x08002ac1   Thumb Code   100  stm32f1xx_hal_uart.o(i.HAL_UART_Init)
    HAL_UART_MspInit                         0x08002b25   Thumb Code   604  stm32f1xx_hal_msp.o(i.HAL_UART_MspInit)
    HAL_UART_RxCpltCallback                  0x08002db5   Thumb Code     2  serialfunc.o(i.HAL_UART_RxCpltCallback)
    HAL_UART_RxHalfCpltCallback              0x08002db7   Thumb Code     2  serialfunc.o(i.HAL_UART_RxHalfCpltCallback)
    HAL_UART_Transmit                        0x08002db9   Thumb Code   160  stm32f1xx_hal_uart.o(i.HAL_UART_Transmit)
    HAL_UART_Transmit_DMA                    0x08002e59   Thumb Code   106  stm32f1xx_hal_uart.o(i.HAL_UART_Transmit_DMA)
    HAL_UART_TxCpltCallback                  0x08002ed1   Thumb Code    20  serialfunc.o(i.HAL_UART_TxCpltCallback)
    HAL_UART_TxHalfCpltCallback              0x08002eed   Thumb Code     2  stm32f1xx_hal_uart.o(i.HAL_UART_TxHalfCpltCallback)
    HardFault_Handler                        0x08002eef   Thumb Code     2  stm32f1xx_it.o(i.HardFault_Handler)
    ITLSSP_Init                              0x08002ef1   Thumb Code    30  itlsspproc.o(i.ITLSSP_Init)
    InitiateSSPHostKeys                      0x08002f15   Thumb Code    44  itlsspproc.o(i.InitiateSSPHostKeys)
    IsItPrime                                0x08002f45   Thumb Code    40  random.o(i.IsItPrime)
    MemManage_Handler                        0x08003285   Thumb Code     2  stm32f1xx_it.o(i.MemManage_Handler)
    MillerRabin                              0x08003287   Thumb Code    78  random.o(i.MillerRabin)
    NMI_Handler                              0x080032d5   Thumb Code     2  stm32f1xx_it.o(i.NMI_Handler)
    NV11_Disable                             0x080032d9   Thumb Code    40  nv11.o(i.NV11_Disable)
    NV11_DisplayOn                           0x08003345   Thumb Code    16  nv11.o(i.NV11_DisplayOn)
    NV11_GetTotalCashInNoteFloat             0x0800335d   Thumb Code    72  nv11.o(i.NV11_GetTotalCashInNoteFloat)
    NV11_Init                                0x080033b1   Thumb Code   866  nv11.o(i.NV11_Init)
    NV11_PayoutNote                          0x08003a0d   Thumb Code   158  nv11.o(i.NV11_PayoutNote)
    NV11_Process                             0x08003b99   Thumb Code   314  nv11.o(i.NV11_Process)
    NV11_SetDenominationForChange            0x08003e1d   Thumb Code    48  nv11.o(i.NV11_SetDenominationForChange)
    NegotiateSSPEncryption                   0x08003ea5   Thumb Code   320  itlsspproc.o(i.NegotiateSSPEncryption)
    PendSV_Handler                           0x08003fe5   Thumb Code     2  stm32f1xx_it.o(i.PendSV_Handler)
    RTC_Alarm_IRQHandler                     0x08003fe9   Thumb Code     6  stm32f1xx_hal_timebase_rtc_alarm_template.o(i.RTC_Alarm_IRQHandler)
    SSPDataIn                                0x0800420b   Thumb Code   208  sspcoms.o(i.SSPDataIn)
    SSPSendCommand                           0x080042dd   Thumb Code   458  sspcoms.o(i.SSPSendCommand)
    SVC_Handler                              0x080044bd   Thumb Code     2  stm32f1xx_it.o(i.SVC_Handler)
    SysTick_Handler                          0x080044bf   Thumb Code     4  stm32f1xx_it.o(i.SysTick_Handler)
    SystemClock_Config                       0x080044c3   Thumb Code   112  main.o(i.SystemClock_Config)
    SystemInit                               0x08004533   Thumb Code     2  system_stm32f1xx.o(i.SystemInit)
    TIM1_UP_IRQHandler                       0x08004535   Thumb Code     6  stm32f1xx_it.o(i.TIM1_UP_IRQHandler)
    TIM_Base_SetConfig                       0x08004541   Thumb Code   134  stm32f1xx_hal_tim.o(i.TIM_Base_SetConfig)
    TIM_ETR_SetConfig                        0x080045dd   Thumb Code    20  stm32f1xx_hal_tim.o(i.TIM_ETR_SetConfig)
    UART_Start_Receive_DMA                   0x08004975   Thumb Code   130  stm32f1xx_hal_uart.o(i.UART_Start_Receive_DMA)
    USART1_IRQHandler                        0x08004a79   Thumb Code     6  stm32f1xx_it.o(i.USART1_IRQHandler)
    USART2_IRQHandler                        0x08004a85   Thumb Code     6  stm32f1xx_it.o(i.USART2_IRQHandler)
    USART3_IRQHandler                        0x08004a91   Thumb Code     6  stm32f1xx_it.o(i.USART3_IRQHandler)
    UsageFault_Handler                       0x08004a9d   Thumb Code     2  stm32f1xx_it.o(i.UsageFault_Handler)
    XpowYmodN                                0x08004aa1   Thumb Code   124  random.o(i.XpowYmodN)
    _is_digit                                0x08004b3d   Thumb Code    14  __printf_wp.o(i._is_digit)
    aes_decrypt                              0x08004b5f   Thumb Code    84  encryption.o(i.aes_decrypt)
    aes_encrypt                              0x08004e2d   Thumb Code    84  encryption.o(i.aes_encrypt)
    cal_crc_loop_CCITT_A                     0x0800519d   Thumb Code    52  encryption.o(i.cal_crc_loop_CCITT_A)
    display_payout_countdown                 0x080051e3   Thumb Code     2  nv11.o(i.display_payout_countdown)
    forward_s_box_compute                    0x08005247   Thumb Code    34  encryption.o(i.forward_s_box_compute)
    fputc                                    0x08005269   Thumb Code    20  main.o(i.fputc)
    glcd_lcd_write_pin                       0x08005281   Thumb Code    44  glcd.o(i.glcd_lcd_write_pin)
    inverse_s_box_compute                    0x08005385   Thumb Code    24  encryption.o(i.inverse_s_box_compute)
    lwrb_get_free                            0x0800539d   Thumb Code    56  lwrb.o(i.lwrb_get_free)
    lwrb_get_full                            0x080053d5   Thumb Code    56  lwrb.o(i.lwrb_get_full)
    lwrb_init                                0x0800540d   Thumb Code    32  lwrb.o(i.lwrb_init)
    lwrb_read                                0x0800542d   Thumb Code   126  lwrb.o(i.lwrb_read)
    lwrb_reset                               0x080054ab   Thumb Code    36  lwrb.o(i.lwrb_reset)
    lwrb_write                               0x080054cf   Thumb Code   126  lwrb.o(i.lwrb_write)
    main                                     0x0800554d   Thumb Code   444  main.o(i.main)
    mem_copy                                 0x080057fd   Thumb Code    14  encryption.o(i.mem_copy)
    negotiate_ssp_encryption                 0x0800580b   Thumb Code    12  ssp_helpers.o(i.negotiate_ssp_encryption)
    nv11_enable                              0x08005819   Thumb Code    40  nv11.o(i.nv11_enable)
    nv11_reset                               0x0800588d   Thumb Code    36  nv11.o(i.nv11_reset)
    send_ssp_command                         0x08006095   Thumb Code    10  ssp_helpers.o(i.send_ssp_command)
    ssp6_check_note_level                    0x080060cf   Thumb Code    86  ssp_helpers.o(i.ssp6_check_note_level)
    ssp6_disable                             0x08006125   Thumb Code    12  ssp_helpers.o(i.ssp6_disable)
    ssp6_display_on                          0x08006131   Thumb Code    12  ssp_helpers.o(i.ssp6_display_on)
    ssp6_enable                              0x0800613d   Thumb Code    12  ssp_helpers.o(i.ssp6_enable)
    ssp6_enable_payout                       0x08006149   Thumb Code    24  ssp_helpers.o(i.ssp6_enable_payout)
    ssp6_get_stored_notes                    0x08006161   Thumb Code    46  ssp_helpers.o(i.ssp6_get_stored_notes)
    ssp6_hold                                0x0800618f   Thumb Code    12  ssp_helpers.o(i.ssp6_hold)
    ssp6_host_protocol                       0x0800619b   Thumb Code    14  ssp_helpers.o(i.ssp6_host_protocol)
    ssp6_payout_note                         0x080061a9   Thumb Code    12  ssp_helpers.o(i.ssp6_payout_note)
    ssp6_poll                                0x080061b5   Thumb Code   694  ssp_helpers.o(i.ssp6_poll)
    ssp6_reset                               0x0800646b   Thumb Code    10  ssp_helpers.o(i.ssp6_reset)
    ssp6_run_calibration                     0x08006475   Thumb Code    12  ssp_helpers.o(i.ssp6_run_calibration)
    ssp6_set_coinmech_inhibits               0x08006481   Thumb Code    42  ssp_helpers.o(i.ssp6_set_coinmech_inhibits)
    ssp6_set_inhibits                        0x080064ab   Thumb Code    16  ssp_helpers.o(i.ssp6_set_inhibits)
    ssp6_set_route                           0x080064bb   Thumb Code    52  ssp_helpers.o(i.ssp6_set_route)
    ssp6_setup_encryption                    0x080064ef   Thumb Code    28  ssp_helpers.o(i.ssp6_setup_encryption)
    ssp6_setup_request                       0x0800650d   Thumb Code   436  ssp_helpers.o(i.ssp6_setup_request)
    ssp6_sync                                0x080066c1   Thumb Code    12  ssp_helpers.o(i.ssp6_sync)
    ssp_serial_deinitialize                  0x080066cd   Thumb Code     6  serialfunc.o(i.ssp_serial_deinitialize)
    ssp_serial_flush                         0x080066d9   Thumb Code     6  serialfunc.o(i.ssp_serial_flush)
    ssp_serial_initialize                    0x080066e5   Thumb Code    42  serialfunc.o(i.ssp_serial_initialize)
    ssp_serial_read                          0x08006721   Thumb Code    10  serialfunc.o(i.ssp_serial_read)
    ssp_serial_rx_availble                   0x08006731   Thumb Code    16  serialfunc.o(i.ssp_serial_rx_availble)
    ssp_serial_write_data                    0x08006749   Thumb Code    10  serialfunc.o(i.ssp_serial_write_data)
    vdm_NV11_Init                            0x08006759   Thumb Code   384  nv11.o(i.vdm_NV11_Init)
    vdm_NV11_Process                         0x08006a9d   Thumb Code   130  nv11.o(i.vdm_NV11_Process)
    vdm_device_config_lock_resource          0x08006bb9   Thumb Code     4  vdm_device_config.o(i.vdm_device_config_lock_resource)
    vdm_device_config_unlock_resource        0x08006bbd   Thumb Code     2  vdm_device_config.o(i.vdm_device_config_unlock_resource)
    vdm_get_device_config                    0x08006bc1   Thumb Code     4  vdm_device_config.o(i.vdm_get_device_config)
    AHBPrescTable                            0x080071dc   Data          16  system_stm32f1xx.o(.constdata)
    APBPrescTable                            0x080071ec   Data           8  system_stm32f1xx.o(.constdata)
    g_font6x8                                0x08007215   Data         768  glcd_font.o(.constdata)
    Region$$Table$$Base                      0x08007550   Number         0  anon$$obj.o(Region$$Table)
    Region$$Table$$Limit                     0x08007570   Number         0  anon$$obj.o(Region$$Table)
    tim1_cnt                                 0x20000000   Data           2  main.o(.data)
    rx1_cnt                                  0x20000002   Data           1  main.o(.data)
    rx1_size                                 0x20000003   Data           1  main.o(.data)
    __stdout                                 0x20000004   Data           4  main.o(.data)
    uwTickFreq                               0x20000008   Data           1  stm32f1xx_hal.o(.data)
    uwTickPrio                               0x2000000c   Data           4  stm32f1xx_hal.o(.data)
    uwTick                                   0x20000010   Data           4  stm32f1xx_hal.o(.data)
    SystemCoreClock                          0x20000014   Data           4  system_stm32f1xx.o(.data)
    font6x8                                  0x2000007c   Data          12  glcd_font.o(.data)
    rx1_buffer                               0x20000088   Data         256  main.o(.bss)
    htim1                                    0x20000188   Data          72  main.o(.bss)
    htim3                                    0x200001d0   Data          72  main.o(.bss)
    huart1                                   0x20000218   Data          72  main.o(.bss)
    huart2                                   0x20000260   Data          72  main.o(.bss)
    huart3                                   0x200002a8   Data          72  main.o(.bss)
    hrtc                                     0x200002f0   Data          20  main.o(.bss)
    hdma_usart1_rx                           0x20000304   Data          68  main.o(.bss)
    hdma_usart1_tx                           0x20000348   Data          68  main.o(.bss)
    hdma_usart2_rx                           0x2000038c   Data          68  main.o(.bss)
    hdma_usart2_tx                           0x200003d0   Data          68  main.o(.bss)
    hdma_usart3_rx                           0x20000414   Data          68  main.o(.bss)
    hdma_usart3_tx                           0x20000458   Data          68  main.o(.bss)
    hRTC_Handle                              0x2000049c   Data          20  stm32f1xx_hal_timebase_rtc_alarm_template.o(.bss)
    encPktCount                              0x20000830   Data         800  itlsspproc.o(.bss)
    sspSeq                                   0x20000b50   Data         200  itlsspproc.o(.bss)
    m_ssp_rx_raw_buffer                      0x20000c2c   Data         512  serialfunc.o(.bss)
    m_ssp_rx_dma_buffer                      0x20000e2c   Data         256  serialfunc.o(.bss)
    m_compile_buffer                         0x20000f2c   Data         255  sspcoms.o(.bss)
    m_ssp_packet                             0x2000102b   Data         517  sspcoms.o(.bss)
    cmd_data                                 0x20001230   Data         255  sspcoms.o(.bss)
    m_device_config                          0x2000132f   Data        1084  vdm_device_config.o(.bss)
    _random_number_data                      0x20001b6c   Data         228  rand.o(.bss)
    __libspace_start                         0x20001c50   Data          96  libspace.o(.bss)
    __temporary_stack_top$libspace           0x20001cb0   Data           0  libspace.o(.bss)



==============================================================================

Memory Map of the image

  Image Entry point : 0x08000131

  Load Region LR_IROM1 (Base: 0x08000000, Size: 0x000075f8, Max: 0x00080000, ABSOLUTE)

    Execution Region ER_IROM1 (Exec base: 0x08000000, Load base: 0x08000000, Size: 0x00007570, Max: 0x00080000, ABSOLUTE)

    Exec Addr    Load Addr    Size         Type   Attr      Idx    E Section Name        Object

    0x08000000   0x08000000   0x00000130   Data   RO            3    RESET               startup_stm32f103xe.o
    0x08000130   0x08000130   0x00000008   Code   RO         4418  * !!!main             c_w.l(__main.o)
    0x08000138   0x08000138   0x00000034   Code   RO         4608    !!!scatter          c_w.l(__scatter.o)
    0x0800016c   0x0800016c   0x0000001a   Code   RO         4610    !!handler_copy      c_w.l(__scatter_copy.o)
    0x08000186   0x08000186   0x00000002   PAD
    0x08000188   0x08000188   0x0000001c   Code   RO         4612    !!handler_zi        c_w.l(__scatter_zi.o)
    0x080001a4   0x080001a4   0x00000000   Code   RO         4402    .ARM.Collect$$_printf_percent$$00000000  c_w.l(_printf_percent.o)
    0x080001a4   0x080001a4   0x00000006   Code   RO         4400    .ARM.Collect$$_printf_percent$$00000009  c_w.l(_printf_d.o)
    0x080001aa   0x080001aa   0x00000006   Code   RO         4401    .ARM.Collect$$_printf_percent$$0000000A  c_w.l(_printf_u.o)
    0x080001b0   0x080001b0   0x00000006   Code   RO         4399    .ARM.Collect$$_printf_percent$$0000000C  c_w.l(_printf_x.o)
    0x080001b6   0x080001b6   0x00000006   Code   RO         4398    .ARM.Collect$$_printf_percent$$00000014  c_w.l(_printf_s.o)
    0x080001bc   0x080001bc   0x00000004   Code   RO         4435    .ARM.Collect$$_printf_percent$$00000017  c_w.l(_printf_percent_end.o)
    0x080001c0   0x080001c0   0x00000002   Code   RO         4542    .ARM.Collect$$libinit$$00000000  c_w.l(libinit.o)
    0x080001c2   0x080001c2   0x00000000   Code   RO         4441    .ARM.Collect$$libinit$$00000002  c_w.l(libinit2.o)
    0x080001c2   0x080001c2   0x00000000   Code   RO         4443    .ARM.Collect$$libinit$$00000004  c_w.l(libinit2.o)
    0x080001c2   0x080001c2   0x00000000   Code   RO         4446    .ARM.Collect$$libinit$$0000000A  c_w.l(libinit2.o)
    0x080001c2   0x080001c2   0x00000000   Code   RO         4448    .ARM.Collect$$libinit$$0000000C  c_w.l(libinit2.o)
    0x080001c2   0x080001c2   0x00000004   Code   RO         4449    .ARM.Collect$$libinit$$0000000D  c_w.l(libinit2.o)
    0x080001c6   0x080001c6   0x00000000   Code   RO         4450    .ARM.Collect$$libinit$$0000000E  c_w.l(libinit2.o)
    0x080001c6   0x080001c6   0x00000000   Code   RO         4453    .ARM.Collect$$libinit$$00000011  c_w.l(libinit2.o)
    0x080001c6   0x080001c6   0x00000000   Code   RO         4455    .ARM.Collect$$libinit$$00000013  c_w.l(libinit2.o)
    0x080001c6   0x080001c6   0x00000000   Code   RO         4457    .ARM.Collect$$libinit$$00000015  c_w.l(libinit2.o)
    0x080001c6   0x080001c6   0x00000000   Code   RO         4459    .ARM.Collect$$libinit$$00000017  c_w.l(libinit2.o)
    0x080001c6   0x080001c6   0x00000000   Code   RO         4461    .ARM.Collect$$libinit$$00000019  c_w.l(libinit2.o)
    0x080001c6   0x080001c6   0x00000000   Code   RO         4463    .ARM.Collect$$libinit$$0000001B  c_w.l(libinit2.o)
    0x080001c6   0x080001c6   0x00000000   Code   RO         4465    .ARM.Collect$$libinit$$0000001D  c_w.l(libinit2.o)
    0x080001c6   0x080001c6   0x00000000   Code   RO         4467    .ARM.Collect$$libinit$$0000001F  c_w.l(libinit2.o)
    0x080001c6   0x080001c6   0x00000000   Code   RO         4469    .ARM.Collect$$libinit$$00000021  c_w.l(libinit2.o)
    0x080001c6   0x080001c6   0x00000000   Code   RO         4471    .ARM.Collect$$libinit$$00000023  c_w.l(libinit2.o)
    0x080001c6   0x080001c6   0x00000000   Code   RO         4473    .ARM.Collect$$libinit$$00000025  c_w.l(libinit2.o)
    0x080001c6   0x080001c6   0x00000000   Code   RO         4477    .ARM.Collect$$libinit$$0000002C  c_w.l(libinit2.o)
    0x080001c6   0x080001c6   0x00000000   Code   RO         4479    .ARM.Collect$$libinit$$0000002E  c_w.l(libinit2.o)
    0x080001c6   0x080001c6   0x00000000   Code   RO         4481    .ARM.Collect$$libinit$$00000030  c_w.l(libinit2.o)
    0x080001c6   0x080001c6   0x00000000   Code   RO         4483    .ARM.Collect$$libinit$$00000032  c_w.l(libinit2.o)
    0x080001c6   0x080001c6   0x00000002   Code   RO         4484    .ARM.Collect$$libinit$$00000033  c_w.l(libinit2.o)
    0x080001c8   0x080001c8   0x00000002   Code   RO         4589    .ARM.Collect$$libshutdown$$00000000  c_w.l(libshutdown.o)
    0x080001ca   0x080001ca   0x00000000   Code   RO         4591    .ARM.Collect$$libshutdown$$00000002  c_w.l(libshutdown2.o)
    0x080001ca   0x080001ca   0x00000000   Code   RO         4593    .ARM.Collect$$libshutdown$$00000004  c_w.l(libshutdown2.o)
    0x080001ca   0x080001ca   0x00000000   Code   RO         4596    .ARM.Collect$$libshutdown$$00000007  c_w.l(libshutdown2.o)
    0x080001ca   0x080001ca   0x00000000   Code   RO         4599    .ARM.Collect$$libshutdown$$0000000A  c_w.l(libshutdown2.o)
    0x080001ca   0x080001ca   0x00000000   Code   RO         4601    .ARM.Collect$$libshutdown$$0000000C  c_w.l(libshutdown2.o)
    0x080001ca   0x080001ca   0x00000000   Code   RO         4604    .ARM.Collect$$libshutdown$$0000000F  c_w.l(libshutdown2.o)
    0x080001ca   0x080001ca   0x00000002   Code   RO         4605    .ARM.Collect$$libshutdown$$00000010  c_w.l(libshutdown2.o)
    0x080001cc   0x080001cc   0x00000000   Code   RO         4422    .ARM.Collect$$rtentry$$00000000  c_w.l(__rtentry.o)
    0x080001cc   0x080001cc   0x00000000   Code   RO         4489    .ARM.Collect$$rtentry$$00000002  c_w.l(__rtentry2.o)
    0x080001cc   0x080001cc   0x00000006   Code   RO         4501    .ARM.Collect$$rtentry$$00000004  c_w.l(__rtentry4.o)
    0x080001d2   0x080001d2   0x00000000   Code   RO         4491    .ARM.Collect$$rtentry$$00000009  c_w.l(__rtentry2.o)
    0x080001d2   0x080001d2   0x00000004   Code   RO         4492    .ARM.Collect$$rtentry$$0000000A  c_w.l(__rtentry2.o)
    0x080001d6   0x080001d6   0x00000000   Code   RO         4494    .ARM.Collect$$rtentry$$0000000C  c_w.l(__rtentry2.o)
    0x080001d6   0x080001d6   0x00000008   Code   RO         4495    .ARM.Collect$$rtentry$$0000000D  c_w.l(__rtentry2.o)
    0x080001de   0x080001de   0x00000002   Code   RO         4550    .ARM.Collect$$rtexit$$00000000  c_w.l(rtexit.o)
    0x080001e0   0x080001e0   0x00000000   Code   RO         4565    .ARM.Collect$$rtexit$$00000002  c_w.l(rtexit2.o)
    0x080001e0   0x080001e0   0x00000004   Code   RO         4566    .ARM.Collect$$rtexit$$00000003  c_w.l(rtexit2.o)
    0x080001e4   0x080001e4   0x00000006   Code   RO         4567    .ARM.Collect$$rtexit$$00000004  c_w.l(rtexit2.o)
    0x080001ea   0x080001ea   0x00000002   PAD
    0x080001ec   0x080001ec   0x00000034   Code   RO         4403    .emb_text           c_w.l(rand.o)
    0x08000220   0x08000220   0x00000040   Code   RO            4    .text               startup_stm32f103xe.o
    0x08000260   0x08000260   0x00000026   Code   RO         4333    .text               c_w.l(llshl.o)
    0x08000286   0x08000286   0x00000026   Code   RO         4337    .text               c_w.l(llsshr.o)
    0x080002ac   0x080002ac   0x00000048   Code   RO         4339    .text               c_w.l(llsdiv.o)
    0x080002f4   0x080002f4   0x00000018   Code   RO         4345    .text               c_w.l(noretval__2printf.o)
    0x0800030c   0x0800030c   0x00000028   Code   RO         4347    .text               c_w.l(noretval__2sprintf.o)
    0x08000334   0x08000334   0x0000004e   Code   RO         4351    .text               c_w.l(_printf_pad.o)
    0x08000382   0x08000382   0x00000052   Code   RO         4353    .text               c_w.l(_printf_str.o)
    0x080003d4   0x080003d4   0x00000078   Code   RO         4355    .text               c_w.l(_printf_dec.o)
    0x0800044c   0x0800044c   0x00000058   Code   RO         4360    .text               c_w.l(_printf_hex_int.o)
    0x080004a4   0x080004a4   0x00000138   Code   RO         4390    .text               c_w.l(__printf_flags_wp.o)
    0x080005dc   0x080005dc   0x0000003c   Code   RO         4404    .text               c_w.l(rand.o)
    0x08000618   0x08000618   0x00000016   Code   RO         4408    .text               c_w.l(abort.o)
    0x0800062e   0x0800062e   0x0000008a   Code   RO         4410    .text               c_w.l(rt_memcpy_v6.o)
    0x080006b8   0x080006b8   0x00000064   Code   RO         4412    .text               c_w.l(rt_memcpy_w.o)
    0x0800071c   0x0800071c   0x0000004e   Code   RO         4414    .text               c_w.l(rt_memclr_w.o)
    0x0800076a   0x0800076a   0x00000006   Code   RO         4416    .text               c_w.l(heapauxi.o)
    0x08000770   0x08000770   0x0000000c   Code   RO         4420    .text               c_w.l(sys_exit.o)
    0x0800077c   0x0800077c   0x000000ee   Code   RO         4423    .text               c_w.l(lludivv7m.o)
    0x0800086a   0x0800086a   0x000000b2   Code   RO         4425    .text               c_w.l(_printf_intcommon.o)
    0x0800091c   0x0800091c   0x00000030   Code   RO         4427    .text               c_w.l(_printf_char_common.o)
    0x0800094c   0x0800094c   0x0000000a   Code   RO         4429    .text               c_w.l(_sputc.o)
    0x08000956   0x08000956   0x0000002c   Code   RO         4431    .text               c_w.l(_printf_char.o)
    0x08000982   0x08000982   0x00000002   PAD
    0x08000984   0x08000984   0x00000024   Code   RO         4433    .text               c_w.l(_printf_char_file.o)
    0x080009a8   0x080009a8   0x0000000e   Code   RO         4436    .text               c_w.l(defsig_abrt_outer.o)
    0x080009b6   0x080009b6   0x00000002   Code   RO         4485    .text               c_w.l(use_no_semi.o)
    0x080009b8   0x080009b8   0x00000000   Code   RO         4487    .text               c_w.l(indicate_semi.o)
    0x080009b8   0x080009b8   0x00000008   Code   RO         4511    .text               c_w.l(ferror.o)
    0x080009c0   0x080009c0   0x0000000a   Code   RO         4515    .text               c_w.l(defsig_exit.o)
    0x080009ca   0x080009ca   0x00000002   PAD
    0x080009cc   0x080009cc   0x00000030   Code   RO         4517    .text               c_w.l(defsig_abrt_inner.o)
    0x080009fc   0x080009fc   0x0000004a   Code   RO         4523    .text               c_w.l(sys_stackheap_outer.o)
    0x08000a46   0x08000a46   0x00000012   Code   RO         4527    .text               c_w.l(exit.o)
    0x08000a58   0x08000a58   0x00000032   Code   RO         4531    .text               c_w.l(defsig_general.o)
    0x08000a8a   0x08000a8a   0x0000000e   Code   RO         4543    .text               c_w.l(sys_wrch.o)
    0x08000a98   0x08000a98   0x00000008   Code   RO         4547    .text               c_w.l(libspace.o)
    0x08000aa0   0x08000aa0   0x00000002   Code   RO          251    i.BusFault_Handler  stm32f1xx_it.o
    0x08000aa2   0x08000aa2   0x00000002   PAD
    0x08000aa4   0x08000aa4   0x000000f0   Code   RO         4015    i.CompileSSPCommand  sspcoms.o
    0x08000b94   0x08000b94   0x00000044   Code   RO         3635    i.CreateHostInterKey  itlsspproc.o
    0x08000bd8   0x08000bd8   0x00000020   Code   RO         3636    i.CreateSSPHostEncryptionKey  itlsspproc.o
    0x08000bf8   0x08000bf8   0x0000000c   Code   RO          252    i.DMA1_Channel2_IRQHandler  stm32f1xx_it.o
    0x08000c04   0x08000c04   0x0000000c   Code   RO          253    i.DMA1_Channel3_IRQHandler  stm32f1xx_it.o
    0x08000c10   0x08000c10   0x0000000c   Code   RO          254    i.DMA1_Channel4_IRQHandler  stm32f1xx_it.o
    0x08000c1c   0x08000c1c   0x0000000c   Code   RO          255    i.DMA1_Channel5_IRQHandler  stm32f1xx_it.o
    0x08000c28   0x08000c28   0x0000000c   Code   RO          256    i.DMA1_Channel6_IRQHandler  stm32f1xx_it.o
    0x08000c34   0x08000c34   0x0000000c   Code   RO          257    i.DMA1_Channel7_IRQHandler  stm32f1xx_it.o
    0x08000c40   0x08000c40   0x0000002a   Code   RO         1829    i.DMA_SetConfig     stm32f1xx_hal_dma.o
    0x08000c6a   0x08000c6a   0x00000002   Code   RO          258    i.DebugMon_Handler  stm32f1xx_it.o
    0x08000c6c   0x08000c6c   0x00000026   Code   RO         3637    i.DecryptSSPPacket  itlsspproc.o
    0x08000c92   0x08000c92   0x00000002   PAD
    0x08000c94   0x08000c94   0x000000e0   Code   RO         3638    i.EncryptSSPPacket  itlsspproc.o
    0x08000d74   0x08000d74   0x00000004   Code   RO           17    i.Error_Handler     main.o
    0x08000d78   0x08000d78   0x0000001a   Code   RO         3544    i.GF2_8_field_mult_by_2  encryption.o
    0x08000d92   0x08000d92   0x00000012   Code   RO         4098    i.GLcd_ClearScreen  glcd.o
    0x08000da4   0x08000da4   0x00000094   Code   RO         4100    i.GLcd_DrawChar     glcd.o
    0x08000e38   0x08000e38   0x0000003c   Code   RO         4105    i.GLcd_DrawPoint    glcd.o
    0x08000e74   0x08000e74   0x00000040   Code   RO         4107    i.GLcd_DrawString   glcd.o
    0x08000eb4   0x08000eb4   0x00000038   Code   RO         4109    i.GLcd_FillRect     glcd.o
    0x08000eec   0x08000eec   0x00000040   Code   RO         4110    i.GLcd_Flush        glcd.o
    0x08000f2c   0x08000f2c   0x000000a8   Code   RO         4113    i.GLcd_Init         glcd.o
    0x08000fd4   0x08000fd4   0x0000004a   Code   RO         3705    i.GeneratePrime     random.o
    0x0800101e   0x0800101e   0x00000002   PAD
    0x08001020   0x08001020   0x0000000c   Code   RO         3706    i.GenerateRandomNumber  random.o
    0x0800102c   0x0800102c   0x00000046   Code   RO         1830    i.HAL_DMA_Abort     stm32f1xx_hal_dma.o
    0x08001072   0x08001072   0x00000002   PAD
    0x08001074   0x08001074   0x00000130   Code   RO         1831    i.HAL_DMA_Abort_IT  stm32f1xx_hal_dma.o
    0x080011a4   0x080011a4   0x00000248   Code   RO         1835    i.HAL_DMA_IRQHandler  stm32f1xx_hal_dma.o
    0x080013ec   0x080013ec   0x0000007c   Code   RO         1836    i.HAL_DMA_Init      stm32f1xx_hal_dma.o
    0x08001468   0x08001468   0x00000070   Code   RO         1840    i.HAL_DMA_Start_IT  stm32f1xx_hal_dma.o
    0x080014d8   0x080014d8   0x00000008   Code   RO         1456    i.HAL_Delay         stm32f1xx_hal.o
    0x080014e0   0x080014e0   0x000001f8   Code   RO         1766    i.HAL_GPIO_Init     stm32f1xx_hal_gpio.o
    0x080016d8   0x080016d8   0x00000010   Code   RO         1769    i.HAL_GPIO_TogglePin  stm32f1xx_hal_gpio.o
    0x080016e8   0x080016e8   0x0000000a   Code   RO         1770    i.HAL_GPIO_WritePin  stm32f1xx_hal_gpio.o
    0x080016f2   0x080016f2   0x00000002   PAD
    0x080016f4   0x080016f4   0x0000000c   Code   RO         1460    i.HAL_GetTick       stm32f1xx_hal.o
    0x08001700   0x08001700   0x00000010   Code   RO         1466    i.HAL_IncTick       stm32f1xx_hal.o
    0x08001710   0x08001710   0x00000024   Code   RO         1467    i.HAL_Init          stm32f1xx_hal.o
    0x08001734   0x08001734   0x00000148   Code   RO         3061    i.HAL_InitTick      stm32f1xx_hal_timebase_rtc_alarm_template.o
    0x0800187c   0x0800187c   0x0000003c   Code   RO          391    i.HAL_MspInit       stm32f1xx_hal_msp.o
    0x080018b8   0x080018b8   0x0000001a   Code   RO         1926    i.HAL_NVIC_EnableIRQ  stm32f1xx_hal_cortex.o
    0x080018d2   0x080018d2   0x00000002   PAD
    0x080018d4   0x080018d4   0x00000040   Code   RO         1932    i.HAL_NVIC_SetPriority  stm32f1xx_hal_cortex.o
    0x08001914   0x08001914   0x00000024   Code   RO         1933    i.HAL_NVIC_SetPriorityGrouping  stm32f1xx_hal_cortex.o
    0x08001938   0x08001938   0x000000b8   Code   RO         1727    i.HAL_RCCEx_GetPeriphCLKFreq  stm32f1xx_hal_rcc_ex.o
    0x080019f0   0x080019f0   0x000000ec   Code   RO         1728    i.HAL_RCCEx_PeriphCLKConfig  stm32f1xx_hal_rcc_ex.o
    0x08001adc   0x08001adc   0x0000012c   Code   RO         1624    i.HAL_RCC_ClockConfig  stm32f1xx_hal_rcc.o
    0x08001c08   0x08001c08   0x00000020   Code   RO         1631    i.HAL_RCC_GetPCLK1Freq  stm32f1xx_hal_rcc.o
    0x08001c28   0x08001c28   0x00000020   Code   RO         1632    i.HAL_RCC_GetPCLK2Freq  stm32f1xx_hal_rcc.o
    0x08001c48   0x08001c48   0x0000004c   Code   RO         1633    i.HAL_RCC_GetSysClockFreq  stm32f1xx_hal_rcc.o
    0x08001c94   0x08001c94   0x00000320   Code   RO         1636    i.HAL_RCC_OscConfig  stm32f1xx_hal_rcc.o
    0x08001fb4   0x08001fb4   0x00000058   Code   RO         3062    i.HAL_RTC_AlarmAEventCallback  stm32f1xx_hal_timebase_rtc_alarm_template.o
    0x0800200c   0x0800200c   0x00000034   Code   RO         2790    i.HAL_RTC_AlarmIRQHandler  stm32f1xx_hal_rtc.o
    0x08002040   0x08002040   0x0000004e   Code   RO         2794    i.HAL_RTC_GetDate   stm32f1xx_hal_rtc.o
    0x0800208e   0x0800208e   0x000000d8   Code   RO         2796    i.HAL_RTC_GetTime   stm32f1xx_hal_rtc.o
    0x08002166   0x08002166   0x00000002   PAD
    0x08002168   0x08002168   0x00000094   Code   RO         2797    i.HAL_RTC_Init      stm32f1xx_hal_rtc.o
    0x080021fc   0x080021fc   0x00000002   Code   RO         2799    i.HAL_RTC_MspInit   stm32f1xx_hal_rtc.o
    0x080021fe   0x080021fe   0x00000002   PAD
    0x08002200   0x08002200   0x000000c4   Code   RO         2803    i.HAL_RTC_SetDate   stm32f1xx_hal_rtc.o
    0x080022c4   0x080022c4   0x000000ac   Code   RO         2804    i.HAL_RTC_SetTime   stm32f1xx_hal_rtc.o
    0x08002370   0x08002370   0x0000003a   Code   RO         2805    i.HAL_RTC_WaitForSynchro  stm32f1xx_hal_rtc.o
    0x080023aa   0x080023aa   0x00000002   Code   RO         1182    i.HAL_TIMEx_BreakCallback  stm32f1xx_hal_tim_ex.o
    0x080023ac   0x080023ac   0x00000002   Code   RO         1183    i.HAL_TIMEx_CommutCallback  stm32f1xx_hal_tim_ex.o
    0x080023ae   0x080023ae   0x00000002   PAD
    0x080023b0   0x080023b0   0x0000007c   Code   RO         1201    i.HAL_TIMEx_MasterConfigSynchronization  stm32f1xx_hal_tim_ex.o
    0x0800242c   0x0800242c   0x0000005a   Code   RO          478    i.HAL_TIM_Base_Init  stm32f1xx_hal_tim.o
    0x08002486   0x08002486   0x00000002   PAD
    0x08002488   0x08002488   0x00000054   Code   RO          393    i.HAL_TIM_Base_MspInit  stm32f1xx_hal_msp.o
    0x080024dc   0x080024dc   0x0000006c   Code   RO          483    i.HAL_TIM_Base_Start_IT  stm32f1xx_hal_tim.o
    0x08002548   0x08002548   0x000000dc   Code   RO          487    i.HAL_TIM_ConfigClockSource  stm32f1xx_hal_tim.o
    0x08002624   0x08002624   0x00000002   Code   RO          512    i.HAL_TIM_IC_CaptureCallback  stm32f1xx_hal_tim.o
    0x08002626   0x08002626   0x00000130   Code   RO          526    i.HAL_TIM_IRQHandler  stm32f1xx_hal_tim.o
    0x08002756   0x08002756   0x00000002   Code   RO          529    i.HAL_TIM_OC_DelayElapsedCallback  stm32f1xx_hal_tim.o
    0x08002758   0x08002758   0x00000002   Code   RO          556    i.HAL_TIM_PWM_PulseFinishedCallback  stm32f1xx_hal_tim.o
    0x0800275a   0x0800275a   0x00000002   PAD
    0x0800275c   0x0800275c   0x0000001c   Code   RO           18    i.HAL_TIM_PeriodElapsedCallback  main.o
    0x08002778   0x08002778   0x00000002   Code   RO          569    i.HAL_TIM_TriggerCallback  stm32f1xx_hal_tim.o
    0x0800277a   0x0800277a   0x0000004e   Code   RO         2436    i.HAL_UARTEx_ReceiveToIdle_DMA  stm32f1xx_hal_uart.o
    0x080027c8   0x080027c8   0x00000088   Code   RO         3750    i.HAL_UARTEx_RxEventCallback  serialfunc.o
    0x08002850   0x08002850   0x00000002   Code   RO         2452    i.HAL_UART_ErrorCallback  stm32f1xx_hal_uart.o
    0x08002852   0x08002852   0x00000002   PAD
    0x08002854   0x08002854   0x0000026c   Code   RO         2455    i.HAL_UART_IRQHandler  stm32f1xx_hal_uart.o
    0x08002ac0   0x08002ac0   0x00000064   Code   RO         2456    i.HAL_UART_Init     stm32f1xx_hal_uart.o
    0x08002b24   0x08002b24   0x00000290   Code   RO          395    i.HAL_UART_MspInit  stm32f1xx_hal_msp.o
    0x08002db4   0x08002db4   0x00000002   Code   RO         3751    i.HAL_UART_RxCpltCallback  serialfunc.o
    0x08002db6   0x08002db6   0x00000002   Code   RO         3752    i.HAL_UART_RxHalfCpltCallback  serialfunc.o
    0x08002db8   0x08002db8   0x000000a0   Code   RO         2464    i.HAL_UART_Transmit  stm32f1xx_hal_uart.o
    0x08002e58   0x08002e58   0x00000078   Code   RO         2465    i.HAL_UART_Transmit_DMA  stm32f1xx_hal_uart.o
    0x08002ed0   0x08002ed0   0x0000001c   Code   RO         3753    i.HAL_UART_TxCpltCallback  serialfunc.o
    0x08002eec   0x08002eec   0x00000002   Code   RO         2468    i.HAL_UART_TxHalfCpltCallback  stm32f1xx_hal_uart.o
    0x08002eee   0x08002eee   0x00000002   Code   RO          259    i.HardFault_Handler  stm32f1xx_it.o
    0x08002ef0   0x08002ef0   0x00000024   Code   RO         3640    i.ITLSSP_Init       itlsspproc.o
    0x08002f14   0x08002f14   0x00000030   Code   RO         3641    i.InitiateSSPHostKeys  itlsspproc.o
    0x08002f44   0x08002f44   0x00000028   Code   RO         3708    i.IsItPrime         random.o
    0x08002f6c   0x08002f6c   0x0000007c   Code   RO           19    i.MX_DMA_Init       main.o
    0x08002fe8   0x08002fe8   0x00000158   Code   RO           20    i.MX_GPIO_Init      main.o
    0x08003140   0x08003140   0x00000074   Code   RO           21    i.MX_RTC_Init       main.o
    0x080031b4   0x080031b4   0x00000068   Code   RO           22    i.MX_TIM1_Init      main.o
    0x0800321c   0x0800321c   0x00000068   Code   RO           23    i.MX_TIM3_Init      main.o
    0x08003284   0x08003284   0x00000002   Code   RO          260    i.MemManage_Handler  stm32f1xx_it.o
    0x08003286   0x08003286   0x0000004e   Code   RO         3709    i.MillerRabin       random.o
    0x080032d4   0x080032d4   0x00000002   Code   RO          261    i.NMI_Handler       stm32f1xx_it.o
    0x080032d6   0x080032d6   0x00000002   PAD
    0x080032d8   0x080032d8   0x0000006c   Code   RO         3259    i.NV11_Disable      nv11.o
    0x08003344   0x08003344   0x00000018   Code   RO         3262    i.NV11_DisplayOn    nv11.o
    0x0800335c   0x0800335c   0x00000054   Code   RO         3274    i.NV11_GetTotalCashInNoteFloat  nv11.o
    0x080033b0   0x080033b0   0x0000065c   Code   RO         3277    i.NV11_Init         nv11.o
    0x08003a0c   0x08003a0c   0x0000018c   Code   RO         3278    i.NV11_PayoutNote   nv11.o
    0x08003b98   0x08003b98   0x00000284   Code   RO         3280    i.NV11_Process      nv11.o
    0x08003e1c   0x08003e1c   0x00000088   Code   RO         3285    i.NV11_SetDenominationForChange  nv11.o
    0x08003ea4   0x08003ea4   0x00000140   Code   RO         3642    i.NegotiateSSPEncryption  itlsspproc.o
    0x08003fe4   0x08003fe4   0x00000002   Code   RO          262    i.PendSV_Handler    stm32f1xx_it.o
    0x08003fe6   0x08003fe6   0x00000002   PAD
    0x08003fe8   0x08003fe8   0x0000000c   Code   RO         3065    i.RTC_Alarm_IRQHandler  stm32f1xx_hal_timebase_rtc_alarm_template.o
    0x08003ff4   0x08003ff4   0x00000012   Code   RO         2806    i.RTC_Bcd2ToByte    stm32f1xx_hal_rtc.o
    0x08004006   0x08004006   0x00000016   Code   RO         2807    i.RTC_ByteToBcd2    stm32f1xx_hal_rtc.o
    0x0800401c   0x0800401c   0x000000ae   Code   RO         2808    i.RTC_DateUpdate    stm32f1xx_hal_rtc.o
    0x080040ca   0x080040ca   0x00000034   Code   RO         2809    i.RTC_EnterInitMode  stm32f1xx_hal_rtc.o
    0x080040fe   0x080040fe   0x00000002   PAD
    0x08004100   0x08004100   0x00000036   Code   RO         2810    i.RTC_ExitInitMode  stm32f1xx_hal_rtc.o
    0x08004136   0x08004136   0x0000000e   Code   RO         2811    i.RTC_ReadAlarmCounter  stm32f1xx_hal_rtc.o
    0x08004144   0x08004144   0x00000020   Code   RO         2812    i.RTC_ReadTimeCounter  stm32f1xx_hal_rtc.o
    0x08004164   0x08004164   0x00000056   Code   RO         2813    i.RTC_WeekDayNum    stm32f1xx_hal_rtc.o
    0x080041ba   0x080041ba   0x00000028   Code   RO         2814    i.RTC_WriteAlarmCounter  stm32f1xx_hal_rtc.o
    0x080041e2   0x080041e2   0x00000028   Code   RO         2815    i.RTC_WriteTimeCounter  stm32f1xx_hal_rtc.o
    0x0800420a   0x0800420a   0x000000d0   Code   RO         4016    i.SSPDataIn         sspcoms.o
    0x080042da   0x080042da   0x00000002   PAD
    0x080042dc   0x080042dc   0x000001e0   Code   RO         4017    i.SSPSendCommand    sspcoms.o
    0x080044bc   0x080044bc   0x00000002   Code   RO          263    i.SVC_Handler       stm32f1xx_it.o
    0x080044be   0x080044be   0x00000004   Code   RO          264    i.SysTick_Handler   stm32f1xx_it.o
    0x080044c2   0x080044c2   0x00000070   Code   RO           24    i.SystemClock_Config  main.o
    0x08004532   0x08004532   0x00000002   Code   RO         3113    i.SystemInit        system_stm32f1xx.o
    0x08004534   0x08004534   0x0000000c   Code   RO          265    i.TIM1_UP_IRQHandler  stm32f1xx_it.o
    0x08004540   0x08004540   0x0000009c   Code   RO          571    i.TIM_Base_SetConfig  stm32f1xx_hal_tim.o
    0x080045dc   0x080045dc   0x00000014   Code   RO          582    i.TIM_ETR_SetConfig  stm32f1xx_hal_tim.o
    0x080045f0   0x080045f0   0x00000010   Code   RO          583    i.TIM_ITRx_SetConfig  stm32f1xx_hal_tim.o
    0x08004600   0x08004600   0x00000022   Code   RO          589    i.TIM_TI1_ConfigInputStage  stm32f1xx_hal_tim.o
    0x08004622   0x08004622   0x00000024   Code   RO          591    i.TIM_TI2_ConfigInputStage  stm32f1xx_hal_tim.o
    0x08004646   0x08004646   0x00000010   Code   RO         2469    i.UART_DMAAbortOnError  stm32f1xx_hal_uart.o
    0x08004656   0x08004656   0x0000004a   Code   RO         2470    i.UART_DMAError     stm32f1xx_hal_uart.o
    0x080046a0   0x080046a0   0x00000086   Code   RO         2471    i.UART_DMAReceiveCplt  stm32f1xx_hal_uart.o
    0x08004726   0x08004726   0x0000001e   Code   RO         2473    i.UART_DMARxHalfCplt  stm32f1xx_hal_uart.o
    0x08004744   0x08004744   0x00000042   Code   RO         2475    i.UART_DMATransmitCplt  stm32f1xx_hal_uart.o
    0x08004786   0x08004786   0x0000000a   Code   RO         2477    i.UART_DMATxHalfCplt  stm32f1xx_hal_uart.o
    0x08004790   0x08004790   0x0000004e   Code   RO         2479    i.UART_EndRxTransfer  stm32f1xx_hal_uart.o
    0x080047de   0x080047de   0x0000001c   Code   RO         2480    i.UART_EndTxTransfer  stm32f1xx_hal_uart.o
    0x080047fa   0x080047fa   0x000000c2   Code   RO         2481    i.UART_Receive_IT   stm32f1xx_hal_uart.o
    0x080048bc   0x080048bc   0x000000b8   Code   RO         2482    i.UART_SetConfig    stm32f1xx_hal_uart.o
    0x08004974   0x08004974   0x00000090   Code   RO         2483    i.UART_Start_Receive_DMA  stm32f1xx_hal_uart.o
    0x08004a04   0x08004a04   0x00000072   Code   RO         2485    i.UART_WaitOnFlagUntilTimeout  stm32f1xx_hal_uart.o
    0x08004a76   0x08004a76   0x00000002   PAD
    0x08004a78   0x08004a78   0x0000000c   Code   RO          266    i.USART1_IRQHandler  stm32f1xx_it.o
    0x08004a84   0x08004a84   0x0000000c   Code   RO          267    i.USART2_IRQHandler  stm32f1xx_it.o
    0x08004a90   0x08004a90   0x0000000c   Code   RO          268    i.USART3_IRQHandler  stm32f1xx_it.o
    0x08004a9c   0x08004a9c   0x00000002   Code   RO          269    i.UsageFault_Handler  stm32f1xx_it.o
    0x08004a9e   0x08004a9e   0x00000002   PAD
    0x08004aa0   0x08004aa0   0x0000007c   Code   RO         3710    i.XpowYmodN         random.o
    0x08004b1c   0x08004b1c   0x00000020   Code   RO         1939    i.__NVIC_SetPriority  stm32f1xx_hal_cortex.o
    0x08004b3c   0x08004b3c   0x0000000e   Code   RO         4388    i._is_digit         c_w.l(__printf_wp.o)
    0x08004b4a   0x08004b4a   0x00000014   Code   RO         3836    i._ssp_return_values  ssp_helpers.o
    0x08004b5e   0x08004b5e   0x00000054   Code   RO         3545    i.aes_decrypt       encryption.o
    0x08004bb2   0x08004bb2   0x00000002   PAD
    0x08004bb4   0x08004bb4   0x00000278   Code   RO         3546    i.aes_decrypt_16_byte_block  encryption.o
    0x08004e2c   0x08004e2c   0x00000054   Code   RO         3547    i.aes_encrypt       encryption.o
    0x08004e80   0x08004e80   0x0000027c   Code   RO         3548    i.aes_encrypt_16_byte_block  encryption.o
    0x080050fc   0x080050fc   0x000000a0   Code   RO         3549    i.aes_set_key       encryption.o
    0x0800519c   0x0800519c   0x00000034   Code   RO         3550    i.cal_crc_loop_CCITT_A  encryption.o
    0x080051d0   0x080051d0   0x00000012   Code   RO         4117    i.cmd_delay         glcd.o
    0x080051e2   0x080051e2   0x00000002   Code   RO         3288    i.display_payout_countdown  nv11.o
    0x080051e4   0x080051e4   0x00000062   Code   RO         3551    i.forward_mix_col   encryption.o
    0x08005246   0x08005246   0x00000022   Code   RO         3552    i.forward_s_box_compute  encryption.o
    0x08005268   0x08005268   0x00000018   Code   RO           25    i.fputc             main.o
    0x08005280   0x08005280   0x00000030   Code   RO         4118    i.glcd_lcd_write_pin  glcd.o
    0x080052b0   0x080052b0   0x00000014   Code   RO         3553    i.highbit           encryption.o
    0x080052c4   0x080052c4   0x00000076   Code   RO         3554    i.inverse_element   encryption.o
    0x0800533a   0x0800533a   0x0000004a   Code   RO         3555    i.inverse_mix_col   encryption.o
    0x08005384   0x08005384   0x00000018   Code   RO         3556    i.inverse_s_box_compute  encryption.o
    0x0800539c   0x0800539c   0x00000038   Code   RO         3149    i.lwrb_get_free     lwrb.o
    0x080053d4   0x080053d4   0x00000038   Code   RO         3150    i.lwrb_get_full     lwrb.o
    0x0800540c   0x0800540c   0x00000020   Code   RO         3155    i.lwrb_init         lwrb.o
    0x0800542c   0x0800542c   0x0000007e   Code   RO         3158    i.lwrb_read         lwrb.o
    0x080054aa   0x080054aa   0x00000024   Code   RO         3159    i.lwrb_reset        lwrb.o
    0x080054ce   0x080054ce   0x0000007e   Code   RO         3162    i.lwrb_write        lwrb.o
    0x0800554c   0x0800554c   0x000002b0   Code   RO           26    i.main              main.o
    0x080057fc   0x080057fc   0x0000000e   Code   RO         3557    i.mem_copy          encryption.o
    0x0800580a   0x0800580a   0x0000000c   Code   RO         3837    i.negotiate_ssp_encryption  ssp_helpers.o
    0x08005816   0x08005816   0x00000002   PAD
    0x08005818   0x08005818   0x00000074   Code   RO         3289    i.nv11_enable       nv11.o
    0x0800588c   0x0800588c   0x00000048   Code   RO         3292    i.nv11_reset        nv11.o
    0x080058d4   0x080058d4   0x00000754   Code   RO         3293    i.parse_poll        nv11.o
    0x08006028   0x08006028   0x00000008   Code   RO         4121    i.send_cmd          glcd.o
    0x08006030   0x08006030   0x00000008   Code   RO         4122    i.send_data         glcd.o
    0x08006038   0x08006038   0x0000001c   Code   RO         4123    i.send_lcd          glcd.o
    0x08006054   0x08006054   0x00000040   Code   RO         4124    i.send_slow         glcd.o
    0x08006094   0x08006094   0x0000000a   Code   RO         3838    i.send_ssp_command  ssp_helpers.o
    0x0800609e   0x0800609e   0x00000030   Code   RO         4125    i.set_graphics_address  glcd.o
    0x080060ce   0x080060ce   0x00000056   Code   RO         3839    i.ssp6_check_note_level  ssp_helpers.o
    0x08006124   0x08006124   0x0000000c   Code   RO         3840    i.ssp6_disable      ssp_helpers.o
    0x08006130   0x08006130   0x0000000c   Code   RO         3843    i.ssp6_display_on   ssp_helpers.o
    0x0800613c   0x0800613c   0x0000000c   Code   RO         3845    i.ssp6_enable       ssp_helpers.o
    0x08006148   0x08006148   0x00000018   Code   RO         3846    i.ssp6_enable_payout  ssp_helpers.o
    0x08006160   0x08006160   0x0000002e   Code   RO         3847    i.ssp6_get_stored_notes  ssp_helpers.o
    0x0800618e   0x0800618e   0x0000000c   Code   RO         3848    i.ssp6_hold         ssp_helpers.o
    0x0800619a   0x0800619a   0x0000000e   Code   RO         3849    i.ssp6_host_protocol  ssp_helpers.o
    0x080061a8   0x080061a8   0x0000000c   Code   RO         3851    i.ssp6_payout_note  ssp_helpers.o
    0x080061b4   0x080061b4   0x000002b6   Code   RO         3852    i.ssp6_poll         ssp_helpers.o
    0x0800646a   0x0800646a   0x0000000a   Code   RO         3854    i.ssp6_reset        ssp_helpers.o
    0x08006474   0x08006474   0x0000000c   Code   RO         3855    i.ssp6_run_calibration  ssp_helpers.o
    0x08006480   0x08006480   0x0000002a   Code   RO         3856    i.ssp6_set_coinmech_inhibits  ssp_helpers.o
    0x080064aa   0x080064aa   0x00000010   Code   RO         3857    i.ssp6_set_inhibits  ssp_helpers.o
    0x080064ba   0x080064ba   0x00000034   Code   RO         3859    i.ssp6_set_route    ssp_helpers.o
    0x080064ee   0x080064ee   0x0000001c   Code   RO         3860    i.ssp6_setup_encryption  ssp_helpers.o
    0x0800650a   0x0800650a   0x00000002   PAD
    0x0800650c   0x0800650c   0x000001b4   Code   RO         3861    i.ssp6_setup_request  ssp_helpers.o
    0x080066c0   0x080066c0   0x0000000c   Code   RO         3863    i.ssp6_sync         ssp_helpers.o
    0x080066cc   0x080066cc   0x0000000c   Code   RO         3754    i.ssp_serial_deinitialize  serialfunc.o
    0x080066d8   0x080066d8   0x0000000c   Code   RO         3755    i.ssp_serial_flush  serialfunc.o
    0x080066e4   0x080066e4   0x0000003c   Code   RO         3756    i.ssp_serial_initialize  serialfunc.o
    0x08006720   0x08006720   0x00000010   Code   RO         3757    i.ssp_serial_read   serialfunc.o
    0x08006730   0x08006730   0x00000018   Code   RO         3758    i.ssp_serial_rx_availble  serialfunc.o
    0x08006748   0x08006748   0x00000010   Code   RO         3759    i.ssp_serial_write_data  serialfunc.o
    0x08006758   0x08006758   0x00000344   Code   RO         3294    i.vdm_NV11_Init     nv11.o
    0x08006a9c   0x08006a9c   0x0000011c   Code   RO         3295    i.vdm_NV11_Process  nv11.o
    0x08006bb8   0x08006bb8   0x00000004   Code   RO         4063    i.vdm_device_config_lock_resource  vdm_device_config.o
    0x08006bbc   0x08006bbc   0x00000002   Code   RO         4064    i.vdm_device_config_unlock_resource  vdm_device_config.o
    0x08006bbe   0x08006bbe   0x00000002   PAD
    0x08006bc0   0x08006bc0   0x00000008   Code   RO         4065    i.vdm_get_device_config  vdm_device_config.o
    0x08006bc8   0x08006bc8   0x000005d4   Code   RO         3296    i.vdm_parse_poll    nv11.o
    0x0800719c   0x0800719c   0x0000001c   Data   RO           35    .constdata          main.o
    0x080071b8   0x080071b8   0x00000012   Data   RO         1637    .constdata          stm32f1xx_hal_rcc.o
    0x080071ca   0x080071ca   0x00000012   Data   RO         1729    .constdata          stm32f1xx_hal_rcc_ex.o
    0x080071dc   0x080071dc   0x00000010   Data   RO         3114    .constdata          system_stm32f1xx.o
    0x080071ec   0x080071ec   0x00000008   Data   RO         3115    .constdata          system_stm32f1xx.o
    0x080071f4   0x080071f4   0x00000017   Data   RO         3298    .constdata          nv11.o
    0x0800720b   0x0800720b   0x0000000a   Data   RO         3558    .constdata          encryption.o
    0x08007215   0x08007215   0x00000300   Data   RO         4291    .constdata          glcd_font.o
    0x08007515   0x08007515   0x00000028   Data   RO         4361    .constdata          c_w.l(_printf_hex_int.o)
    0x0800753d   0x0800753d   0x00000011   Data   RO         4391    .constdata          c_w.l(__printf_flags_wp.o)
    0x0800754e   0x0800754e   0x00000002   PAD
    0x08007550   0x08007550   0x00000020   Data   RO         4606    Region$$Table       anon$$obj.o


    Execution Region RW_IRAM1 (Exec base: 0x20000000, Load base: 0x08007570, Size: 0x000022b0, Max: 0x00010000, ABSOLUTE)

    Exec Addr    Load Addr    Size         Type   Attr      Idx    E Section Name        Object

    0x20000000   0x08007570   0x00000002   Data   RW           36    .data               main.o
    0x20000002   0x08007572   0x00000001   Data   RW           37    .data               main.o
    0x20000003   0x08007573   0x00000001   Data   RW           38    .data               main.o
    0x20000004   0x08007574   0x00000004   Data   RW           41    .data               main.o
    0x20000008   0x08007578   0x0000000c   Data   RW         1474    .data               stm32f1xx_hal.o
    0x20000014   0x08007584   0x00000004   Data   RW         3116    .data               system_stm32f1xx.o
    0x20000018   0x08007588   0x00000054   Data   RW         3299    .data               nv11.o
    0x2000006c   0x080075dc   0x00000004   Data   RW         3761    .data               serialfunc.o
    0x20000070   0x080075e0   0x0000000c   Data   RW         4127    .data               glcd.o
    0x2000007c   0x080075ec   0x0000000c   Data   RW         4299    .data               glcd_font.o
    0x20000088        -       0x0000027c   Zero   RW           27    .bss                main.o
    0x20000304        -       0x00000044   Zero   RW           29    .bss                main.o
    0x20000348        -       0x00000044   Zero   RW           30    .bss                main.o
    0x2000038c        -       0x00000044   Zero   RW           31    .bss                main.o
    0x200003d0        -       0x00000044   Zero   RW           32    .bss                main.o
    0x20000414        -       0x00000044   Zero   RW           33    .bss                main.o
    0x20000458        -       0x00000044   Zero   RW           34    .bss                main.o
    0x2000049c        -       0x00000014   Zero   RW         3066    .bss                stm32f1xx_hal_timebase_rtc_alarm_template.o
    0x200004b0        -       0x0000037e   Zero   RW         3297    .bss                nv11.o
    0x2000082e   0x080075f8   0x00000002   PAD
    0x20000830        -       0x000003e8   Zero   RW         3643    .bss                itlsspproc.o
    0x20000c18        -       0x00000314   Zero   RW         3760    .bss                serialfunc.o
    0x20000f2c        -       0x00000403   Zero   RW         4019    .bss                sspcoms.o
    0x2000132f        -       0x0000043c   Zero   RW         4066    .bss                vdm_device_config.o
    0x2000176b        -       0x00000400   Zero   RW         4126    .bss                glcd.o
    0x20001b6b   0x080075f8   0x00000001   PAD
    0x20001b6c        -       0x000000e4   Zero   RW         4405    .bss                c_w.l(rand.o)
    0x20001c50        -       0x00000060   Zero   RW         4548    .bss                c_w.l(libspace.o)
    0x20001cb0        -       0x00000200   Zero   RW            2    HEAP                startup_stm32f103xe.o
    0x20001eb0        -       0x00000400   Zero   RW            1    STACK               startup_stm32f103xe.o


==============================================================================

Image component sizes


      Code (inc. data)   RO Data    RW Data    ZI Data      Debug   Object Name

         0          0          0          0          0       1444   app_debug.o
      2056          4         10          0          0      12774   encryption.o
       800         34          0         12       1024      10869   glcd.o
         0          0        768         12          0       1624   glcd_font.o
       766         14          0          0       1000       6771   itlsspproc.o
       432          0          0          0          0       6126   lwrb.o
      1648        312         28          8       1044     509658   main.o
      7698       4386         23         84        894      55380   nv11.o
       328          6          0          0          0       3381   random.o
       308         92          0          4        788       7169   serialfunc.o
      1574         16          0          0          0      14971   ssp_helpers.o
       928         30          0          0       1027       4254   sspcoms.o
        64         26        304          0       1536        848   startup_stm32f103xe.o
        72         14          0         12          0       6038   stm32f1xx_hal.o
       158         14          0          0          0      28358   stm32f1xx_hal_cortex.o
      1236         52          0          0          0       5370   stm32f1xx_hal_dma.o
       530         42          0          0          0       3665   stm32f1xx_hal_gpio.o
       800         72          0          0          0       3082   stm32f1xx_hal_msp.o
      1240         84         18          0          0       5328   stm32f1xx_hal_rcc.o
       420         30         18          0          0       2621   stm32f1xx_hal_rcc_ex.o
      1454         16          0          0          0      14508   stm32f1xx_hal_rtc.o
       992         42          0          0          0      10397   stm32f1xx_hal_tim.o
       128         20          0          0          0       2545   stm32f1xx_hal_tim_ex.o
       428         38          0          0         20       3186   stm32f1xx_hal_timebase_rtc_alarm_template.o
      2154         38          0          0          0      15945   stm32f1xx_hal_uart.o
       140         60          0          0          0       8977   stm32f1xx_it.o
         2          0         24          4          0       1227   system_stm32f1xx.o
        14          4          0          0       1084       6564   vdm_device_config.o

    ----------------------------------------------------------------------
     26414       5446       1225        136       8420     753080   Object Totals
         0          0         32          0          0          0   (incl. Generated)
        44          0          0          0          3          0   (incl. Padding)

    ----------------------------------------------------------------------

      Code (inc. data)   RO Data    RW Data    ZI Data      Debug   Library Member Name

         8          0          0          0          0         68   __main.o
       312          4         17          0          0         92   __printf_flags_wp.o
        14          0          0          0          0         68   __printf_wp.o
         0          0          0          0          0          0   __rtentry.o
        12          0          0          0          0          0   __rtentry2.o
         6          0          0          0          0          0   __rtentry4.o
        52          8          0          0          0          0   __scatter.o
        26          0          0          0          0          0   __scatter_copy.o
        28          0          0          0          0          0   __scatter_zi.o
        44          0          0          0          0        108   _printf_char.o
        48          6          0          0          0         96   _printf_char_common.o
        36          4          0          0          0         80   _printf_char_file.o
         6          0          0          0          0          0   _printf_d.o
       120         16          0          0          0         92   _printf_dec.o
        88          4         40          0          0         88   _printf_hex_int.o
       178          0          0          0          0         88   _printf_intcommon.o
        78          0          0          0          0        108   _printf_pad.o
         0          0          0          0          0          0   _printf_percent.o
         4          0          0          0          0          0   _printf_percent_end.o
         6          0          0          0          0          0   _printf_s.o
        82          0          0          0          0         80   _printf_str.o
         6          0          0          0          0          0   _printf_u.o
         6          0          0          0          0          0   _printf_x.o
        10          0          0          0          0         68   _sputc.o
        22          0          0          0          0         80   abort.o
        48         34          0          0          0         76   defsig_abrt_inner.o
        14          0          0          0          0         80   defsig_abrt_outer.o
        10          0          0          0          0         68   defsig_exit.o
        50          0          0          0          0         88   defsig_general.o
        18          0          0          0          0         80   exit.o
         8          0          0          0          0         68   ferror.o
         6          0          0          0          0        152   heapauxi.o
         0          0          0          0          0          0   indicate_semi.o
         2          0          0          0          0          0   libinit.o
         6          0          0          0          0          0   libinit2.o
         2          0          0          0          0          0   libshutdown.o
         2          0          0          0          0          0   libshutdown2.o
         8          4          0          0         96         68   libspace.o
        72          0          0          0          0         76   llsdiv.o
        38          0          0          0          0         68   llshl.o
        38          0          0          0          0         68   llsshr.o
       238          0          0          0          0        100   lludivv7m.o
        24          4          0          0          0         84   noretval__2printf.o
        40          6          0          0          0         84   noretval__2sprintf.o
       112         18          0          0        228        160   rand.o
        78          0          0          0          0         80   rt_memclr_w.o
       138          0          0          0          0         68   rt_memcpy_v6.o
       100          0          0          0          0         80   rt_memcpy_w.o
         2          0          0          0          0          0   rtexit.o
        10          0          0          0          0          0   rtexit2.o
        12          4          0          0          0         68   sys_exit.o
        74          0          0          0          0         80   sys_stackheap_outer.o
        14          0          0          0          0         76   sys_wrch.o
         2          0          0          0          0         68   use_no_semi.o

    ----------------------------------------------------------------------
      2366        112         59          0        324       2956   Library Totals
         8          0          2          0          0          0   (incl. Padding)

    ----------------------------------------------------------------------

      Code (inc. data)   RO Data    RW Data    ZI Data      Debug   Library Name

      2358        112         57          0        324       2956   c_w.l

    ----------------------------------------------------------------------
      2366        112         59          0        324       2956   Library Totals

    ----------------------------------------------------------------------

==============================================================================


      Code (inc. data)   RO Data    RW Data    ZI Data      Debug   

     28780       5558       1284        136       8744     743760   Grand Totals
     28780       5558       1284        136       8744     743760   ELF Image Totals
     28780       5558       1284        136          0          0   ROM Totals

==============================================================================

    Total RO  Size (Code + RO Data)                30064 (  29.36kB)
    Total RW  Size (RW Data + ZI Data)              8880 (   8.67kB)
    Total ROM Size (Code + RO Data + RW Data)      30200 (  29.49kB)

==============================================================================

