<html>
<body>
<pre>
<h1>µVision Build Log</h1>
<h2>Tool Versions:</h2>
IDE-Version: µVision V5.29.0.0
Copyright (C) 2019 ARM Ltd and ARM Germany GmbH. All rights reserved.
License Information: v s, s, LIC=65ISB-2ILRS-8TT3P-M11YL-ZCPL8-GJJFD
 
Tool Versions:
Toolchain:       MDK-ARM Plus  Version: 5.29.0.0
Toolchain Path:  C:\Keil_v5\ARM\ARMCC\Bin
C Compiler:      Armcc.exe V5.06 update 6 (build 750)
Assembler:       Armasm.exe V5.06 update 6 (build 750)
Linker/Locator:  ArmLink.exe V5.06 update 6 (build 750)
Library Manager: ArmAr.exe V5.06 update 6 (build 750)
Hex Converter:   FromElf.exe V5.06 update 6 (build 750)
CPU DLL:         SARMCM3.DLL V5.29.0.0
Dialog DLL:      DCM.DLL V1.17.3.0
Target DLL:      Segger\JL2CM3.dll V2.99.36.0
Dialog DLL:      TCM.DLL V1.36.5.0
 
<h2>Project:</h2>
C:\Data\The Anh\Ban huong\May-Ban-Huong\Code\Incense_machine\IDM\MDK-ARM\IDM.uvprojx
Project File Date:  08/22/2024

<h2>Output:</h2>
*** Using Compiler 'V5.06 update 6 (build 750)', folder: 'C:\Keil_v5\ARM\ARMCC\Bin'
Build target 'IDM'
compiling Flash.c...
compiling IMD.c...
compiling dht_sensor.c...
compiling vdm_app_gsm.c...
..\Core\User_Driver\GSM_APP.h(37): warning:  #1-D: last line of file ends without a newline
  #endif
..\Core\User_Driver\vdm_app_gsm.c(140): warning:  #177-D: variable "m_qrm_sale_success_frame"  was declared but never referenced
  static vdm_app_gsm_qr_sell_success_frame_t m_qrm_sale_success_frame =
..\Core\User_Driver\vdm_app_gsm.c(155): warning:  #177-D: variable "m_qrm_sale_error_frame"  was declared but never referenced
  static vdm_app_gsm_qr_sell_fail_frame_t m_qrm_sale_error_frame =
..\Core\User_Driver\vdm_app_gsm.c: 3 warnings, 0 errors
compiling TFT_GLCD.c...
..\Core\User_Driver\TFT_GLCD.c(53): warning:  #223-D: function "printf" declared implicitly
  	printf("Read_lcd: %d\r\n",temp);
..\Core\User_Driver\TFT_GLCD.c(491): warning:  #1294-D: Old-style function BTE_Size
  void BTE_Size(width,height)
..\Core\User_Driver\TFT_GLCD.c(491): warning:  #1079-D: standard requires that parameter "width"  be given a type by a subsequent declaration ("int" assumed)
  void BTE_Size(width,height)
..\Core\User_Driver\TFT_GLCD.c(491): warning:  #1079-D: standard requires that parameter "height"  be given a type by a subsequent declaration ("int" assumed)
  void BTE_Size(width,height)
..\Core\User_Driver\TFT_GLCD.c(924): warning:  #223-D: function "printf" declared implicitly
  	printf("Dump flash:\r\n");
..\Core\User_Driver\TFT_GLCD.c(915): warning:  #177-D: variable "picnumtemp"  was declared but never referenced
     uchar picnumtemp, temp;
..\Core\User_Driver\TFT_GLCD.c(1008): warning:  #223-D: function "printf" declared implicitly
  				printf("f_mount() failed, res = %d\r\n", res);
..\Core\User_Driver\TFT_GLCD.c(1011): warning:  #223-D: function "printf" declared implicitly
  			printf("SD_mouted\r\n");
..\Core\User_Driver\TFT_GLCD.c(1014): warning:  #223-D: function "printf" declared implicitly
  		printf("SD_init_OK\r\n");
..\Core\User_Driver\TFT_GLCD.c(1078): warning:  #223-D: function "printf" declared implicitly
  			printf("SD_init_FAIL\r\n");	
..\Core\User_Driver\TFT_GLCD.c(1003): warning:  #177-D: variable "BUFFER"  was declared but never referenced
  	uint8_t BUFFER[128];
..\Core\User_Driver\TFT_GLCD.c(1083): warning:  #177-D: variable "index"  was declared but never referenced
    uint32_t index = 0, n;
..\Core\User_Driver\TFT_GLCD.c(1083): warning:  #177-D: variable "n"  was declared but never referenced
    uint32_t index = 0, n;
..\Core\User_Driver\TFT_GLCD.c(1334): warning:  #223-D: function "printf" declared implicitly
  			printf("LCD_COLOR--\r\n");
..\Core\User_Driver\TFT_GLCD.c: 14 warnings, 0 errors
compiling main.c...
../Core/User_Driver/GSM_app.h(37): warning:  #1-D: last line of file ends without a newline
  #endif
../Core/Src/main.c: 1 warning, 0 errors
compiling user_gui.c...
..\Core\User_Driver\GSM_app.h(37): warning:  #1-D: last line of file ends without a newline
  #endif
..\Core\User_Driver\vdm_language.h(93): warning:  #1295-D: Deprecated declaration vdm_language_get_current_lang - give arg types
  vdm_language_t vdm_language_get_current_lang();
..\Core\User_Driver\images.h(1242): warning:  #1-D: last line of file ends without a newline
  #endif /* IMAGES_H */
..\Core\User_Driver\user_gui.c(48): warning:  #188-D: enumerated type mixed with another type
  Display_Typedef current_display=DIS_Home, old_display=255;
..\Core\User_Driver\user_gui.c(282): warning:  #188-D: enumerated type mixed with another type
  						GLcd_DrawStringUni(vdm_language_get_text(VDM_LANG_TOTAL_MOUNT+(point/3)*3 +n),10, 10 + n*15, WHITE);
..\Core\User_Driver\user_gui.c(299): warning:  #188-D: enumerated type mixed with another type
  						GLcd_DrawStringUni(vdm_language_get_text(VDM_LANG_ID_MACHINE+(point/3)*3 +n),10, 10 + n*15, WHITE);
..\Core\User_Driver\user_gui.c(390): warning:  #188-D: enumerated type mixed with another type
  						GLcd_DrawStringUni(vdm_language_get_text(VDM_LANG_ERR_MOTOR+(sub1_point/3)*3 +n),10, 10 + n*15, WHITE);
..\Core\User_Driver\user_gui.c(225): warning:  #546-D: transfer of control bypasses initialization of:
            variable "reven"  (declared at line 352)
  		switch(current_display)
  		^
..\Core\User_Driver\user_gui.c(517): warning:  #188-D: enumerated type mixed with another type
  					else	current_display = last_DIS;
..\Core\User_Driver\user_gui.c(520): warning:  #188-D: enumerated type mixed with another type
  					current_display = last_DIS;
..\Core\User_Driver\user_gui.c(714): warning:  #188-D: enumerated type mixed with another type
  						GLcd_DrawStringUni(vdm_language_get_text(VDM_LANG_TOTAL_MOUNT+(point/3)*3 +n),10, 10 + n*15, WHITE);
..\Core\User_Driver\user_gui.c(767): warning:  #188-D: enumerated type mixed with another type
  					current_display = sub1_point + DIS_DAY;
..\Core\User_Driver\user_gui.c(929): warning:  #188-D: enumerated type mixed with another type
  					current_display = DIS_ERROR_MOTOR + sub1_point;
..\Core\User_Driver\user_gui.c(941): warning:  #188-D: enumerated type mixed with another type
  						GLcd_DrawStringUni(vdm_language_get_text(VDM_LANG_ERR_MOTOR+(sub1_point/3)*3 +n),10, 10 + n*15, WHITE);
..\Core\User_Driver\user_gui.c(1200): warning:  #188-D: enumerated type mixed with another type
  						GLcd_DrawStringUni(vdm_language_get_text(VDM_LANG_ID_MACHINE+(point/3)*3 +n),10, 10 + n*15, WHITE);
..\Core\User_Driver\user_gui.c(510): warning:  #546-D: transfer of control bypasses initialization of:
            variable "point_pos"  (declared at line 742)
            variable "monthday"  (declared at line 779)
  		switch(current_display)
  		^
..\Core\User_Driver\user_gui.c(1380): warning:  #188-D: enumerated type mixed with another type
  						GLcd_DrawStringUni(vdm_language_get_text(VDM_LANG_TOTAL_MOUNT+(point/3)*3 +n),10, 10 + n*15, WHITE);
..\Core\User_Driver\user_gui.c(1397): warning:  #188-D: enumerated type mixed with another type
  						GLcd_DrawStringUni(vdm_language_get_text(VDM_LANG_ID_MACHINE+(point/3)*3 +n),10, 10 + n*15, WHITE);
..\Core\User_Driver\user_gui.c(1488): warning:  #188-D: enumerated type mixed with another type
  						GLcd_DrawStringUni(vdm_language_get_text(VDM_LANG_ERR_MOTOR+(sub1_point/3)*3 +n),10, 10 + n*15, WHITE);
..\Core\User_Driver\user_gui.c(1323): warning:  #546-D: transfer of control bypasses initialization of:
            variable "reven"  (declared at line 1450)
  		switch(current_display)
  		^
..\Core\User_Driver\user_gui.c(1615): warning:  #188-D: enumerated type mixed with another type
  					else	current_display = last_DIS;
..\Core\User_Driver\user_gui.c(1618): warning:  #188-D: enumerated type mixed with another type
  					current_display = last_DIS;
..\Core\User_Driver\user_gui.c(1812): warning:  #188-D: enumerated type mixed with another type
  						GLcd_DrawStringUni(vdm_language_get_text(VDM_LANG_TOTAL_MOUNT+(point/3)*3 +n),10, 10 + n*15, WHITE);
..\Core\User_Driver\user_gui.c(1865): warning:  #188-D: enumerated type mixed with another type
  					current_display = sub1_point + DIS_DAY;
..\Core\User_Driver\user_gui.c(2027): warning:  #188-D: enumerated type mixed with another type
  					current_display = DIS_ERROR_MOTOR + sub1_point;
..\Core\User_Driver\user_gui.c(2039): warning:  #188-D: enumerated type mixed with another type
  						GLcd_DrawStringUni(vdm_language_get_text(VDM_LANG_ERR_MOTOR+(sub1_point/3)*3 +n),10, 10 + n*15, WHITE);
..\Core\User_Driver\user_gui.c(2298): warning:  #188-D: enumerated type mixed with another type
  						GLcd_DrawStringUni(vdm_language_get_text(VDM_LANG_ID_MACHINE+(point/3)*3 +n),10, 10 + n*15, WHITE);
..\Core\User_Driver\user_gui.c(1608): warning:  #546-D: transfer of control bypasses initialization of:
            variable "point_pos"  (declared at line 1840)
            variable "monthday"  (declared at line 1877)
  		switch(current_display)
  		^
..\Core\User_Driver\user_gui.c(75): warning:  #177-D: function "RTC_WeekDayNum"  was declared but never referenced
  static uint8_t RTC_WeekDayNum(uint32_t nYear, uint8_t nMonth, uint8_t nDay);
..\Core\User_Driver\user_gui.c: 29 warnings, 0 errors
linking...
Program Size: Code=62970 RO-data=3838 RW-data=2396 ZI-data=9468  
FromELF: creating hex file...
"IDM\IDM.axf" - 0 Error(s), 47 Warning(s).

<h2>Software Packages used:</h2>

Package Vendor: ARM
                http://www.keil.com/pack/ARM.CMSIS.5.6.0.pack
                ARM.CMSIS.5.6.0
                CMSIS (Cortex Microcontroller Software Interface Standard)
   * Component: CORE Version: 5.3.0

Package Vendor: Keil
                https://www.keil.com/pack/Keil.STM32F1xx_DFP.2.4.1.pack
                Keil.STM32F1xx_DFP.2.4.1
                STMicroelectronics STM32F1 Series Device Support, Drivers and Examples

<h2>Collection of Component include folders:</h2>
  .\RTE\_IDM
  C:\Users\vinhh\AppData\Local\Arm\Packs\ARM\CMSIS\5.6.0\CMSIS\Core\Include
  C:\Users\vinhh\AppData\Local\Arm\Packs\Keil\STM32F1xx_DFP\2.4.1\Device\Include

<h2>Collection of Component Files used:</h2>

   * Component: ARM::CMSIS:CORE:5.3.0
Build Time Elapsed:  00:00:04
</pre>
</body>
</html>
