Component: ARM Compiler 5.06 update 6 (build 750) Tool: armlink [4d35ed]

==============================================================================

Section Cross References

    startup_stm32f103xe.o(STACK) refers (Special) to heapauxi.o(.text) for __use_two_region_memory
    startup_stm32f103xe.o(HEAP) refers (Special) to heapauxi.o(.text) for __use_two_region_memory
    startup_stm32f103xe.o(RESET) refers (Special) to heapauxi.o(.text) for __use_two_region_memory
    startup_stm32f103xe.o(RESET) refers to startup_stm32f103xe.o(STACK) for __initial_sp
    startup_stm32f103xe.o(RESET) refers to startup_stm32f103xe.o(.text) for Reset_Handler
    startup_stm32f103xe.o(RESET) refers to stm32f1xx_it.o(i.NMI_Handler) for NMI_Handler
    startup_stm32f103xe.o(RESET) refers to stm32f1xx_it.o(i.HardFault_Handler) for HardFault_Handler
    startup_stm32f103xe.o(RESET) refers to stm32f1xx_it.o(i.MemManage_Handler) for MemManage_Handler
    startup_stm32f103xe.o(RESET) refers to stm32f1xx_it.o(i.BusFault_Handler) for BusFault_Handler
    startup_stm32f103xe.o(RESET) refers to stm32f1xx_it.o(i.UsageFault_Handler) for UsageFault_Handler
    startup_stm32f103xe.o(RESET) refers to stm32f1xx_it.o(i.SVC_Handler) for SVC_Handler
    startup_stm32f103xe.o(RESET) refers to stm32f1xx_it.o(i.DebugMon_Handler) for DebugMon_Handler
    startup_stm32f103xe.o(RESET) refers to stm32f1xx_it.o(i.PendSV_Handler) for PendSV_Handler
    startup_stm32f103xe.o(RESET) refers to stm32f1xx_it.o(i.SysTick_Handler) for SysTick_Handler
    startup_stm32f103xe.o(RESET) refers to stm32f1xx_it.o(i.RTC_IRQHandler) for RTC_IRQHandler
    startup_stm32f103xe.o(RESET) refers to stm32f1xx_it.o(i.DMA1_Channel2_IRQHandler) for DMA1_Channel2_IRQHandler
    startup_stm32f103xe.o(RESET) refers to stm32f1xx_it.o(i.DMA1_Channel3_IRQHandler) for DMA1_Channel3_IRQHandler
    startup_stm32f103xe.o(RESET) refers to stm32f1xx_it.o(i.DMA1_Channel4_IRQHandler) for DMA1_Channel4_IRQHandler
    startup_stm32f103xe.o(RESET) refers to stm32f1xx_it.o(i.DMA1_Channel5_IRQHandler) for DMA1_Channel5_IRQHandler
    startup_stm32f103xe.o(RESET) refers to stm32f1xx_it.o(i.DMA1_Channel6_IRQHandler) for DMA1_Channel6_IRQHandler
    startup_stm32f103xe.o(RESET) refers to stm32f1xx_it.o(i.DMA1_Channel7_IRQHandler) for DMA1_Channel7_IRQHandler
    startup_stm32f103xe.o(RESET) refers to stm32f1xx_it.o(i.ADC1_2_IRQHandler) for ADC1_2_IRQHandler
    startup_stm32f103xe.o(RESET) refers to stm32f1xx_it.o(i.EXTI9_5_IRQHandler) for EXTI9_5_IRQHandler
    startup_stm32f103xe.o(RESET) refers to stm32f1xx_it.o(i.TIM3_IRQHandler) for TIM3_IRQHandler
    startup_stm32f103xe.o(RESET) refers to stm32f1xx_it.o(i.USART1_IRQHandler) for USART1_IRQHandler
    startup_stm32f103xe.o(RESET) refers to stm32f1xx_it.o(i.USART2_IRQHandler) for USART2_IRQHandler
    startup_stm32f103xe.o(RESET) refers to stm32f1xx_it.o(i.USART3_IRQHandler) for USART3_IRQHandler
    startup_stm32f103xe.o(RESET) refers to stm32f1xx_it.o(i.SDIO_IRQHandler) for SDIO_IRQHandler
    startup_stm32f103xe.o(RESET) refers to stm32f1xx_it.o(i.TIM6_IRQHandler) for TIM6_IRQHandler
    startup_stm32f103xe.o(.text) refers (Special) to heapauxi.o(.text) for __use_two_region_memory
    startup_stm32f103xe.o(.text) refers to system_stm32f1xx.o(i.SystemInit) for SystemInit
    startup_stm32f103xe.o(.text) refers to __main.o(!!!main) for __main
    startup_stm32f103xe.o(.text) refers to startup_stm32f103xe.o(HEAP) for Heap_Mem
    startup_stm32f103xe.o(.text) refers to startup_stm32f103xe.o(STACK) for Stack_Mem
    main.o(i.Error_Handler) refers to noretval__2printf.o(.text) for __2printf
    main.o(i.HAL_RTCEx_RTCEventCallback) refers to main.o(.data) for .data
    main.o(i.HAL_TIM_PeriodElapsedCallback) refers to stm32f1xx_hal_gpio.o(i.HAL_GPIO_WritePin) for HAL_GPIO_WritePin
    main.o(i.HAL_TIM_PeriodElapsedCallback) refers to user_gui.o(i.scan_switch) for scan_switch
    main.o(i.HAL_TIM_PeriodElapsedCallback) refers to main.o(.bss) for .bss
    main.o(i.HAL_TIM_PeriodElapsedCallback) refers to main.o(.data) for .data
    main.o(i.HAL_TIM_PeriodElapsedCallback) refers to imd.o(.data) for count
    main.o(i.HAL_TIM_PeriodElapsedCallback) refers to gsm_app.o(.data) for AT_timeout
    main.o(i.HAL_TIM_PeriodElapsedCallback) refers to dht_sensor.o(.data) for flag_readDHT12
    main.o(i.HAL_TIM_PeriodElapsedCallback) refers to imd.o(.bss) for Led1
    main.o(i.MX_ADC1_Init) refers to stm32f1xx_hal_adc.o(i.HAL_ADC_Init) for HAL_ADC_Init
    main.o(i.MX_ADC1_Init) refers to stm32f1xx_hal_adc.o(i.HAL_ADC_ConfigChannel) for HAL_ADC_ConfigChannel
    main.o(i.MX_ADC1_Init) refers to main.o(i.Error_Handler) for Error_Handler
    main.o(i.MX_ADC1_Init) refers to main.o(.bss) for .bss
    main.o(i.MX_GPIO_Init) refers to stm32f1xx_hal_gpio.o(i.HAL_GPIO_WritePin) for HAL_GPIO_WritePin
    main.o(i.MX_GPIO_Init) refers to stm32f1xx_hal_gpio.o(i.HAL_GPIO_Init) for HAL_GPIO_Init
[...]
    test_lcd                                 0x0800dc05   Thumb Code   396  tft_glcd.o(i.test_lcd)
    vdm_NV11_Init                            0x0800ddc1   Thumb Code   386  nv11.o(i.vdm_NV11_Init)
    vdm_NV11_Process                         0x0800e109   Thumb Code   126  nv11.o(i.vdm_NV11_Process)
    vdm_app_gsm_send_door_frame              0x0800e211   Thumb Code   454  vdm_app_gsm.o(i.vdm_app_gsm_send_door_frame)
    vdm_app_gsm_send_heartbeat               0x0800e409   Thumb Code   370  vdm_app_gsm.o(i.vdm_app_gsm_send_heartbeat)
    vdm_app_gsm_send_start_frame             0x0800e591   Thumb Code    26  vdm_app_gsm.o(i.vdm_app_gsm_send_start_frame)
    vdm_app_gsm_set_device_id                0x0800e5b1   Thumb Code   126  vdm_app_gsm.o(i.vdm_app_gsm_set_device_id)
    vdm_device_config_get_item_price         0x0800e659   Thumb Code    44  vdm_device_config.o(i.vdm_device_config_get_item_price)
    vdm_device_config_get_item_remain        0x0800e689   Thumb Code    46  vdm_device_config.o(i.vdm_device_config_get_item_remain)
    vdm_device_config_lock_resource          0x0800e6bd   Thumb Code     4  vdm_device_config.o(i.vdm_device_config_lock_resource)
    vdm_device_config_unlock_resource        0x0800e6c1   Thumb Code     2  vdm_device_config.o(i.vdm_device_config_unlock_resource)
    vdm_get_device_config                    0x0800e6c5   Thumb Code     4  vdm_device_config.o(i.vdm_get_device_config)
    vdm_language_get_text                    0x0800e6cd   Thumb Code     8  vdm_language.o(i.vdm_language_get_text)
    vnfontFindPosition                       0x0800ecb1   Thumb Code  1466  vnfont.o(i.vnfontFindPosition)
    waitForPulse                             0x0800f26d   Thumb Code    58  dht_sensor.o(i.waitForPulse)
    _get_lc_ctype                            0x0800f2c5   Thumb Code    44  lc_ctype_c.o(locale$$code)
    __aeabi_d2f                              0x0800f2f1   Thumb Code     0  d2f.o(x$fpl$d2f)
    _d2f                                     0x0800f2f1   Thumb Code    98  d2f.o(x$fpl$d2f)
    __aeabi_ui2d                             0x0800f353   Thumb Code     0  dflt_clz.o(x$fpl$dfltu)
    _dfltu                                   0x0800f353   Thumb Code    38  dflt_clz.o(x$fpl$dfltu)
    __aeabi_dmul                             0x0800f379   Thumb Code     0  dmul.o(x$fpl$dmul)
    _dmul                                    0x0800f379   Thumb Code   332  dmul.o(x$fpl$dmul)
    __fpl_dnaninf                            0x0800f4cd   Thumb Code   156  dnaninf.o(x$fpl$dnaninf)
    __fpl_dretinf                            0x0800f569   Thumb Code    12  dretinf.o(x$fpl$dretinf)
    __fpl_fcmp_Inf                           0x0800f575   Thumb Code    24  fcmpi.o(x$fpl$fcmpinf)
    __aeabi_f2iz                             0x0800f58d   Thumb Code     0  ffix.o(x$fpl$ffix)
    _ffix                                    0x0800f58d   Thumb Code    54  ffix.o(x$fpl$ffix)
    __aeabi_f2uiz                            0x0800f5c5   Thumb Code     0  ffixu.o(x$fpl$ffixu)
    _ffixu                                   0x0800f5c5   Thumb Code    62  ffixu.o(x$fpl$ffixu)
    __aeabi_ui2f                             0x0800f605   Thumb Code     0  fflt_clz.o(x$fpl$ffltu)
    _ffltu                                   0x0800f605   Thumb Code    38  fflt_clz.o(x$fpl$ffltu)
    __aeabi_cfcmple                          0x0800f62d   Thumb Code     0  fleqf.o(x$fpl$fleqf)
    _fcmple                                  0x0800f62d   Thumb Code   104  fleqf.o(x$fpl$fleqf)
    __fpl_fcmple_InfNaN                      0x0800f67f   Thumb Code     0  fleqf.o(x$fpl$fleqf)
    __fpl_fnaninf                            0x0800f695   Thumb Code   140  fnaninf.o(x$fpl$fnaninf)
    __fpl_fretinf                            0x0800f721   Thumb Code    10  fretinf.o(x$fpl$fretinf)
    __I$use$fp                               0x0800f72a   Number         0  usenofp.o(x$fpl$usenofp)
    AHBPrescTable                            0x0800f74e   Data          16  system_stm32f1xx.o(.constdata)
    APBPrescTable                            0x0800f75e   Data           8  system_stm32f1xx.o(.constdata)
    g_font6x8                                0x0800f770   Data         768  glcd_font.o(.constdata)
    g_vnfont_8x15                            0x0800fa7d   Data        1261  vnfont.o(.constdata)
    img_arrow_bmp                            0x0800ff74   Data           6  user_gui.o(.constdata)
    img_del_arrow_bmp                        0x0800ff7a   Data           6  user_gui.o(.constdata)
    SD_Driver                                0x0800ffec   Data          20  sd_diskio.o(.constdata)
    _monlen                                  0x08010039   Data          12  _monlen.o(.constdata)
    Region$$Table$$Base                      0x080103c8   Number         0  anon$$obj.o(Region$$Table)
    Region$$Table$$Limit                     0x080103e8   Number         0  anon$$obj.o(Region$$Table)
    __ctype                                  0x080103f5   Data           0  lc_ctype_c.o(locale$$data)
    isSecond                                 0x20000000   Data           1  main.o(.data)
    isSecond_display                         0x20000001   Data           1  main.o(.data)
    time_buzz                                0x20000004   Data           4  main.o(.data)
    stt_DHT                                  0x20000008   Data           4  main.o(.data)
    GSM                                      0x2000000c   Data           5  main.o(.data)
    __stdout                                 0x20000014   Data           4  main.o(.data)
    uwTickFreq                               0x20000018   Data           1  stm32f1xx_hal.o(.data)
    uwTickPrio                               0x2000001c   Data           4  stm32f1xx_hal.o(.data)
    uwTick                                   0x20000020   Data           4  stm32f1xx_hal.o(.data)
    SystemCoreClock                          0x20000024   Data           4  system_stm32f1xx.o(.data)
    font6x8                                  0x20000030   Data          12  glcd_font.o(.data)
    m_nv11_initialized                       0x2000003c   Data           1  nv11.o(.data)
    m_is_holding                             0x2000003d   Data           1  nv11.o(.data)
    m_last_n11_event                         0x2000003e   Data           1  nv11.o(.data)
    m_unit_type                              0x2000003f   Data           1  nv11.o(.data)
    m_channel_num                            0x20000040   Data           1  nv11.o(.data)
    m_action_payout_fault                    0x20000041   Data           1  nv11.o(.data)
    m_lastest_note                           0x20000044   Data           4  nv11.o(.data)
    m_refund_note                            0x20000048   Data           4  nv11.o(.data)
    m_num_note_payout                        0x20000058   Data           4  nv11.o(.data)
    m_last_num_note_payout                   0x2000005c   Data           4  nv11.o(.data)
    m_error_payout                           0x20000060   Data           4  nv11.o(.data)
    m_denominations                          0x20000068   Data          36  nv11.o(.data)
    rx1_size                                 0x2000008c   Data           2  serialfunc.o(.data)
    char_table                               0x20000094   Data         208  vnfont.o(.data)
    code_offset_table                        0x20000164   Data          60  vnfont.o(.data)
    code_mapping_table                       0x200001a0   Data         256  vnfont.o(.data)
    code_width_table                         0x200002a0   Data          15  vnfont.o(.data)
    heigh                                    0x200002af   Data           1  vnfont.o(.data)
    currentTime                              0x200002b0   Data           8  rtc_time.o(.data)
    TCP_step                                 0x200002b8   Data           1  gsm_app.o(.data)
    current_TCP_step                         0x200002b9   Data           1  gsm_app.o(.data)
    AT_respone                               0x200002ba   Data           1  gsm_app.o(.data)
    AT_timeout                               0x200002bc   Data           2  gsm_app.o(.data)
    Port                                     0x200002be   Data           2  gsm_app.o(.data)
    count_timeout                            0x200002c0   Data           2  gsm_app.o(.data)
    topQueue                                 0x200002c2   Data           2  gsm_app.o(.data)
    bottomQueue                              0x200002c4   Data           2  gsm_app.o(.data)
    commandGSMList                           0x200002c6   Data         364  gsm_app.o(.data)
    havemoney                                0x20000434   Data           1  imd.o(.data)
    IDM_state                                0x20000435   Data           1  imd.o(.data)
    State                                    0x20000436   Data           1  imd.o(.data)
    time_blink_led_error_cell                0x20000437   Data           1  imd.o(.data)
    count                                    0x20000438   Data           4  imd.o(.data)
    Humidity                                 0x2000043c   Data           4  imd.o(.data)
    IDM_Errors                               0x20000440   Data           3  imd.o(.data)
    Temperature                              0x20000444   Data           4  imd.o(.data)
    key_tick                                 0x20000448   Data           1  user_gui.o(.data)
    old_key                                  0x20000449   Data           1  user_gui.o(.data)
    point                                    0x2000044a   Data           1  user_gui.o(.data)
    old_point                                0x2000044b   Data           1  user_gui.o(.data)
    show_time                                0x2000044c   Data           1  user_gui.o(.data)
    last_DIS                                 0x2000044d   Data           1  user_gui.o(.data)
    current_display                          0x2000044e   Data           1  user_gui.o(.data)
    old_display                              0x2000044f   Data           1  user_gui.o(.data)
    csq                                      0x20000450   Data           1  user_gui.o(.data)
    sub1_point                               0x20000451   Data           1  user_gui.o(.data)
    sub2_point                               0x20000452   Data           1  user_gui.o(.data)
    Old_cell_state                           0x20000453   Data           1  user_gui.o(.data)
    stt_door                                 0x20000454   Data           1  user_gui.o(.data)
    temp_data_Menu                           0x20000456   Data           2  user_gui.o(.data)
    key_count                                0x20000458   Data           4  user_gui.o(.data)
    pass_shop                                0x2000045c   Data           6  user_gui.o(.data)
    pass_tech                                0x20000462   Data           6  user_gui.o(.data)
    TimeSetting                              0x20000468   Data           8  user_gui.o(.data)
    key_map                                  0x20000470   Data          16  user_gui.o(.data)
    flag_readDHT12                           0x20000480   Data           1  dht_sensor.o(.data)
    m_lang_text                              0x20000488   Data         368  vdm_language.o(.data)
    m_door_close_frame                       0x2000065f   Data         166  vdm_app_gsm.o(.data)
    m_heartbeat_frame                        0x20000770   Data         109  vdm_app_gsm.o(.data)
    isLCD_COLOR                              0x20000954   Data           1  tft_glcd.o(.data)
    res                                      0x20000955   Data           1  tft_glcd.o(.data)
    retSD                                    0x20000956   Data           1  fatfs.o(.data)
    SDPath                                   0x20000957   Data           4  fatfs.o(.data)
    DHT_21                                   0x2000095c   Data          36  main.o(.bss)
    hadc1                                    0x20000980   Data          48  main.o(.bss)
    hrtc                                     0x200009b0   Data          20  main.o(.bss)
    hsd                                      0x200009c4   Data         132  main.o(.bss)
    hspi2                                    0x20000a48   Data          88  main.o(.bss)
    htim3                                    0x20000aa0   Data          72  main.o(.bss)
    htim6                                    0x20000ae8   Data          72  main.o(.bss)
    huart1                                   0x20000b30   Data          72  main.o(.bss)
    huart2                                   0x20000b78   Data          72  main.o(.bss)
    huart3                                   0x20000bc0   Data          72  main.o(.bss)
    hdma_usart1_rx                           0x20000c08   Data          68  main.o(.bss)
    hdma_usart1_tx                           0x20000c4c   Data          68  main.o(.bss)
    hdma_usart2_rx                           0x20000c90   Data          68  main.o(.bss)
    hdma_usart2_tx                           0x20000cd4   Data          68  main.o(.bss)
    hdma_usart3_rx                           0x20000d18   Data          68  main.o(.bss)
    hdma_usart3_tx                           0x20000d5c   Data          68  main.o(.bss)
    encPktCount                              0x200011a0   Data         800  itlsspproc.o(.bss)
    sspSeq                                   0x200014c0   Data         200  itlsspproc.o(.bss)
    m_ssp_cmd                                0x20001588   Data         544  nv11.o(.bss)
    m_channel                                0x200017a8   Data          40  nv11.o(.bss)
    m_stored_notes                           0x200017d0   Data          40  nv11.o(.bss)
    m_refund_channels                        0x200017f8   Data          10  nv11.o(.bss)
    m_setup_req                              0x20001804   Data         260  nv11.o(.bss)
    rx1_buffer                               0x20001908   Data         256  serialfunc.o(.bss)
    m_ssp_rx_raw_buffer                      0x20001a1c   Data         512  serialfunc.o(.bss)
    m_ssp_rx_dma_buffer                      0x20001c1c   Data         256  serialfunc.o(.bss)
    m_compile_buffer                         0x20001d1c   Data         255  sspcoms.o(.bss)
    m_ssp_packet                             0x20001e1b   Data         517  sspcoms.o(.bss)
    cmd_data                                 0x20002020   Data         255  sspcoms.o(.bss)
    m_device_config                          0x20002120   Data         844  vdm_device_config.o(.bss)
    APN                                      0x2000247c   Data          20  gsm_app.o(.bss)
    USER                                     0x20002490   Data          20  gsm_app.o(.bss)
    PASS                                     0x200024a4   Data          20  gsm_app.o(.bss)
    GSM_buffer                               0x200024b8   Data         256  gsm_app.o(.bss)
    s                                        0x200025b8   Data          50  gsm_app.o(.bss)
    ip_server                                0x200025ea   Data          16  gsm_app.o(.bss)
    IDM                                      0x200025fc   Data          18  imd.o(.bss)
    IDM_Status                               0x20002610   Data          56  imd.o(.bss)
    buy                                      0x20002648   Data          12  imd.o(.bss)
    Led1                                     0x20002654   Data          20  imd.o(.bss)
    Led2                                     0x20002668   Data          20  imd.o(.bss)
    Led3                                     0x2000267c   Data          20  imd.o(.bss)
    temp_menu_char                           0x20002690   Data          30  user_gui.o(.bss)
    str                                      0x200026ae   Data          30  user_gui.o(.bss)
    disk                                     0x200026d8   Data          12  ff_gen_drv.o(.bss)
    _random_number_data                      0x200026e4   Data         228  rand.o(.bss)
    __libspace_start                         0x200027f4   Data          96  libspace.o(.bss)
    __temporary_stack_top$libspace           0x20002854   Data           0  libspace.o(.bss)



==============================================================================

Memory Map of the image

  Image Entry point : 0x08000131

  Load Region LR_IROM1 (Base: 0x08000000, Size: 0x00010e54, Max: 0x00080000, ABSOLUTE, COMPRESSED[0x00010790])

    Execution Region ER_IROM1 (Exec base: 0x08000000, Load base: 0x08000000, Size: 0x000104f8, Max: 0x00080000, ABSOLUTE)

    Exec Addr    Load Addr    Size         Type   Attr      Idx    E Section Name        Object

    0x08000000   0x08000000   0x00000130   Data   RO            3    RESET               startup_stm32f103xe.o
    0x08000130   0x08000130   0x00000008   Code   RO         7762  * !!!main             c_w.l(__main.o)
    0x08000138   0x08000138   0x00000034   Code   RO         8196    !!!scatter          c_w.l(__scatter.o)
    0x0800016c   0x0800016c   0x0000005a   Code   RO         8194    !!dczerorl2         c_w.l(__dczerorl2.o)
    0x080001c6   0x080001c6   0x00000002   PAD
    0x080001c8   0x080001c8   0x0000001c   Code   RO         8198    !!handler_zi        c_w.l(__scatter_zi.o)
    0x080001e4   0x080001e4   0x00000000   Code   RO         7735    .ARM.Collect$$_printf_percent$$00000000  c_w.l(_printf_percent.o)
    0x080001e4   0x080001e4   0x00000006   Code   RO         7733    .ARM.Collect$$_printf_percent$$00000009  c_w.l(_printf_d.o)
    0x080001ea   0x080001ea   0x00000006   Code   RO         7734    .ARM.Collect$$_printf_percent$$0000000A  c_w.l(_printf_u.o)
    0x080001f0   0x080001f0   0x00000006   Code   RO         7732    .ARM.Collect$$_printf_percent$$0000000C  c_w.l(_printf_x.o)
    0x080001f6   0x080001f6   0x00000006   Code   RO         7730    .ARM.Collect$$_printf_percent$$00000013  c_w.l(_printf_c.o)
    0x080001fc   0x080001fc   0x00000006   Code   RO         7731    .ARM.Collect$$_printf_percent$$00000014  c_w.l(_printf_s.o)
    0x08000202   0x08000202   0x00000004   Code   RO         7861    .ARM.Collect$$_printf_percent$$00000017  c_w.l(_printf_percent_end.o)
    0x08000206   0x08000206   0x00000002   Code   RO         8039    .ARM.Collect$$libinit$$00000000  c_w.l(libinit.o)
    0x08000208   0x08000208   0x00000000   Code   RO         7876    .ARM.Collect$$libinit$$00000002  c_w.l(libinit2.o)
    0x08000208   0x08000208   0x00000000   Code   RO         7878    .ARM.Collect$$libinit$$00000004  c_w.l(libinit2.o)
    0x08000208   0x08000208   0x00000000   Code   RO         7881    .ARM.Collect$$libinit$$0000000A  c_w.l(libinit2.o)
    0x08000208   0x08000208   0x00000000   Code   RO         7883    .ARM.Collect$$libinit$$0000000C  c_w.l(libinit2.o)
    0x08000208   0x08000208   0x00000004   Code   RO         7884    .ARM.Collect$$libinit$$0000000D  c_w.l(libinit2.o)
    0x0800020c   0x0800020c   0x00000000   Code   RO         7885    .ARM.Collect$$libinit$$0000000E  c_w.l(libinit2.o)
    0x0800020c   0x0800020c   0x00000006   Code   RO         7886    .ARM.Collect$$libinit$$0000000F  c_w.l(libinit2.o)
    0x08000212   0x08000212   0x00000000   Code   RO         7888    .ARM.Collect$$libinit$$00000011  c_w.l(libinit2.o)
    0x08000212   0x08000212   0x0000000c   Code   RO         7889    .ARM.Collect$$libinit$$00000012  c_w.l(libinit2.o)
    0x0800021e   0x0800021e   0x00000000   Code   RO         7890    .ARM.Collect$$libinit$$00000013  c_w.l(libinit2.o)
    0x0800021e   0x0800021e   0x00000000   Code   RO         7892    .ARM.Collect$$libinit$$00000015  c_w.l(libinit2.o)
    0x0800021e   0x0800021e   0x00000000   Code   RO         7894    .ARM.Collect$$libinit$$00000017  c_w.l(libinit2.o)
    0x0800021e   0x0800021e   0x00000000   Code   RO         7896    .ARM.Collect$$libinit$$00000019  c_w.l(libinit2.o)
    0x0800021e   0x0800021e   0x00000000   Code   RO         7898    .ARM.Collect$$libinit$$0000001B  c_w.l(libinit2.o)
    0x0800021e   0x0800021e   0x00000000   Code   RO         7900    .ARM.Collect$$libinit$$0000001D  c_w.l(libinit2.o)
    0x0800021e   0x0800021e   0x00000000   Code   RO         7902    .ARM.Collect$$libinit$$0000001F  c_w.l(libinit2.o)
    0x0800021e   0x0800021e   0x00000000   Code   RO         7904    .ARM.Collect$$libinit$$00000021  c_w.l(libinit2.o)
    0x0800021e   0x0800021e   0x00000000   Code   RO         7906    .ARM.Collect$$libinit$$00000023  c_w.l(libinit2.o)
    0x0800021e   0x0800021e   0x00000000   Code   RO         7908    .ARM.Collect$$libinit$$00000025  c_w.l(libinit2.o)
    0x0800021e   0x0800021e   0x00000000   Code   RO         7912    .ARM.Collect$$libinit$$0000002C  c_w.l(libinit2.o)
    0x0800021e   0x0800021e   0x00000000   Code   RO         7914    .ARM.Collect$$libinit$$0000002E  c_w.l(libinit2.o)
    0x0800021e   0x0800021e   0x00000000   Code   RO         7916    .ARM.Collect$$libinit$$00000030  c_w.l(libinit2.o)
    0x0800021e   0x0800021e   0x00000000   Code   RO         7918    .ARM.Collect$$libinit$$00000032  c_w.l(libinit2.o)
    0x0800021e   0x0800021e   0x00000002   Code   RO         7919    .ARM.Collect$$libinit$$00000033  c_w.l(libinit2.o)
    0x08000220   0x08000220   0x00000002   Code   RO         8148    .ARM.Collect$$libshutdown$$00000000  c_w.l(libshutdown.o)
    0x08000222   0x08000222   0x00000000   Code   RO         8080    .ARM.Collect$$libshutdown$$00000002  c_w.l(libshutdown2.o)
    0x08000222   0x08000222   0x00000000   Code   RO         8082    .ARM.Collect$$libshutdown$$00000004  c_w.l(libshutdown2.o)
    0x08000222   0x08000222   0x00000000   Code   RO         8085    .ARM.Collect$$libshutdown$$00000007  c_w.l(libshutdown2.o)
    0x08000222   0x08000222   0x00000000   Code   RO         8088    .ARM.Collect$$libshutdown$$0000000A  c_w.l(libshutdown2.o)
    0x08000222   0x08000222   0x00000000   Code   RO         8090    .ARM.Collect$$libshutdown$$0000000C  c_w.l(libshutdown2.o)
    0x08000222   0x08000222   0x00000000   Code   RO         8093    .ARM.Collect$$libshutdown$$0000000F  c_w.l(libshutdown2.o)
    0x08000222   0x08000222   0x00000002   Code   RO         8094    .ARM.Collect$$libshutdown$$00000010  c_w.l(libshutdown2.o)
    0x08000224   0x08000224   0x00000000   Code   RO         7816    .ARM.Collect$$rtentry$$00000000  c_w.l(__rtentry.o)
    0x08000224   0x08000224   0x00000000   Code   RO         7940    .ARM.Collect$$rtentry$$00000002  c_w.l(__rtentry2.o)
    0x08000224   0x08000224   0x00000006   Code   RO         7952    .ARM.Collect$$rtentry$$00000004  c_w.l(__rtentry4.o)
    0x0800022a   0x0800022a   0x00000000   Code   RO         7942    .ARM.Collect$$rtentry$$00000009  c_w.l(__rtentry2.o)
    0x0800022a   0x0800022a   0x00000004   Code   RO         7943    .ARM.Collect$$rtentry$$0000000A  c_w.l(__rtentry2.o)
    0x0800022e   0x0800022e   0x00000000   Code   RO         7945    .ARM.Collect$$rtentry$$0000000C  c_w.l(__rtentry2.o)
    0x0800022e   0x0800022e   0x00000008   Code   RO         7946    .ARM.Collect$$rtentry$$0000000D  c_w.l(__rtentry2.o)
    0x08000236   0x08000236   0x00000002   Code   RO         8042    .ARM.Collect$$rtexit$$00000000  c_w.l(rtexit.o)
    0x08000238   0x08000238   0x00000000   Code   RO         8114    .ARM.Collect$$rtexit$$00000002  c_w.l(rtexit2.o)
    0x08000238   0x08000238   0x00000004   Code   RO         8115    .ARM.Collect$$rtexit$$00000003  c_w.l(rtexit2.o)
    0x0800023c   0x0800023c   0x00000006   Code   RO         8116    .ARM.Collect$$rtexit$$00000004  c_w.l(rtexit2.o)
    0x08000242   0x08000242   0x00000002   PAD
    0x08000244   0x08000244   0x00000034   Code   RO         7738    .emb_text           c_w.l(rand.o)
    0x08000278   0x08000278   0x00000040   Code   RO            4    .text               startup_stm32f103xe.o
    0x080002b8   0x080002b8   0x00000026   Code   RO         7665    .text               c_w.l(llshl.o)
    0x080002de   0x080002de   0x00000026   Code   RO         7669    .text               c_w.l(llsshr.o)
    0x08000304   0x08000304   0x00000048   Code   RO         7671    .text               c_w.l(llsdiv.o)
    0x0800034c   0x0800034c   0x00000018   Code   RO         7677    .text               c_w.l(noretval__2printf.o)
    0x08000364   0x08000364   0x00000028   Code   RO         7679    .text               c_w.l(noretval__2sprintf.o)
    0x0800038c   0x0800038c   0x0000004e   Code   RO         7683    .text               c_w.l(_printf_pad.o)
    0x080003da   0x080003da   0x00000052   Code   RO         7685    .text               c_w.l(_printf_str.o)
    0x0800042c   0x0800042c   0x00000078   Code   RO         7687    .text               c_w.l(_printf_dec.o)
    0x080004a4   0x080004a4   0x00000058   Code   RO         7692    .text               c_w.l(_printf_hex_int.o)
    0x080004fc   0x080004fc   0x00000138   Code   RO         7722    .text               c_w.l(__printf_flags_wp.o)
    0x08000634   0x08000634   0x0000001a   Code   RO         7736    .text               c_w.l(atoi.o)
    0x0800064e   0x0800064e   0x00000002   PAD
    0x08000650   0x08000650   0x0000003c   Code   RO         7739    .text               c_w.l(rand.o)
    0x0800068c   0x0800068c   0x00000016   Code   RO         7743    .text               c_w.l(abort.o)
    0x080006a2   0x080006a2   0x0000003e   Code   RO         7745    .text               c_w.l(strlen.o)
    0x080006e0   0x080006e0   0x0000008a   Code   RO         7747    .text               c_w.l(rt_memcpy_v6.o)
    0x0800076a   0x0800076a   0x00000064   Code   RO         7749    .text               c_w.l(rt_memcpy_w.o)
    0x080007ce   0x080007ce   0x0000004e   Code   RO         7753    .text               c_w.l(rt_memclr_w.o)
    0x0800081c   0x0800081c   0x0000000c   Code   RO         7755    .text               c_w.l(localtime.o)
    0x08000828   0x08000828   0x000001ac   Code   RO         7758    .text               c_w.l(mktime.o)
    0x080009d4   0x080009d4   0x00000006   Code   RO         7760    .text               c_w.l(heapauxi.o)
    0x080009da   0x080009da   0x00000002   PAD
    0x080009dc   0x080009dc   0x0000000c   Code   RO         7812    .text               c_w.l(sys_exit.o)
    0x080009e8   0x080009e8   0x00000008   Code   RO         7825    .text               c_w.l(rt_errno_addr_intlibspace.o)
    0x080009f0   0x080009f0   0x000000ee   Code   RO         7847    .text               c_w.l(lludivv7m.o)
    0x08000ade   0x08000ade   0x000000b2   Code   RO         7851    .text               c_w.l(_printf_intcommon.o)
    0x08000b90   0x08000b90   0x00000030   Code   RO         7853    .text               c_w.l(_printf_char_common.o)
    0x08000bc0   0x08000bc0   0x0000000a   Code   RO         7855    .text               c_w.l(_sputc.o)
    0x08000bca   0x08000bca   0x0000002c   Code   RO         7857    .text               c_w.l(_printf_char.o)
    0x08000bf6   0x08000bf6   0x00000002   PAD
    0x08000bf8   0x08000bf8   0x00000024   Code   RO         7859    .text               c_w.l(_printf_char_file.o)
    0x08000c1c   0x08000c1c   0x00000070   Code   RO         7864    .text               c_w.l(strtol.o)
    0x08000c8c   0x08000c8c   0x0000000e   Code   RO         7866    .text               c_w.l(defsig_abrt_outer.o)
    0x08000c9a   0x08000c9a   0x00000002   PAD
    0x08000c9c   0x08000c9c   0x000000b8   Code   RO         7871    .text               c_w.l(localtime_internal.o)
    0x08000d54   0x08000d54   0x00000008   Code   RO         7933    .text               c_w.l(libspace.o)
    0x08000d5c   0x08000d5c   0x00000002   Code   RO         7936    .text               c_w.l(use_no_semi.o)
    0x08000d5e   0x08000d5e   0x00000000   Code   RO         7938    .text               c_w.l(indicate_semi.o)
    0x08000d5e   0x08000d5e   0x00000002   PAD
    0x08000d60   0x08000d60   0x00000010   Code   RO         7954    .text               c_w.l(rt_ctype_table.o)
    0x08000d70   0x08000d70   0x0000009e   Code   RO         7976    .text               c_w.l(_strtoul.o)
    0x08000e0e   0x08000e0e   0x00000008   Code   RO         7978    .text               c_w.l(ferror.o)
    0x08000e16   0x08000e16   0x0000000a   Code   RO         7985    .text               c_w.l(defsig_exit.o)
    0x08000e20   0x08000e20   0x00000030   Code   RO         7987    .text               c_w.l(defsig_abrt_inner.o)
    0x08000e50   0x08000e50   0x0000004a   Code   RO         8002    .text               c_w.l(sys_stackheap_outer.o)
    0x08000e9a   0x08000e9a   0x00000002   PAD
    0x08000e9c   0x08000e9c   0x00000008   Code   RO         8009    .text               c_w.l(rt_locale_intlibspace.o)
    0x08000ea4   0x08000ea4   0x0000001c   Code   RO         8013    .text               c_w.l(_chval.o)
    0x08000ec0   0x08000ec0   0x00000012   Code   RO         8020    .text               c_w.l(exit.o)
    0x08000ed2   0x08000ed2   0x00000032   Code   RO         8024    .text               c_w.l(defsig_general.o)
    0x08000f04   0x08000f04   0x00000080   Code   RO         8028    .text               c_w.l(strcmpv7m.o)
    0x08000f84   0x08000f84   0x0000000e   Code   RO         8040    .text               c_w.l(sys_wrch.o)
    0x08000f92   0x08000f92   0x00000002   PAD
    0x08000f94   0x08000f94   0x0000000c   Code   RO          343    i.ADC1_2_IRQHandler  stm32f1xx_it.o
    0x08000fa0   0x08000fa0   0x00000056   Code   RO          646    i.ADC_ConversionStop_Disable  stm32f1xx_hal_adc.o
    0x08000ff6   0x08000ff6   0x00000082   Code   RO         6586    i.Active_Window     tft_glcd.o
    0x08001078   0x08001078   0x00000002   Code   RO         6926    i.BSP_SD_AbortCallback  bsp_driver_sd.o
    0x0800107a   0x0800107a   0x00000002   PAD
    0x0800107c   0x0800107c   0x0000000c   Code   RO         6929    i.BSP_SD_GetCardInfo  bsp_driver_sd.o
    0x08001088   0x08001088   0x00000018   Code   RO         6930    i.BSP_SD_GetCardState  bsp_driver_sd.o
    0x080010a0   0x080010a0   0x0000001c   Code   RO         6932    i.BSP_SD_Init       bsp_driver_sd.o
    0x080010bc   0x080010bc   0x0000000e   Code   RO         6933    i.BSP_SD_IsDetected  bsp_driver_sd.o
    0x080010ca   0x080010ca   0x00000002   PAD
    0x080010cc   0x080010cc   0x00000020   Code   RO         6934    i.BSP_SD_ReadBlocks  bsp_driver_sd.o
    0x080010ec   0x080010ec   0x00000002   Code   RO         6936    i.BSP_SD_ReadCpltCallback  bsp_driver_sd.o
    0x080010ee   0x080010ee   0x00000002   PAD
    0x080010f0   0x080010f0   0x00000020   Code   RO         6937    i.BSP_SD_WriteBlocks  bsp_driver_sd.o
    0x08001110   0x08001110   0x00000002   Code   RO         6939    i.BSP_SD_WriteCpltCallback  bsp_driver_sd.o
    0x08001112   0x08001112   0x00000002   Code   RO          344    i.BusFault_Handler  stm32f1xx_it.o
    0x08001114   0x08001114   0x0000000e   Code   RO         6590    i.Chk_Busy          tft_glcd.o
    0x08001122   0x08001122   0x00000012   Code   RO         6591    i.Chk_DMA_Busy      tft_glcd.o
    0x08001134   0x08001134   0x000000f0   Code   RO         5499    i.CompileSSPCommand  sspcoms.o
    0x08001224   0x08001224   0x00000044   Code   RO         4710    i.CreateHostInterKey  itlsspproc.o
    0x08001268   0x08001268   0x00000020   Code   RO         4711    i.CreateSSPHostEncryptionKey  itlsspproc.o
    0x08001288   0x08001288   0x00000058   Code   RO         6228    i.DHT_Sensor_Init   dht_sensor.o
    0x080012e0   0x080012e0   0x00000250   Code   RO         6229    i.DHT_Sensor_Read   dht_sensor.o
    0x08001530   0x08001530   0x0000000c   Code   RO          345    i.DMA1_Channel2_IRQHandler  stm32f1xx_it.o
    0x0800153c   0x0800153c   0x0000000c   Code   RO          346    i.DMA1_Channel3_IRQHandler  stm32f1xx_it.o
    0x08001548   0x08001548   0x0000000c   Code   RO          347    i.DMA1_Channel4_IRQHandler  stm32f1xx_it.o
    0x08001554   0x08001554   0x0000000c   Code   RO          348    i.DMA1_Channel5_IRQHandler  stm32f1xx_it.o
    0x08001560   0x08001560   0x0000000c   Code   RO          349    i.DMA1_Channel6_IRQHandler  stm32f1xx_it.o
    0x0800156c   0x0800156c   0x0000000c   Code   RO          350    i.DMA1_Channel7_IRQHandler  stm32f1xx_it.o
    0x08001578   0x08001578   0x0000002a   Code   RO         1302    i.DMA_SetConfig     stm32f1xx_hal_dma.o
    0x080015a2   0x080015a2   0x00000030   Code   RO         6595    i.DMA_Start_address_setting  tft_glcd.o
    0x080015d2   0x080015d2   0x00000054   Code   RO         6596    i.DMA_block_mode_size_setting  tft_glcd.o
    0x08001626   0x08001626   0x00000002   Code   RO          351    i.DebugMon_Handler  stm32f1xx_it.o
    0x08001628   0x08001628   0x00000026   Code   RO         4712    i.DecryptSSPPacket  itlsspproc.o
    0x0800164e   0x0800164e   0x00000012   Code   RO         6598    i.Display_ON        tft_glcd.o
    0x08001660   0x08001660   0x00000068   Code   RO         6599    i.Displaypicture    tft_glcd.o
    0x080016c8   0x080016c8   0x00000082   Code   RO         6601    i.Draw_Ellipse      tft_glcd.o
    0x0800174a   0x0800174a   0x00000006   Code   RO          352    i.EXTI9_5_IRQHandler  stm32f1xx_it.o
    0x08001750   0x08001750   0x000000e0   Code   RO         4713    i.EncryptSSPPacket  itlsspproc.o
    0x08001830   0x08001830   0x00000014   Code   RO           13    i.Error_Handler     main.o
    0x08001844   0x08001844   0x00000006   Code   RO         7478    i.FATFS_LinkDriver  ff_gen_drv.o
    0x0800184a   0x0800184a   0x00000002   PAD
    0x0800184c   0x0800184c   0x00000040   Code   RO         7479    i.FATFS_LinkDriverEx  ff_gen_drv.o
    0x0800188c   0x0800188c   0x0000002c   Code   RO         6346    i.Flash_write_pin   flash.o
    0x080018b8   0x080018b8   0x00000042   Code   RO         6604    i.FontWrite_Position  tft_glcd.o
    0x080018fa   0x080018fa   0x0000001a   Code   RO         4378    i.GF2_8_field_mult_by_2  encryption.o
    0x08001914   0x08001914   0x00000012   Code   RO         4477    i.GLcd_ClearScreen  glcd.o
    0x08001926   0x08001926   0x00000054   Code   RO         4478    i.GLcd_DrawBitmap   glcd.o
    0x0800197a   0x0800197a   0x00000002   PAD
    0x0800197c   0x0800197c   0x0000009c   Code   RO         4479    i.GLcd_DrawChar     glcd.o
    0x08001a18   0x08001a18   0x00000060   Code   RO         4480    i.GLcd_DrawCharDef  glcd.o
    0x08001a78   0x08001a78   0x00000052   Code   RO         4481    i.GLcd_DrawCharUni  glcd.o
    0x08001aca   0x08001aca   0x0000007a   Code   RO         4484    i.GLcd_DrawLine     glcd.o
    0x08001b44   0x08001b44   0x0000003c   Code   RO         4485    i.GLcd_DrawPoint    glcd.o
    0x08001b80   0x08001b80   0x00000064   Code   RO         4486    i.GLcd_DrawRect     glcd.o
    0x08001be4   0x08001be4   0x00000040   Code   RO         4487    i.GLcd_DrawString   glcd.o
    0x08001c24   0x08001c24   0x00000074   Code   RO         4488    i.GLcd_DrawStringDef  glcd.o
    0x08001c98   0x08001c98   0x0000004c   Code   RO         4489    i.GLcd_DrawStringUni  glcd.o
    0x08001ce4   0x08001ce4   0x00000038   Code   RO         4490    i.GLcd_FillRect     glcd.o
    0x08001d1c   0x08001d1c   0x00000040   Code   RO         4491    i.GLcd_Flush        glcd.o
    0x08001d5c   0x08001d5c   0x00000098   Code   RO         4494    i.GLcd_Init         glcd.o
    0x08001df4   0x08001df4   0x00000038   Code   RO         6006    i.GSM_On            gsm_drv.o
    0x08001e2c   0x08001e2c   0x00000010   Code   RO         6007    i.GSM_PWR           gsm_drv.o
    0x08001e3c   0x08001e3c   0x00000014   Code   RO         6008    i.GSM_UART_init     gsm_drv.o
    0x08001e50   0x08001e50   0x0000008c   Code   RO         5916    i.GSM_init          gsm_app.o
    0x08001edc   0x08001edc   0x0000004a   Code   RO         5183    i.GeneratePrime     random.o
    0x08001f26   0x08001f26   0x00000002   PAD
    0x08001f28   0x08001f28   0x0000000c   Code   RO         5184    i.GenerateRandomNumber  random.o
    0x08001f34   0x08001f34   0x00000002   Code   RO          828    i.HAL_ADCEx_InjectedConvCpltCallback  stm32f1xx_hal_adc_ex.o
    0x08001f36   0x08001f36   0x00000002   PAD
    0x08001f38   0x08001f38   0x000000fc   Code   RO          652    i.HAL_ADC_ConfigChannel  stm32f1xx_hal_adc.o
    0x08002034   0x08002034   0x00000002   Code   RO          653    i.HAL_ADC_ConvCpltCallback  stm32f1xx_hal_adc.o
    0x08002036   0x08002036   0x000000dc   Code   RO          660    i.HAL_ADC_IRQHandler  stm32f1xx_hal_adc.o
    0x08002112   0x08002112   0x00000002   PAD
    0x08002114   0x08002114   0x00000120   Code   RO          661    i.HAL_ADC_Init      stm32f1xx_hal_adc.o
    0x08002234   0x08002234   0x00000002   Code   RO          662    i.HAL_ADC_LevelOutOfWindowCallback  stm32f1xx_hal_adc.o
    0x08002236   0x08002236   0x00000002   PAD
    0x08002238   0x08002238   0x00000068   Code   RO          514    i.HAL_ADC_MspInit   stm32f1xx_hal_msp.o
    0x080022a0   0x080022a0   0x00000046   Code   RO         1303    i.HAL_DMA_Abort     stm32f1xx_hal_dma.o
    0x080022e6   0x080022e6   0x00000002   PAD
    0x080022e8   0x080022e8   0x00000130   Code   RO         1304    i.HAL_DMA_Abort_IT  stm32f1xx_hal_dma.o
    0x08002418   0x08002418   0x00000248   Code   RO         1308    i.HAL_DMA_IRQHandler  stm32f1xx_hal_dma.o
    0x08002660   0x08002660   0x0000007c   Code   RO         1309    i.HAL_DMA_Init      stm32f1xx_hal_dma.o
    0x080026dc   0x080026dc   0x00000070   Code   RO         1313    i.HAL_DMA_Start_IT  stm32f1xx_hal_dma.o
    0x0800274c   0x0800274c   0x00000024   Code   RO          929    i.HAL_Delay         stm32f1xx_hal.o
    0x08002770   0x08002770   0x0000002c   Code   RO         6050    i.HAL_GPIO_EXTI_Callback  imd.o
    0x0800279c   0x0800279c   0x00000018   Code   RO         1238    i.HAL_GPIO_EXTI_IRQHandler  stm32f1xx_hal_gpio.o
    0x080027b4   0x080027b4   0x000001f8   Code   RO         1239    i.HAL_GPIO_Init     stm32f1xx_hal_gpio.o
    0x080029ac   0x080029ac   0x0000000a   Code   RO         1241    i.HAL_GPIO_ReadPin  stm32f1xx_hal_gpio.o
    0x080029b6   0x080029b6   0x0000000a   Code   RO         1243    i.HAL_GPIO_WritePin  stm32f1xx_hal_gpio.o
    0x080029c0   0x080029c0   0x0000000c   Code   RO          933    i.HAL_GetTick       stm32f1xx_hal.o
    0x080029cc   0x080029cc   0x00000010   Code   RO          939    i.HAL_IncTick       stm32f1xx_hal.o
    0x080029dc   0x080029dc   0x00000024   Code   RO          940    i.HAL_Init          stm32f1xx_hal.o
    0x08002a00   0x08002a00   0x00000040   Code   RO          941    i.HAL_InitTick      stm32f1xx_hal.o
    0x08002a40   0x08002a40   0x0000002c   Code   RO          515    i.HAL_MspInit       stm32f1xx_hal_msp.o
    0x08002a6c   0x08002a6c   0x0000001a   Code   RO         1399    i.HAL_NVIC_EnableIRQ  stm32f1xx_hal_cortex.o
    0x08002a86   0x08002a86   0x00000002   PAD
    0x08002a88   0x08002a88   0x00000040   Code   RO         1405    i.HAL_NVIC_SetPriority  stm32f1xx_hal_cortex.o
    0x08002ac8   0x08002ac8   0x00000024   Code   RO         1406    i.HAL_NVIC_SetPriorityGrouping  stm32f1xx_hal_cortex.o
    0x08002aec   0x08002aec   0x0000000c   Code   RO         1521    i.HAL_PWR_EnableBkUpAccess  stm32f1xx_hal_pwr.o
    0x08002af8   0x08002af8   0x000000b8   Code   RO         1200    i.HAL_RCCEx_GetPeriphCLKFreq  stm32f1xx_hal_rcc_ex.o
    0x08002bb0   0x08002bb0   0x000000ec   Code   RO         1201    i.HAL_RCCEx_PeriphCLKConfig  stm32f1xx_hal_rcc_ex.o
    0x08002c9c   0x08002c9c   0x0000012c   Code   RO         1097    i.HAL_RCC_ClockConfig  stm32f1xx_hal_rcc.o
    0x08002dc8   0x08002dc8   0x00000020   Code   RO         1104    i.HAL_RCC_GetPCLK1Freq  stm32f1xx_hal_rcc.o
    0x08002de8   0x08002de8   0x00000020   Code   RO         1105    i.HAL_RCC_GetPCLK2Freq  stm32f1xx_hal_rcc.o
    0x08002e08   0x08002e08   0x0000004c   Code   RO         1106    i.HAL_RCC_GetSysClockFreq  stm32f1xx_hal_rcc.o
    0x08002e54   0x08002e54   0x00000320   Code   RO         1109    i.HAL_RCC_OscConfig  stm32f1xx_hal_rcc.o
    0x08003174   0x08003174   0x00000010   Code   RO         2069    i.HAL_RTCEx_BKUPRead  stm32f1xx_hal_rtc_ex.o
    0x08003184   0x08003184   0x00000010   Code   RO         2070    i.HAL_RTCEx_BKUPWrite  stm32f1xx_hal_rtc_ex.o
    0x08003194   0x08003194   0x00000014   Code   RO           14    i.HAL_RTCEx_RTCEventCallback  main.o
    0x080031a8   0x080031a8   0x00000002   Code   RO         2075    i.HAL_RTCEx_RTCEventErrorCallback  stm32f1xx_hal_rtc_ex.o
    0x080031aa   0x080031aa   0x0000003e   Code   RO         2076    i.HAL_RTCEx_RTCIRQHandler  stm32f1xx_hal_rtc_ex.o
    0x080031e8   0x080031e8   0x0000002c   Code   RO         2077    i.HAL_RTCEx_SetSecond_IT  stm32f1xx_hal_rtc_ex.o
    0x08003214   0x08003214   0x00000094   Code   RO         1907    i.HAL_RTC_Init      stm32f1xx_hal_rtc.o
    0x080032a8   0x080032a8   0x00000034   Code   RO          517    i.HAL_RTC_MspInit   stm32f1xx_hal_msp.o
    0x080032dc   0x080032dc   0x000000c4   Code   RO         1913    i.HAL_RTC_SetDate   stm32f1xx_hal_rtc.o
    0x080033a0   0x080033a0   0x000000ac   Code   RO         1914    i.HAL_RTC_SetTime   stm32f1xx_hal_rtc.o
    0x0800344c   0x0800344c   0x0000003a   Code   RO         1915    i.HAL_RTC_WaitForSynchro  stm32f1xx_hal_rtc.o
    0x08003486   0x08003486   0x00000008   Code   RO         6940    i.HAL_SD_AbortCallback  bsp_driver_sd.o
    0x0800348e   0x0800348e   0x00000002   Code   RO         2463    i.HAL_SD_ErrorCallback  stm32f1xx_hal_sd.o
    0x08003490   0x08003490   0x00000198   Code   RO         2465    i.HAL_SD_GetCardCSD  stm32f1xx_hal_sd.o
    0x08003628   0x08003628   0x00000024   Code   RO         2466    i.HAL_SD_GetCardInfo  stm32f1xx_hal_sd.o
    0x0800364c   0x0800364c   0x0000002c   Code   RO         2467    i.HAL_SD_GetCardState  stm32f1xx_hal_sd.o
    0x08003678   0x08003678   0x000001f8   Code   RO         2471    i.HAL_SD_IRQHandler  stm32f1xx_hal_sd.o
    0x08003870   0x08003870   0x00000036   Code   RO         2472    i.HAL_SD_Init       stm32f1xx_hal_sd.o
    0x080038a6   0x080038a6   0x00000002   PAD
    0x080038a8   0x080038a8   0x0000007c   Code   RO         2473    i.HAL_SD_InitCard   stm32f1xx_hal_sd.o
    0x08003924   0x08003924   0x00000094   Code   RO          519    i.HAL_SD_MspInit    stm32f1xx_hal_msp.o
    0x080039b8   0x080039b8   0x000001d8   Code   RO         2476    i.HAL_SD_ReadBlocks  stm32f1xx_hal_sd.o
    0x08003b90   0x08003b90   0x00000008   Code   RO         6941    i.HAL_SD_RxCpltCallback  bsp_driver_sd.o
    0x08003b98   0x08003b98   0x00000008   Code   RO         6942    i.HAL_SD_TxCpltCallback  bsp_driver_sd.o
    0x08003ba0   0x08003ba0   0x000001ac   Code   RO         2481    i.HAL_SD_WriteBlocks  stm32f1xx_hal_sd.o
    0x08003d4c   0x08003d4c   0x000000b2   Code   RO         2693    i.HAL_SPI_Init      stm32f1xx_hal_spi.o
    0x08003dfe   0x08003dfe   0x00000002   PAD
    0x08003e00   0x08003e00   0x00000074   Code   RO          521    i.HAL_SPI_MspInit   stm32f1xx_hal_msp.o
    0x08003e74   0x08003e74   0x00000156   Code   RO         2696    i.HAL_SPI_Receive   stm32f1xx_hal_spi.o
    0x08003fca   0x08003fca   0x0000016e   Code   RO         2701    i.HAL_SPI_Transmit  stm32f1xx_hal_spi.o
    0x08004138   0x08004138   0x000001ee   Code   RO         2702    i.HAL_SPI_TransmitReceive  stm32f1xx_hal_spi.o
    0x08004326   0x08004326   0x00000028   Code   RO         1410    i.HAL_SYSTICK_Config  stm32f1xx_hal_cortex.o
    0x0800434e   0x0800434e   0x00000002   Code   RO         3710    i.HAL_TIMEx_BreakCallback  stm32f1xx_hal_tim_ex.o
    0x08004350   0x08004350   0x00000002   Code   RO         3711    i.HAL_TIMEx_CommutCallback  stm32f1xx_hal_tim_ex.o
    0x08004352   0x08004352   0x00000002   PAD
    0x08004354   0x08004354   0x0000007c   Code   RO         3729    i.HAL_TIMEx_MasterConfigSynchronization  stm32f1xx_hal_tim_ex.o
    0x080043d0   0x080043d0   0x0000005a   Code   RO         3006    i.HAL_TIM_Base_Init  stm32f1xx_hal_tim.o
    0x0800442a   0x0800442a   0x00000002   PAD
    0x0800442c   0x0800442c   0x00000054   Code   RO          523    i.HAL_TIM_Base_MspInit  stm32f1xx_hal_msp.o
    0x08004480   0x08004480   0x0000006c   Code   RO         3011    i.HAL_TIM_Base_Start_IT  stm32f1xx_hal_tim.o
    0x080044ec   0x080044ec   0x000000dc   Code   RO         3015    i.HAL_TIM_ConfigClockSource  stm32f1xx_hal_tim.o
    0x080045c8   0x080045c8   0x00000002   Code   RO         3040    i.HAL_TIM_IC_CaptureCallback  stm32f1xx_hal_tim.o
    0x080045ca   0x080045ca   0x00000166   Code   RO         3054    i.HAL_TIM_IRQHandler  stm32f1xx_hal_tim.o
    0x08004730   0x08004730   0x00000002   Code   RO         3057    i.HAL_TIM_OC_DelayElapsedCallback  stm32f1xx_hal_tim.o
    0x08004732   0x08004732   0x00000002   Code   RO         3084    i.HAL_TIM_PWM_PulseFinishedCallback  stm32f1xx_hal_tim.o
    0x08004734   0x08004734   0x00000144   Code   RO           15    i.HAL_TIM_PeriodElapsedCallback  main.o
    0x08004878   0x08004878   0x00000002   Code   RO         3097    i.HAL_TIM_TriggerCallback  stm32f1xx_hal_tim.o
    0x0800487a   0x0800487a   0x0000004e   Code   RO         3987    i.HAL_UARTEx_ReceiveToIdle_DMA  stm32f1xx_hal_uart.o
    0x080048c8   0x080048c8   0x000000e4   Code   RO         5228    i.HAL_UARTEx_RxEventCallback  serialfunc.o
    0x080049ac   0x080049ac   0x00000002   Code   RO         4003    i.HAL_UART_ErrorCallback  stm32f1xx_hal_uart.o
    0x080049ae   0x080049ae   0x00000002   PAD
    0x080049b0   0x080049b0   0x0000026c   Code   RO         4006    i.HAL_UART_IRQHandler  stm32f1xx_hal_uart.o
    0x08004c1c   0x08004c1c   0x00000064   Code   RO         4007    i.HAL_UART_Init     stm32f1xx_hal_uart.o
    0x08004c80   0x08004c80   0x00000250   Code   RO          525    i.HAL_UART_MspInit  stm32f1xx_hal_msp.o
    0x08004ed0   0x08004ed0   0x00000002   Code   RO         5229    i.HAL_UART_RxCpltCallback  serialfunc.o
    0x08004ed2   0x08004ed2   0x00000002   Code   RO         5230    i.HAL_UART_RxHalfCpltCallback  serialfunc.o
    0x08004ed4   0x08004ed4   0x0000009a   Code   RO         4015    i.HAL_UART_Transmit  stm32f1xx_hal_uart.o
    0x08004f6e   0x08004f6e   0x00000002   PAD
    0x08004f70   0x08004f70   0x00000078   Code   RO         4016    i.HAL_UART_Transmit_DMA  stm32f1xx_hal_uart.o
    0x08004fe8   0x08004fe8   0x00000002   Code   RO         5231    i.HAL_UART_TxCpltCallback  serialfunc.o
    0x08004fea   0x08004fea   0x00000002   Code   RO         4019    i.HAL_UART_TxHalfCpltCallback  stm32f1xx_hal_uart.o
    0x08004fec   0x08004fec   0x00000002   Code   RO          353    i.HardFault_Handler  stm32f1xx_it.o
    0x08004fee   0x08004fee   0x00000002   PAD
    0x08004ff0   0x08004ff0   0x0000003c   Code   RO         6051    i.IDM_init          imd.o
    0x0800502c   0x0800502c   0x00000024   Code   RO         4715    i.ITLSSP_Init       itlsspproc.o
    0x08005050   0x08005050   0x00000030   Code   RO         4716    i.InitiateSSPHostKeys  itlsspproc.o
    0x08005080   0x08005080   0x00000028   Code   RO         5186    i.IsItPrime         random.o
    0x080050a8   0x080050a8   0x0000003c   Code   RO         6607    i.LCD_CmdWrite      tft_glcd.o
    0x080050e4   0x080050e4   0x00000048   Code   RO         6611    i.LCD_DataRead      tft_glcd.o
    0x0800512c   0x0800512c   0x0000003c   Code   RO         6612    i.LCD_DataWrite     tft_glcd.o
    0x08005168   0x08005168   0x0000002a   Code   RO         6615    i.LCD_PLL_ini       tft_glcd.o
    0x08005192   0x08005192   0x00000002   PAD
    0x08005194   0x08005194   0x00000048   Code   RO         6617    i.LCD_StatusRead    tft_glcd.o
    0x080051dc   0x080051dc   0x0000015c   Code   RO         6618    i.LCD_TFT_Init      tft_glcd.o
    0x08005338   0x08005338   0x00000030   Code   RO         6620    i.LCD_background    tft_glcd.o
    0x08005368   0x08005368   0x000000b8   Code   RO         6621    i.LCD_init          tft_glcd.o
    0x08005420   0x08005420   0x00000012   Code   RO         6052    i.Led_init          imd.o
    0x08005432   0x08005432   0x00000002   PAD
    0x08005434   0x08005434   0x00000070   Code   RO           16    i.MX_ADC1_Init      main.o
    0x080054a4   0x080054a4   0x0000001c   Code   RO         7047    i.MX_FATFS_Init     fatfs.o
    0x080054c0   0x080054c0   0x000001e4   Code   RO           17    i.MX_GPIO_Init      main.o
    0x080056a4   0x080056a4   0x000000c6   Code   RO           18    i.MX_NVIC_Init      main.o
    0x0800576a   0x0800576a   0x00000002   PAD
    0x0800576c   0x0800576c   0x000000b0   Code   RO           19    i.MX_RTC_Init       main.o
    0x0800581c   0x0800581c   0x00000044   Code   RO           20    i.MX_SPI2_Init      main.o
    0x08005860   0x08005860   0x00000060   Code   RO           21    i.MX_TIM3_Init      main.o
    0x080058c0   0x080058c0   0x00000044   Code   RO           22    i.MX_TIM6_Init      main.o
    0x08005904   0x08005904   0x00000002   Code   RO          354    i.MemManage_Handler  stm32f1xx_it.o
    0x08005906   0x08005906   0x00000042   Code   RO         6622    i.MemoryWrite_Position  tft_glcd.o
    0x08005948   0x08005948   0x0000001e   Code   RO         6623    i.Memory_Clear      tft_glcd.o
    0x08005966   0x08005966   0x00000002   PAD
    0x08005968   0x08005968   0x00000014   Code   RO         6105    i.Menu_draw         user_gui.o
    0x0800597c   0x0800597c   0x00001ad0   Code   RO         6106    i.Menu_draw_MONO    user_gui.o
    0x0800744c   0x0800744c   0x00001ad0   Code   RO         6107    i.Menu_draw_TFT     user_gui.o
    0x08008f1c   0x08008f1c   0x0000004e   Code   RO         5187    i.MillerRabin       random.o
    0x08008f6a   0x08008f6a   0x00000002   Code   RO          355    i.NMI_Handler       stm32f1xx_it.o
    0x08008f6c   0x08008f6c   0x00000094   Code   RO         4901    i.NV11_Disable      nv11.o
    0x08009000   0x08009000   0x00000018   Code   RO         4904    i.NV11_DisplayOn    nv11.o
    0x08009018   0x08009018   0x00000050   Code   RO         4907    i.NV11_GetAvailableChange  nv11.o
    0x08009068   0x08009068   0x0000000c   Code   RO         4910    i.NV11_GetDenominationForChange  nv11.o
    0x08009074   0x08009074   0x0000000c   Code   RO         4912    i.NV11_GetLatestEvent  nv11.o
    0x08009080   0x08009080   0x00000020   Code   RO         4915    i.NV11_GetStoredNoteByChannel  nv11.o
    0x080090a0   0x080090a0   0x00000054   Code   RO         4916    i.NV11_GetTotalCashInNoteFloat  nv11.o
    0x080090f4   0x080090f4   0x0000000c   Code   RO         4917    i.NV11_GetUnitType  nv11.o
    0x08009100   0x08009100   0x0000018c   Code   RO         4920    i.NV11_PayoutNote   nv11.o
    0x0800928c   0x0800928c   0x0000027c   Code   RO         4922    i.NV11_Process      nv11.o
    0x08009508   0x08009508   0x0000001c   Code   RO         4926    i.NV11_SetAcceptNote  nv11.o
    0x08009524   0x08009524   0x00000140   Code   RO         4717    i.NegotiateSSPEncryption  itlsspproc.o
    0x08009664   0x08009664   0x00000002   Code   RO          356    i.PendSV_Handler    stm32f1xx_it.o
    0x08009666   0x08009666   0x00000012   Code   RO         1916    i.RTC_Bcd2ToByte    stm32f1xx_hal_rtc.o
    0x08009678   0x08009678   0x00000034   Code   RO         1919    i.RTC_EnterInitMode  stm32f1xx_hal_rtc.o
    0x080096ac   0x080096ac   0x00000036   Code   RO         1920    i.RTC_ExitInitMode  stm32f1xx_hal_rtc.o
    0x080096e2   0x080096e2   0x00000002   PAD
    0x080096e4   0x080096e4   0x0000000c   Code   RO          357    i.RTC_IRQHandler    stm32f1xx_it.o
    0x080096f0   0x080096f0   0x0000000e   Code   RO         1921    i.RTC_ReadAlarmCounter  stm32f1xx_hal_rtc.o
    0x080096fe   0x080096fe   0x00000020   Code   RO         5822    i.RTC_ReadCounter   rtc_time.o
    0x0800971e   0x0800971e   0x00000020   Code   RO         1922    i.RTC_ReadTimeCounter  stm32f1xx_hal_rtc.o
    0x0800973e   0x0800973e   0x00000056   Code   RO         1923    i.RTC_WeekDayNum    stm32f1xx_hal_rtc.o
    0x08009794   0x08009794   0x00000056   Code   RO         5823    i.RTC_WeekDayNum    rtc_time.o
    0x080097ea   0x080097ea   0x00000028   Code   RO         1924    i.RTC_WriteAlarmCounter  stm32f1xx_hal_rtc.o
    0x08009812   0x08009812   0x00000002   PAD
    0x08009814   0x08009814   0x00000070   Code   RO         5824    i.RTC_WriteCounter  rtc_time.o
    0x08009884   0x08009884   0x00000028   Code   RO         1925    i.RTC_WriteTimeCounter  stm32f1xx_hal_rtc.o
    0x080098ac   0x080098ac   0x000000b8   Code   RO         6347    i.Read_Byte_Sram    flash.o
    0x08009964   0x08009964   0x0000007c   Code   RO         6348    i.Read_SRAM_ID      flash.o
    0x080099e0   0x080099e0   0x00000078   Code   RO         6350    i.Read_config       flash.o
    0x08009a58   0x08009a58   0x00000024   Code   RO         2171    i.SDIO_ConfigData   stm32f1xx_ll_sdmmc.o
    0x08009a7c   0x08009a7c   0x00000008   Code   RO         2175    i.SDIO_GetPowerState  stm32f1xx_ll_sdmmc.o
    0x08009a84   0x08009a84   0x00000006   Code   RO         2176    i.SDIO_GetResponse  stm32f1xx_ll_sdmmc.o
    0x08009a8a   0x08009a8a   0x00000002   PAD
    0x08009a8c   0x08009a8c   0x0000000c   Code   RO          358    i.SDIO_IRQHandler   stm32f1xx_it.o
    0x08009a98   0x08009a98   0x00000024   Code   RO         2177    i.SDIO_Init         stm32f1xx_ll_sdmmc.o
    0x08009abc   0x08009abc   0x00000008   Code   RO         2179    i.SDIO_PowerState_ON  stm32f1xx_ll_sdmmc.o
    0x08009ac4   0x08009ac4   0x00000006   Code   RO         2180    i.SDIO_ReadFIFO     stm32f1xx_ll_sdmmc.o
    0x08009aca   0x08009aca   0x00000020   Code   RO         2181    i.SDIO_SendCommand  stm32f1xx_ll_sdmmc.o
    0x08009aea   0x08009aea   0x0000000a   Code   RO         2183    i.SDIO_WriteFIFO    stm32f1xx_ll_sdmmc.o
    0x08009af4   0x08009af4   0x00000032   Code   RO         2184    i.SDMMC_CmdAppCommand  stm32f1xx_ll_sdmmc.o
    0x08009b26   0x08009b26   0x00000002   PAD
    0x08009b28   0x08009b28   0x00000034   Code   RO         2185    i.SDMMC_CmdAppOperCommand  stm32f1xx_ll_sdmmc.o
    0x08009b5c   0x08009b5c   0x00000032   Code   RO         2186    i.SDMMC_CmdBlockLength  stm32f1xx_ll_sdmmc.o
    0x08009b8e   0x08009b8e   0x00000002   PAD
    0x08009b90   0x08009b90   0x00000050   Code   RO         2191    i.SDMMC_CmdGoIdleState  stm32f1xx_ll_sdmmc.o
    0x08009be0   0x08009be0   0x00000030   Code   RO         2193    i.SDMMC_CmdOperCond  stm32f1xx_ll_sdmmc.o
    0x08009c10   0x08009c10   0x00000032   Code   RO         2194    i.SDMMC_CmdReadMultiBlock  stm32f1xx_ll_sdmmc.o
    0x08009c42   0x08009c42   0x00000032   Code   RO         2195    i.SDMMC_CmdReadSingleBlock  stm32f1xx_ll_sdmmc.o
    0x08009c74   0x08009c74   0x00000032   Code   RO         2198    i.SDMMC_CmdSelDesel  stm32f1xx_ll_sdmmc.o
    0x08009ca6   0x08009ca6   0x0000002c   Code   RO         2199    i.SDMMC_CmdSendCID  stm32f1xx_ll_sdmmc.o
    0x08009cd2   0x08009cd2   0x0000002c   Code   RO         2200    i.SDMMC_CmdSendCSD  stm32f1xx_ll_sdmmc.o
    0x08009cfe   0x08009cfe   0x00000032   Code   RO         2203    i.SDMMC_CmdSendStatus  stm32f1xx_ll_sdmmc.o
    0x08009d30   0x08009d30   0x00000030   Code   RO         2204    i.SDMMC_CmdSetRelAdd  stm32f1xx_ll_sdmmc.o
    0x08009d60   0x08009d60   0x00000034   Code   RO         2207    i.SDMMC_CmdStopTransfer  stm32f1xx_ll_sdmmc.o
    0x08009d94   0x08009d94   0x00000032   Code   RO         2209    i.SDMMC_CmdWriteMultiBlock  stm32f1xx_ll_sdmmc.o
    0x08009dc6   0x08009dc6   0x00000032   Code   RO         2210    i.SDMMC_CmdWriteSingleBlock  stm32f1xx_ll_sdmmc.o
    0x08009df8   0x08009df8   0x00000120   Code   RO         2211    i.SDMMC_GetCmdResp1  stm32f1xx_ll_sdmmc.o
    0x08009f18   0x08009f18   0x00000050   Code   RO         2212    i.SDMMC_GetCmdResp2  stm32f1xx_ll_sdmmc.o
    0x08009f68   0x08009f68   0x00000044   Code   RO         2213    i.SDMMC_GetCmdResp3  stm32f1xx_ll_sdmmc.o
    0x08009fac   0x08009fac   0x00000088   Code   RO         2214    i.SDMMC_GetCmdResp6  stm32f1xx_ll_sdmmc.o
    0x0800a034   0x0800a034   0x00000058   Code   RO         2215    i.SDMMC_GetCmdResp7  stm32f1xx_ll_sdmmc.o
    0x0800a08c   0x0800a08c   0x00000044   Code   RO         2486    i.SD_DMARxAbort     stm32f1xx_hal_sd.o
    0x0800a0d0   0x0800a0d0   0x00000044   Code   RO         2488    i.SD_DMATxAbort     stm32f1xx_hal_sd.o
    0x0800a114   0x0800a114   0x000000ee   Code   RO         2490    i.SD_InitCard       stm32f1xx_hal_sd.o
    0x0800a202   0x0800a202   0x00000002   PAD
    0x0800a204   0x0800a204   0x000000b4   Code   RO         2491    i.SD_PowerON        stm32f1xx_hal_sd.o
    0x0800a2b8   0x0800a2b8   0x00000020   Code   RO         7552    i.SD_initialize     sd_diskio.o
    0x0800a2d8   0x0800a2d8   0x00000050   Code   RO         7553    i.SD_ioctl          sd_diskio.o
    0x0800a328   0x0800a328   0x0000003c   Code   RO         7554    i.SD_read           sd_diskio.o
    0x0800a364   0x0800a364   0x00000020   Code   RO         7555    i.SD_status         sd_diskio.o
    0x0800a384   0x0800a384   0x0000003c   Code   RO         7556    i.SD_write          sd_diskio.o
    0x0800a3c0   0x0800a3c0   0x0000005c   Code   RO         2730    i.SPI_EndRxTransaction  stm32f1xx_hal_spi.o
    0x0800a41c   0x0800a41c   0x00000020   Code   RO         2731    i.SPI_EndRxTxTransaction  stm32f1xx_hal_spi.o
    0x0800a43c   0x0800a43c   0x000000b8   Code   RO         2736    i.SPI_WaitFlagStateUntilTimeout  stm32f1xx_hal_spi.o
    0x0800a4f4   0x0800a4f4   0x000000a8   Code   RO         6351    i.SRAM_writeSTT     flash.o
    0x0800a59c   0x0800a59c   0x000000d0   Code   RO         5500    i.SSPDataIn         sspcoms.o
    0x0800a66c   0x0800a66c   0x000001e0   Code   RO         5501    i.SSPSendCommand    sspcoms.o
    0x0800a84c   0x0800a84c   0x00000002   Code   RO          359    i.SVC_Handler       stm32f1xx_it.o
    0x0800a84e   0x0800a84e   0x00000002   PAD
    0x0800a850   0x0800a850   0x00000404   Code   RO         6053    i.Scan_IDM          imd.o
    0x0800ac54   0x0800ac54   0x00000018   Code   RO         6627    i.Stop_Memory_Clear  tft_glcd.o
    0x0800ac6c   0x0800ac6c   0x00000026   Code   RO         6628    i.String            tft_glcd.o
    0x0800ac92   0x0800ac92   0x00000004   Code   RO          360    i.SysTick_Handler   stm32f1xx_it.o
    0x0800ac96   0x0800ac96   0x00000078   Code   RO           23    i.SystemClock_Config  main.o
    0x0800ad0e   0x0800ad0e   0x00000002   Code   RO         4341    i.SystemInit        system_stm32f1xx.o
    0x0800ad10   0x0800ad10   0x00000180   Code   RO         5918    i.TCP_connect       gsm_app.o
    0x0800ae90   0x0800ae90   0x00000070   Code   RO         5920    i.TCP_send          gsm_app.o
    0x0800af00   0x0800af00   0x0000000c   Code   RO          361    i.TIM3_IRQHandler   stm32f1xx_it.o
    0x0800af0c   0x0800af0c   0x0000000c   Code   RO          362    i.TIM6_IRQHandler   stm32f1xx_it.o
    0x0800af18   0x0800af18   0x0000008c   Code   RO         3099    i.TIM_Base_SetConfig  stm32f1xx_hal_tim.o
    0x0800afa4   0x0800afa4   0x00000014   Code   RO         3110    i.TIM_ETR_SetConfig  stm32f1xx_hal_tim.o
    0x0800afb8   0x0800afb8   0x00000010   Code   RO         3111    i.TIM_ITRx_SetConfig  stm32f1xx_hal_tim.o
    0x0800afc8   0x0800afc8   0x00000022   Code   RO         3117    i.TIM_TI1_ConfigInputStage  stm32f1xx_hal_tim.o
    0x0800afea   0x0800afea   0x00000024   Code   RO         3119    i.TIM_TI2_ConfigInputStage  stm32f1xx_hal_tim.o
    0x0800b00e   0x0800b00e   0x0000002e   Code   RO         6632    i.Text_Foreground_Color1  tft_glcd.o
    0x0800b03c   0x0800b03c   0x00000018   Code   RO         5825    i.Time_ConvCalendarToUnix  rtc_time.o
    0x0800b054   0x0800b054   0x0000001e   Code   RO         5826    i.Time_ConvUnixToCalendar  rtc_time.o
    0x0800b072   0x0800b072   0x00000002   PAD
    0x0800b074   0x0800b074   0x00000028   Code   RO         5827    i.Time_GetCalendarTime  rtc_time.o
    0x0800b09c   0x0800b09c   0x00000026   Code   RO         5829    i.Time_SetCalendarTime  rtc_time.o
    0x0800b0c2   0x0800b0c2   0x00000002   PAD
    0x0800b0c4   0x0800b0c4   0x0000000c   Code   RO         5830    i.Time_SetUnixTime  rtc_time.o
    0x0800b0d0   0x0800b0d0   0x00000010   Code   RO         4020    i.UART_DMAAbortOnError  stm32f1xx_hal_uart.o
    0x0800b0e0   0x0800b0e0   0x0000004a   Code   RO         4021    i.UART_DMAError     stm32f1xx_hal_uart.o
    0x0800b12a   0x0800b12a   0x00000086   Code   RO         4022    i.UART_DMAReceiveCplt  stm32f1xx_hal_uart.o
    0x0800b1b0   0x0800b1b0   0x0000001e   Code   RO         4024    i.UART_DMARxHalfCplt  stm32f1xx_hal_uart.o
    0x0800b1ce   0x0800b1ce   0x00000042   Code   RO         4026    i.UART_DMATransmitCplt  stm32f1xx_hal_uart.o
    0x0800b210   0x0800b210   0x0000000a   Code   RO         4028    i.UART_DMATxHalfCplt  stm32f1xx_hal_uart.o
    0x0800b21a   0x0800b21a   0x0000004e   Code   RO         4030    i.UART_EndRxTransfer  stm32f1xx_hal_uart.o
    0x0800b268   0x0800b268   0x0000001c   Code   RO         4031    i.UART_EndTxTransfer  stm32f1xx_hal_uart.o
    0x0800b284   0x0800b284   0x000000c2   Code   RO         4032    i.UART_Receive_IT   stm32f1xx_hal_uart.o
    0x0800b346   0x0800b346   0x00000002   PAD
    0x0800b348   0x0800b348   0x000000b8   Code   RO         4033    i.UART_SetConfig    stm32f1xx_hal_uart.o
    0x0800b400   0x0800b400   0x00000090   Code   RO         4034    i.UART_Start_Receive_DMA  stm32f1xx_hal_uart.o
    0x0800b490   0x0800b490   0x00000078   Code   RO         4036    i.UART_WaitOnFlagUntilTimeout  stm32f1xx_hal_uart.o
    0x0800b508   0x0800b508   0x0000000c   Code   RO          363    i.USART1_IRQHandler  stm32f1xx_it.o
    0x0800b514   0x0800b514   0x0000000c   Code   RO          364    i.USART2_IRQHandler  stm32f1xx_it.o
    0x0800b520   0x0800b520   0x0000000c   Code   RO          365    i.USART3_IRQHandler  stm32f1xx_it.o
    0x0800b52c   0x0800b52c   0x00000002   Code   RO          366    i.UsageFault_Handler  stm32f1xx_it.o
    0x0800b52e   0x0800b52e   0x000000b2   Code   RO         6352    i.Write_Byte_Sram   flash.o
    0x0800b5e0   0x0800b5e0   0x00000016   Code   RO         6635    i.Write_Dir         tft_glcd.o
    0x0800b5f6   0x0800b5f6   0x00000002   PAD
    0x0800b5f8   0x0800b5f8   0x00000040   Code   RO         6353    i.Write_config      flash.o
    0x0800b638   0x0800b638   0x0000007c   Code   RO         5188    i.XpowYmodN         random.o
    0x0800b6b4   0x0800b6b4   0x00000020   Code   RO         1412    i.__NVIC_SetPriority  stm32f1xx_hal_cortex.o
    0x0800b6d4   0x0800b6d4   0x0000000e   Code   RO         7720    i._is_digit         c_w.l(__printf_wp.o)
    0x0800b6e2   0x0800b6e2   0x00000014   Code   RO         5320    i._ssp_return_values  ssp_helpers.o
    0x0800b6f6   0x0800b6f6   0x00000058   Code   RO         6354    i.add_revenue_day   flash.o
    0x0800b74e   0x0800b74e   0x00000054   Code   RO         4379    i.aes_decrypt       encryption.o
    0x0800b7a2   0x0800b7a2   0x00000002   PAD
    0x0800b7a4   0x0800b7a4   0x00000278   Code   RO         4380    i.aes_decrypt_16_byte_block  encryption.o
    0x0800ba1c   0x0800ba1c   0x00000054   Code   RO         4381    i.aes_encrypt       encryption.o
    0x0800ba70   0x0800ba70   0x0000027c   Code   RO         4382    i.aes_encrypt_16_byte_block  encryption.o
    0x0800bcec   0x0800bcec   0x000000a0   Code   RO         4383    i.aes_set_key       encryption.o
    0x0800bd8c   0x0800bd8c   0x00000034   Code   RO         4384    i.cal_crc_loop_CCITT_A  encryption.o
    0x0800bdc0   0x0800bdc0   0x00000268   Code   RO         5921    i.checkGPSCommand   gsm_app.o
    0x0800c028   0x0800c028   0x00000012   Code   RO         4498    i.cmd_delay         glcd.o
    0x0800c03a   0x0800c03a   0x00000002   PAD
    0x0800c03c   0x0800c03c   0x0000004c   Code   RO         6284    i.crc_calculator_xmodem  crc_calculator.o
    0x0800c088   0x0800c088   0x00000002   Code   RO         4930    i.display_payout_countdown  nv11.o
    0x0800c08a   0x0800c08a   0x00000002   PAD
    0x0800c08c   0x0800c08c   0x000000ec   Code   RO         6108    i.draw_signal_gsm   user_gui.o
    0x0800c178   0x0800c178   0x00000004   Code   RO         6355    i.flash_init        flash.o
    0x0800c17c   0x0800c17c   0x00000062   Code   RO         4385    i.forward_mix_col   encryption.o
    0x0800c1de   0x0800c1de   0x00000022   Code   RO         4386    i.forward_s_box_compute  encryption.o
    0x0800c200   0x0800c200   0x00000018   Code   RO           24    i.fputc             main.o
    0x0800c218   0x0800c218   0x00000048   Code   RO         5831    i.getRTC            rtc_time.o
    0x0800c260   0x0800c260   0x00000036   Code   RO         6356    i.get_revenue_day   flash.o
    0x0800c296   0x0800c296   0x0000003c   Code   RO         6357    i.get_revenue_month  flash.o
    0x0800c2d2   0x0800c2d2   0x00000034   Code   RO         6358    i.get_revenue_year  flash.o
    0x0800c306   0x0800c306   0x00000044   Code   RO         5832    i.get_time          rtc_time.o
    0x0800c34a   0x0800c34a   0x00000014   Code   RO         4387    i.highbit           encryption.o
    0x0800c35e   0x0800c35e   0x00000076   Code   RO         4388    i.inverse_element   encryption.o
    0x0800c3d4   0x0800c3d4   0x0000004a   Code   RO         4389    i.inverse_mix_col   encryption.o
    0x0800c41e   0x0800c41e   0x00000018   Code   RO         4390    i.inverse_s_box_compute  encryption.o
    0x0800c436   0x0800c436   0x00000038   Code   RO         4791    i.lwrb_get_free     lwrb.o
    0x0800c46e   0x0800c46e   0x00000038   Code   RO         4792    i.lwrb_get_full     lwrb.o
    0x0800c4a6   0x0800c4a6   0x00000020   Code   RO         4797    i.lwrb_init         lwrb.o
    0x0800c4c6   0x0800c4c6   0x0000007e   Code   RO         4800    i.lwrb_read         lwrb.o
    0x0800c544   0x0800c544   0x00000024   Code   RO         4801    i.lwrb_reset        lwrb.o
    0x0800c568   0x0800c568   0x0000007e   Code   RO         4804    i.lwrb_write        lwrb.o
    0x0800c5e6   0x0800c5e6   0x00000002   PAD
    0x0800c5e8   0x0800c5e8   0x000003d8   Code   RO           25    i.main              main.o
    0x0800c9c0   0x0800c9c0   0x0000000e   Code   RO         4391    i.mem_copy          encryption.o
    0x0800c9ce   0x0800c9ce   0x0000000c   Code   RO         5321    i.negotiate_ssp_encryption  ssp_helpers.o
    0x0800c9da   0x0800c9da   0x00000002   PAD
    0x0800c9dc   0x0800c9dc   0x00000074   Code   RO         4931    i.nv11_enable       nv11.o
    0x0800ca50   0x0800ca50   0x00000048   Code   RO         4934    i.nv11_reset        nv11.o
    0x0800ca98   0x0800ca98   0x00000754   Code   RO         4935    i.parse_poll        nv11.o
    0x0800d1ec   0x0800d1ec   0x0000001c   Code   RO         5922    i.queueLengthGSM    gsm_app.o
    0x0800d208   0x0800d208   0x00000028   Code   RO         5923    i.readGSM_Buff      gsm_app.o
    0x0800d230   0x0800d230   0x00000070   Code   RO         6359    i.read_device_config  flash.o
    0x0800d2a0   0x0800d2a0   0x0000004c   Code   RO         6360    i.save_device_config  flash.o
    0x0800d2ec   0x0800d2ec   0x00000034   Code   RO         6109    i.scan_BT           user_gui.o
    0x0800d320   0x0800d320   0x00000150   Code   RO         6110    i.scan_switch       user_gui.o
    0x0800d470   0x0800d470   0x00000008   Code   RO         4502    i.send_cmd          glcd.o
    0x0800d478   0x0800d478   0x00000008   Code   RO         4503    i.send_data         glcd.o
    0x0800d480   0x0800d480   0x0000001c   Code   RO         4504    i.send_lcd          glcd.o
    0x0800d49c   0x0800d49c   0x00000018   Code   RO         4505    i.send_slow         glcd.o
    0x0800d4b4   0x0800d4b4   0x0000000a   Code   RO         5322    i.send_ssp_command  ssp_helpers.o
    0x0800d4be   0x0800d4be   0x0000004a   Code   RO         5833    i.setRTC            rtc_time.o
    0x0800d508   0x0800d508   0x00000030   Code   RO         4506    i.set_graphics_address  glcd.o
    0x0800d538   0x0800d538   0x0000005c   Code   RO         6111    i.show_Messenger    user_gui.o
    0x0800d594   0x0800d594   0x00000012   Code   RO         6112    i.small_delay       user_gui.o
    0x0800d5a6   0x0800d5a6   0x00000056   Code   RO         5323    i.ssp6_check_note_level  ssp_helpers.o
    0x0800d5fc   0x0800d5fc   0x0000000c   Code   RO         5324    i.ssp6_disable      ssp_helpers.o
    0x0800d608   0x0800d608   0x0000000c   Code   RO         5327    i.ssp6_display_on   ssp_helpers.o
    0x0800d614   0x0800d614   0x0000000c   Code   RO         5329    i.ssp6_enable       ssp_helpers.o
    0x0800d620   0x0800d620   0x0000002e   Code   RO         5331    i.ssp6_get_stored_notes  ssp_helpers.o
    0x0800d64e   0x0800d64e   0x0000000c   Code   RO         5332    i.ssp6_hold         ssp_helpers.o
    0x0800d65a   0x0800d65a   0x0000000e   Code   RO         5333    i.ssp6_host_protocol  ssp_helpers.o
    0x0800d668   0x0800d668   0x0000000c   Code   RO         5335    i.ssp6_payout_note  ssp_helpers.o
    0x0800d674   0x0800d674   0x000002b6   Code   RO         5336    i.ssp6_poll         ssp_helpers.o
    0x0800d92a   0x0800d92a   0x0000000a   Code   RO         5338    i.ssp6_reset        ssp_helpers.o
    0x0800d934   0x0800d934   0x0000000c   Code   RO         5339    i.ssp6_run_calibration  ssp_helpers.o
    0x0800d940   0x0800d940   0x00000010   Code   RO         5341    i.ssp6_set_inhibits  ssp_helpers.o
    0x0800d950   0x0800d950   0x0000001c   Code   RO         5344    i.ssp6_setup_encryption  ssp_helpers.o
    0x0800d96c   0x0800d96c   0x000001b4   Code   RO         5345    i.ssp6_setup_request  ssp_helpers.o
    0x0800db20   0x0800db20   0x0000000c   Code   RO         5347    i.ssp6_sync         ssp_helpers.o
    0x0800db2c   0x0800db2c   0x0000000c   Code   RO         5232    i.ssp_serial_deinitialize  serialfunc.o
    0x0800db38   0x0800db38   0x0000000c   Code   RO         5233    i.ssp_serial_flush  serialfunc.o
    0x0800db44   0x0800db44   0x0000003c   Code   RO         5234    i.ssp_serial_initialize  serialfunc.o
    0x0800db80   0x0800db80   0x00000010   Code   RO         5235    i.ssp_serial_read   serialfunc.o
    0x0800db90   0x0800db90   0x00000018   Code   RO         5236    i.ssp_serial_rx_availble  serialfunc.o
    0x0800dba8   0x0800dba8   0x00000010   Code   RO         5237    i.ssp_serial_write_data  serialfunc.o
    0x0800dbb8   0x0800dbb8   0x00000044   Code   RO         6361    i.sync_number_celled  flash.o
    0x0800dbfc   0x0800dbfc   0x00000008   Code   RO         6551    i.sys_ctx           sys_ctx.o
    0x0800dc04   0x0800dc04   0x000001bc   Code   RO         6639    i.test_lcd          tft_glcd.o
    0x0800ddc0   0x0800ddc0   0x00000348   Code   RO         4936    i.vdm_NV11_Init     nv11.o
    0x0800e108   0x0800e108   0x00000108   Code   RO         4937    i.vdm_NV11_Process  nv11.o
    0x0800e210   0x0800e210   0x000001f8   Code   RO         6465    i.vdm_app_gsm_send_door_frame  vdm_app_gsm.o
    0x0800e408   0x0800e408   0x00000188   Code   RO         6466    i.vdm_app_gsm_send_heartbeat  vdm_app_gsm.o
    0x0800e590   0x0800e590   0x00000020   Code   RO         6471    i.vdm_app_gsm_send_start_frame  vdm_app_gsm.o
    0x0800e5b0   0x0800e5b0   0x000000a8   Code   RO         6472    i.vdm_app_gsm_set_device_id  vdm_app_gsm.o
    0x0800e658   0x0800e658   0x00000030   Code   RO         5545    i.vdm_device_config_get_item_price  vdm_device_config.o
    0x0800e688   0x0800e688   0x00000034   Code   RO         5546    i.vdm_device_config_get_item_remain  vdm_device_config.o
    0x0800e6bc   0x0800e6bc   0x00000004   Code   RO         5553    i.vdm_device_config_lock_resource  vdm_device_config.o
    0x0800e6c0   0x0800e6c0   0x00000002   Code   RO         5577    i.vdm_device_config_unlock_resource  vdm_device_config.o
    0x0800e6c2   0x0800e6c2   0x00000002   PAD
    0x0800e6c4   0x0800e6c4   0x00000008   Code   RO         5581    i.vdm_get_device_config  vdm_device_config.o
    0x0800e6cc   0x0800e6cc   0x0000000c   Code   RO         6307    i.vdm_language_get_text  vdm_language.o
    0x0800e6d8   0x0800e6d8   0x000005d8   Code   RO         4938    i.vdm_parse_poll    nv11.o
    0x0800ecb0   0x0800ecb0   0x000005ba   Code   RO         5794    i.vnfontFindPosition  vnfont.o
    0x0800f26a   0x0800f26a   0x00000002   PAD
    0x0800f26c   0x0800f26c   0x00000058   Code   RO         6233    i.waitForPulse      dht_sensor.o
    0x0800f2c4   0x0800f2c4   0x0000002c   Code   RO         8018    locale$$code        c_w.l(lc_ctype_c.o)
    0x0800f2f0   0x0800f2f0   0x00000062   Code   RO         7764    x$fpl$d2f           fz_ws.l(d2f.o)
    0x0800f352   0x0800f352   0x00000026   Code   RO         7772    x$fpl$dfltu         fz_ws.l(dflt_clz.o)
    0x0800f378   0x0800f378   0x00000154   Code   RO         7778    x$fpl$dmul          fz_ws.l(dmul.o)
    0x0800f4cc   0x0800f4cc   0x0000009c   Code   RO         7920    x$fpl$dnaninf       fz_ws.l(dnaninf.o)
    0x0800f568   0x0800f568   0x0000000c   Code   RO         7922    x$fpl$dretinf       fz_ws.l(dretinf.o)
    0x0800f574   0x0800f574   0x00000018   Code   RO         7924    x$fpl$fcmpinf       fz_ws.l(fcmpi.o)
    0x0800f58c   0x0800f58c   0x00000036   Code   RO         7792    x$fpl$ffix          fz_ws.l(ffix.o)
    0x0800f5c2   0x0800f5c2   0x00000002   PAD
    0x0800f5c4   0x0800f5c4   0x0000003e   Code   RO         7796    x$fpl$ffixu         fz_ws.l(ffixu.o)
    0x0800f602   0x0800f602   0x00000002   PAD
    0x0800f604   0x0800f604   0x00000026   Code   RO         7800    x$fpl$ffltu         fz_ws.l(fflt_clz.o)
    0x0800f62a   0x0800f62a   0x00000002   PAD
    0x0800f62c   0x0800f62c   0x00000068   Code   RO         7806    x$fpl$fleqf         fz_ws.l(fleqf.o)
    0x0800f694   0x0800f694   0x0000008c   Code   RO         7926    x$fpl$fnaninf       fz_ws.l(fnaninf.o)
    0x0800f720   0x0800f720   0x0000000a   Code   RO         7928    x$fpl$fretinf       fz_ws.l(fretinf.o)
    0x0800f72a   0x0800f72a   0x00000000   Code   RO         7930    x$fpl$usenofp       fz_ws.l(usenofp.o)
    0x0800f72a   0x0800f72a   0x00000012   Data   RO         1110    .constdata          stm32f1xx_hal_rcc.o
    0x0800f73c   0x0800f73c   0x00000012   Data   RO         1202    .constdata          stm32f1xx_hal_rcc_ex.o
    0x0800f74e   0x0800f74e   0x00000010   Data   RO         4342    .constdata          system_stm32f1xx.o
    0x0800f75e   0x0800f75e   0x00000008   Data   RO         4343    .constdata          system_stm32f1xx.o
    0x0800f766   0x0800f766   0x0000000a   Data   RO         4392    .constdata          encryption.o
    0x0800f770   0x0800f770   0x00000300   Data   RO         4689    .constdata          glcd_font.o
    0x0800fa70   0x0800fa70   0x0000000d   Data   RO         4940    .constdata          nv11.o
    0x0800fa7d   0x0800fa7d   0x000004ed   Data   RO         5795    .constdata          vnfont.o
    0x0800ff6a   0x0800ff6a   0x00000002   PAD
    0x0800ff6c   0x0800ff6c   0x00000006   Data   RO         6055    .constdata          imd.o
    0x0800ff72   0x0800ff72   0x00000002   PAD
    0x0800ff74   0x0800ff74   0x0000005a   Data   RO         6136    .constdata          user_gui.o
    0x0800ffce   0x0800ffce   0x0000001c   Data   RO         6474    .constdata          vdm_app_gsm.o
    0x0800ffea   0x0800ffea   0x00000002   PAD
    0x0800ffec   0x0800ffec   0x00000014   Data   RO         7557    .constdata          sd_diskio.o
    0x08010000   0x08010000   0x00000028   Data   RO         7693    .constdata          c_w.l(_printf_hex_int.o)
    0x08010028   0x08010028   0x00000011   Data   RO         7723    .constdata          c_w.l(__printf_flags_wp.o)
    0x08010039   0x08010039   0x0000000c   Data   RO         7870    .constdata          c_w.l(_monlen.o)
    0x08010045   0x08010045   0x00000003   PAD
    0x08010048   0x08010048   0x0000004e   Data   RO           34    .conststring        main.o
    0x08010096   0x08010096   0x00000002   PAD
    0x08010098   0x08010098   0x0000032e   Data   RO         6310    .conststring        vdm_language.o
    0x080103c6   0x080103c6   0x00000002   PAD
    0x080103c8   0x080103c8   0x00000020   Data   RO         8192    Region$$Table       anon$$obj.o
    0x080103e8   0x080103e8   0x00000110   Data   RO         8017    locale$$data        c_w.l(lc_ctype_c.o)


    Execution Region RW_IRAM1 (Exec base: 0x20000000, Load base: 0x080104f8, Size: 0x00002e58, Max: 0x00010000, ABSOLUTE, COMPRESSED[0x00000298])

    Exec Addr    Load Addr    Size         Type   Attr      Idx    E Section Name        Object

    0x20000000   COMPRESSED   0x00000011   Data   RW           35    .data               main.o
    0x20000011   COMPRESSED   0x00000003   PAD
    0x20000014   COMPRESSED   0x00000004   Data   RW           38    .data               main.o
    0x20000018   COMPRESSED   0x0000000c   Data   RW          947    .data               stm32f1xx_hal.o
    0x20000024   COMPRESSED   0x00000004   Data   RW         4344    .data               system_stm32f1xx.o
    0x20000028   COMPRESSED   0x00000008   Data   RW         4508    .data               glcd.o
    0x20000030   COMPRESSED   0x0000000c   Data   RW         4697    .data               glcd_font.o
    0x2000003c   COMPRESSED   0x00000050   Data   RW         4941    .data               nv11.o
    0x2000008c   COMPRESSED   0x00000008   Data   RW         5240    .data               serialfunc.o
    0x20000094   COMPRESSED   0x000000d0   Data   RW         5796    .data               vnfont.o
    0x20000164   COMPRESSED   0x0000003c   Data   RW         5797    .data               vnfont.o
    0x200001a0   COMPRESSED   0x00000100   Data   RW         5798    .data               vnfont.o
    0x200002a0   COMPRESSED   0x0000000f   Data   RW         5799    .data               vnfont.o
    0x200002af   COMPRESSED   0x00000001   Data   RW         5800    .data               vnfont.o
    0x200002b0   COMPRESSED   0x00000008   Data   RW         5834    .data               rtc_time.o
    0x200002b8   COMPRESSED   0x0000017a   Data   RW         5925    .data               gsm_app.o
    0x20000432   COMPRESSED   0x00000002   PAD
    0x20000434   COMPRESSED   0x0000000c   Data   RW         6056    .data               imd.o
    0x20000440   COMPRESSED   0x00000003   Data   RW         6057    .data               imd.o
    0x20000443   COMPRESSED   0x00000001   PAD
    0x20000444   COMPRESSED   0x00000004   Data   RW         6058    .data               imd.o
    0x20000448   COMPRESSED   0x00000038   Data   RW         6137    .data               user_gui.o
    0x20000480   COMPRESSED   0x00000001   Data   RW         6235    .data               dht_sensor.o
    0x20000481   COMPRESSED   0x00000003   PAD
    0x20000484   COMPRESSED   0x00000174   Data   RW         6311    .data               vdm_language.o
    0x200005f8   COMPRESSED   0x000001e5   Data   RW         6475    .data               vdm_app_gsm.o
    0x200007dd   COMPRESSED   0x00000003   PAD
    0x200007e0   COMPRESSED   0x00000174   Data   RW         6553    .data               sys_ctx.o
    0x20000954   COMPRESSED   0x00000002   Data   RW         6641    .data               tft_glcd.o
    0x20000956   COMPRESSED   0x00000005   Data   RW         7051    .data               fatfs.o
    0x2000095b   COMPRESSED   0x00000001   Data   RW         7558    .data               sd_diskio.o
    0x2000095c        -       0x000002ac   Zero   RW           26    .bss                main.o
    0x20000c08        -       0x00000044   Zero   RW           28    .bss                main.o
    0x20000c4c        -       0x00000044   Zero   RW           29    .bss                main.o
    0x20000c90        -       0x00000044   Zero   RW           30    .bss                main.o
    0x20000cd4        -       0x00000044   Zero   RW           31    .bss                main.o
    0x20000d18        -       0x00000044   Zero   RW           32    .bss                main.o
    0x20000d5c        -       0x00000044   Zero   RW           33    .bss                main.o
    0x20000da0        -       0x00000400   Zero   RW         4507    .bss                glcd.o
    0x200011a0        -       0x000003e8   Zero   RW         4718    .bss                itlsspproc.o
    0x20001588        -       0x00000380   Zero   RW         4939    .bss                nv11.o
    0x20001908        -       0x00000414   Zero   RW         5238    .bss                serialfunc.o
    0x20001d1c        -       0x00000403   Zero   RW         5503    .bss                sspcoms.o
    0x2000211f   COMPRESSED   0x00000001   PAD
    0x20002120        -       0x0000035c   Zero   RW         5582    .bss                vdm_device_config.o
    0x2000247c        -       0x0000017e   Zero   RW         5924    .bss                gsm_app.o
    0x200025fa   COMPRESSED   0x00000002   PAD
    0x200025fc        -       0x00000094   Zero   RW         6054    .bss                imd.o
    0x20002690        -       0x0000003c   Zero   RW         6113    .bss                user_gui.o
    0x200026cc        -       0x0000000a   Zero   RW         6473    .bss                vdm_app_gsm.o
    0x200026d6   COMPRESSED   0x00000002   PAD
    0x200026d8        -       0x0000000c   Zero   RW         7482    .bss                ff_gen_drv.o
    0x200026e4        -       0x000000e4   Zero   RW         7740    .bss                c_w.l(rand.o)
    0x200027c8        -       0x0000002c   Zero   RW         7756    .bss                c_w.l(localtime.o)
    0x200027f4        -       0x00000060   Zero   RW         7934    .bss                c_w.l(libspace.o)
    0x20002854   COMPRESSED   0x00000004   PAD
    0x20002858        -       0x00000200   Zero   RW            2    HEAP                startup_stm32f103xe.o
    0x20002a58        -       0x00000400   Zero   RW            1    STACK               startup_stm32f103xe.o


==============================================================================

Image component sizes


      Code (inc. data)   RO Data    RW Data    ZI Data      Debug   Object Name

       172         24          0          0          0       6851   bsp_driver_sd.o
        76          0          0          0          0       1752   crc_calculator.o
       768        186          0          1          0       4043   dht_sensor.o
      2056          4         10          0          0      13182   encryption.o
        28         10          0          5          0       1086   fatfs.o
        70          4          0          0         12       1619   ff_gen_drv.o
      1396        172          0          0          0       9824   flash.o
      1380         62          0          8       1024      16865   glcd.o
         0          0        768         12          0       1843   glcd_font.o
      1320        386          0        378        382       6967   gsm_app.o
        92         16          0          0          0       1813   gsm_drv.o
      1150        142          6         19        148       6056   imd.o
       766         14          0          0       1000      12695   itlsspproc.o
       432          0          0          0          0       5970   lwrb.o
      2694        422         78         21       1092     574727   main.o
      6130       3598         13         80        896      49294   nv11.o
       328          6          0          0          0       3293   random.o
       588         10          0          8          0       8357   rtc_time.o
       264         34         20          1          0       4456   sd_diskio.o
       374         84          0          8       1044       7462   serialfunc.o
      1456         16          0          0          0      12456   ssp_helpers.o
       928         30          0          0       1027       4170   sspcoms.o
        64         26        304          0       1536        824   startup_stm32f103xe.o
       164         28          0         12          0       6613   stm32f1xx_hal.o
       850         28          0          0          0       5335   stm32f1xx_hal_adc.o
         2          0          0          0          0       1085   stm32f1xx_hal_adc_ex.o
       198         14          0          0          0      29019   stm32f1xx_hal_cortex.o
      1236         52          0          0          0       5210   stm32f1xx_hal_dma.o
       548         48          0          0          0       4190   stm32f1xx_hal_gpio.o
      1140        128          0          0          0       5699   stm32f1xx_hal_msp.o
        12          4          0          0          0        527   stm32f1xx_hal_pwr.o
      1240         84         18          0          0       5188   stm32f1xx_hal_rcc.o
       420         30         18          0          0       2557   stm32f1xx_hal_rcc_ex.o
       910         12          0          0          0       9552   stm32f1xx_hal_rtc.o
       140         10          0          0          0       3544   stm32f1xx_hal_rtc_ex.o
      2626         38          0          0          0      13215   stm32f1xx_hal_sd.o
      1688          4          0          0          0       8290   stm32f1xx_hal_spi.o
      1030         40          0          0          0       9953   stm32f1xx_hal_tim.o
       128         20          0          0          0       2453   stm32f1xx_hal_tim_ex.o
      2154         38          0          0          0      15429   stm32f1xx_hal_uart.o
       194         84          0          0          0      10772   stm32f1xx_it.o
      1570         48          0          0          0      21612   stm32f1xx_ll_sdmmc.o
         8          4          0        372          0        986   sys_ctx.o
         2          0         24          4          0       1155   system_stm32f1xx.o
      2168        176          0          2          0      16540   tft_glcd.o
     14482       1402         90         56         60      27096   user_gui.o
      1096        120         28        485         10      10039   vdm_app_gsm.o
       114         14          0          0        860       6380   vdm_device_config.o
        12          4        814        372          0       1290   vdm_language.o
      1466        586       1261        540          0       3816   vnfont.o

    ----------------------------------------------------------------------
     58210       8262       3494       2396       9096     983150   Object Totals
         0          0         32          0          0          0   (incl. Generated)
        80          0         10         12          5          0   (incl. Padding)

    ----------------------------------------------------------------------

      Code (inc. data)   RO Data    RW Data    ZI Data      Debug   Library Member Name

        90          0          0          0          0          0   __dczerorl2.o
         8          0          0          0          0         68   __main.o
       312          4         17          0          0         92   __printf_flags_wp.o
        14          0          0          0          0         68   __printf_wp.o
         0          0          0          0          0          0   __rtentry.o
        12          0          0          0          0          0   __rtentry2.o
         6          0          0          0          0          0   __rtentry4.o
        52          8          0          0          0          0   __scatter.o
        28          0          0          0          0          0   __scatter_zi.o
        28          0          0          0          0         68   _chval.o
         0          0         12          0          0          0   _monlen.o
         6          0          0          0          0          0   _printf_c.o
        44          0          0          0          0        108   _printf_char.o
        48          6          0          0          0         96   _printf_char_common.o
        36          4          0          0          0         80   _printf_char_file.o
         6          0          0          0          0          0   _printf_d.o
       120         16          0          0          0         92   _printf_dec.o
        88          4         40          0          0         88   _printf_hex_int.o
       178          0          0          0          0         88   _printf_intcommon.o
        78          0          0          0          0        108   _printf_pad.o
         0          0          0          0          0          0   _printf_percent.o
         4          0          0          0          0          0   _printf_percent_end.o
         6          0          0          0          0          0   _printf_s.o
        82          0          0          0          0         80   _printf_str.o
         6          0          0          0          0          0   _printf_u.o
         6          0          0          0          0          0   _printf_x.o
        10          0          0          0          0         68   _sputc.o
       158          0          0          0          0         92   _strtoul.o
        22          0          0          0          0         80   abort.o
        26          0          0          0          0         80   atoi.o
        48         34          0          0          0         76   defsig_abrt_inner.o
        14          0          0          0          0         80   defsig_abrt_outer.o
        10          0          0          0          0         68   defsig_exit.o
        50          0          0          0          0         88   defsig_general.o
        18          0          0          0          0         80   exit.o
         8          0          0          0          0         68   ferror.o
         6          0          0          0          0        152   heapauxi.o
         0          0          0          0          0          0   indicate_semi.o
        44         10        272          0          0         76   lc_ctype_c.o
         2          0          0          0          0          0   libinit.o
        24          0          0          0          0          0   libinit2.o
         2          0          0          0          0          0   libshutdown.o
         2          0          0          0          0          0   libshutdown2.o
         8          4          0          0         96         68   libspace.o
        72          0          0          0          0         76   llsdiv.o
        38          0          0          0          0         68   llshl.o
        38          0          0          0          0         68   llsshr.o
       238          0          0          0          0        100   lludivv7m.o
        12          6          0          0         44         68   localtime.o
       184          6          0          0          0         80   localtime_internal.o
       428         10          0          0          0        116   mktime.o
        24          4          0          0          0         84   noretval__2printf.o
        40          6          0          0          0         84   noretval__2sprintf.o
       112         18          0          0        228        160   rand.o
        16          4          0          0          0         76   rt_ctype_table.o
         8          4          0          0          0         68   rt_errno_addr_intlibspace.o
         8          4          0          0          0         68   rt_locale_intlibspace.o
        78          0          0          0          0         80   rt_memclr_w.o
       138          0          0          0          0         68   rt_memcpy_v6.o
       100          0          0          0          0         80   rt_memcpy_w.o
         2          0          0          0          0          0   rtexit.o
        10          0          0          0          0          0   rtexit2.o
       128          0          0          0          0         68   strcmpv7m.o
        62          0          0          0          0         76   strlen.o
       112          0          0          0          0         88   strtol.o
        12          4          0          0          0         68   sys_exit.o
        74          0          0          0          0         80   sys_stackheap_outer.o
        14          0          0          0          0         76   sys_wrch.o
         2          0          0          0          0         68   use_no_semi.o
        98          4          0          0          0         92   d2f.o
        38          0          0          0          0         68   dflt_clz.o
       340         12          0          0          0        104   dmul.o
       156          4          0          0          0         92   dnaninf.o
        12          0          0          0          0         68   dretinf.o
        24          0          0          0          0         68   fcmpi.o
        54          4          0          0          0         84   ffix.o
        62          4          0          0          0         84   ffixu.o
        38          0          0          0          0         68   fflt_clz.o
       104          4          0          0          0         84   fleqf.o
       140          4          0          0          0         84   fnaninf.o
        10          0          0          0          0         68   fretinf.o
         0          0          0          0          0          0   usenofp.o

    ----------------------------------------------------------------------
      4760        192        344          0        372       4944   Library Totals
        24          0          3          0          4          0   (incl. Padding)

    ----------------------------------------------------------------------

      Code (inc. data)   RO Data    RW Data    ZI Data      Debug   Library Name

      3660        156        341          0        368       3980   c_w.l
      1076         36          0          0          0        964   fz_ws.l

    ----------------------------------------------------------------------
      4760        192        344          0        372       4944   Library Totals

    ----------------------------------------------------------------------

==============================================================================


      Code (inc. data)   RO Data    RW Data    ZI Data      Debug   

     62970       8454       3838       2396       9468     965262   Grand Totals
     62970       8454       3838        664       9468     965262   ELF Image Totals (compressed)
     62970       8454       3838        664          0          0   ROM Totals

==============================================================================

    Total RO  Size (Code + RO Data)                66808 (  65.24kB)
    Total RW  Size (RW Data + ZI Data)             11864 (  11.59kB)
    Total ROM Size (Code + RO Data + RW Data)      67472 (  65.89kB)

==============================================================================

