<html>
<body>
<pre>
<h1>µVision Build Log</h1>
<h2>Tool Versions:</h2>
IDE-Version: µVision V5.29.0.0
Copyright (C) 2019 ARM Ltd and ARM Germany GmbH. All rights reserved.
License Information: v s, s, LIC=65ISB-2ILRS-8TT3P-M11YL-ZCPL8-GJJFD
 
Tool Versions:
Toolchain:       MDK-ARM Plus  Version: 5.29.0.0
Toolchain Path:  C:\Keil_v5\ARM\ARMCC\Bin
C Compiler:      Armcc.exe V5.06 update 6 (build 750)
Assembler:       Armasm.exe V5.06 update 6 (build 750)
Linker/Locator:  ArmLink.exe V5.06 update 6 (build 750)
Library Manager: ArmAr.exe V5.06 update 6 (build 750)
Hex Converter:   FromElf.exe V5.06 update 6 (build 750)
CPU DLL:         SARMCM3.DLL V5.29.0.0
Dialog DLL:      DCM.DLL V1.17.3.0
Target DLL:      Segger\JL2CM3.dll V2.99.36.0
Dialog DLL:      TCM.DLL V1.36.5.0
 
<h2>Project:</h2>
C:\Data\The Anh\Ban huong\May-Ban-Huong\Code\Incense_machine\IDM\MDK-ARM\IDM.uvprojx
Project File Date:  08/24/2024

<h2>Output:</h2>
*** Using Compiler 'V5.06 update 6 (build 750)', folder: 'C:\Keil_v5\ARM\ARMCC\Bin'
Build target 'IDM'
compiling IMD.c...
compiling user_gui.c...
..\Core\User_Driver\GSM_app.h(37): warning:  #1-D: last line of file ends without a newline
  #endif
..\Core\User_Driver\vdm_language.h(93): warning:  #1295-D: Deprecated declaration vdm_language_get_current_lang - give arg types
  vdm_language_t vdm_language_get_current_lang();
..\Core\User_Driver\images.h(1242): warning:  #1-D: last line of file ends without a newline
  #endif /* IMAGES_H */
..\Core\User_Driver\user_gui.c(50): warning:  #188-D: enumerated type mixed with another type
  Display_Typedef current_display=DIS_Home, old_display=255;
..\Core\User_Driver\user_gui.c(289): warning:  #188-D: enumerated type mixed with another type
  						GLcd_DrawStringUni(vdm_language_get_text(VDM_LANG_TOTAL_MOUNT+(point/3)*3 +n),10, 10 + n*15, WHITE);
..\Core\User_Driver\user_gui.c(306): warning:  #188-D: enumerated type mixed with another type
  						GLcd_DrawStringUni(vdm_language_get_text(VDM_LANG_ID_MACHINE+(point/3)*3 +n),10, 10 + n*15, WHITE);
..\Core\User_Driver\user_gui.c(397): warning:  #188-D: enumerated type mixed with another type
  						GLcd_DrawStringUni(vdm_language_get_text(VDM_LANG_ERR_MOTOR+(sub1_point/3)*3 +n),10, 10 + n*15, WHITE);
..\Core\User_Driver\user_gui.c(229): warning:  #546-D: transfer of control bypasses initialization of:
            variable "reven"  (declared at line 359)
  		switch(current_display)
  		^
..\Core\User_Driver\user_gui.c(524): warning:  #188-D: enumerated type mixed with another type
  					else	current_display = last_DIS;
..\Core\User_Driver\user_gui.c(527): warning:  #188-D: enumerated type mixed with another type
  					current_display = last_DIS;
..\Core\User_Driver\user_gui.c(735): warning:  #188-D: enumerated type mixed with another type
  						GLcd_DrawStringUni(vdm_language_get_text(VDM_LANG_TOTAL_MOUNT+(point/3)*3 +n),10, 10 + n*15, WHITE);
..\Core\User_Driver\user_gui.c(788): warning:  #188-D: enumerated type mixed with another type
  					current_display = sub1_point + DIS_DAY;
..\Core\User_Driver\user_gui.c(950): warning:  #188-D: enumerated type mixed with another type
  					current_display = DIS_ERROR_MOTOR + sub1_point;
..\Core\User_Driver\user_gui.c(962): warning:  #188-D: enumerated type mixed with another type
  						GLcd_DrawStringUni(vdm_language_get_text(VDM_LANG_ERR_MOTOR+(sub1_point/3)*3 +n),10, 10 + n*15, WHITE);
..\Core\User_Driver\user_gui.c(1221): warning:  #188-D: enumerated type mixed with another type
  						GLcd_DrawStringUni(vdm_language_get_text(VDM_LANG_ID_MACHINE+(point/3)*3 +n),10, 10 + n*15, WHITE);
..\Core\User_Driver\user_gui.c(517): warning:  #546-D: transfer of control bypasses initialization of:
            variable "point_pos"  (declared at line 763)
            variable "monthday"  (declared at line 800)
  		switch(current_display)
  		^
..\Core\User_Driver\user_gui.c(1401): warning:  #188-D: enumerated type mixed with another type
  						GLcd_DrawStringUni(vdm_language_get_text(VDM_LANG_TOTAL_MOUNT+(point/3)*3 +n),10, 10 + n*15, WHITE);
..\Core\User_Driver\user_gui.c(1418): warning:  #188-D: enumerated type mixed with another type
  						GLcd_DrawStringUni(vdm_language_get_text(VDM_LANG_ID_MACHINE+(point/3)*3 +n),10, 10 + n*15, WHITE);
..\Core\User_Driver\user_gui.c(1509): warning:  #188-D: enumerated type mixed with another type
  						GLcd_DrawStringUni(vdm_language_get_text(VDM_LANG_ERR_MOTOR+(sub1_point/3)*3 +n),10, 10 + n*15, WHITE);
..\Core\User_Driver\user_gui.c(1344): warning:  #546-D: transfer of control bypasses initialization of:
            variable "reven"  (declared at line 1471)
  		switch(current_display)
  		^
..\Core\User_Driver\user_gui.c(1636): warning:  #188-D: enumerated type mixed with another type
  					else	current_display = last_DIS;
..\Core\User_Driver\user_gui.c(1639): warning:  #188-D: enumerated type mixed with another type
  					current_display = last_DIS;
..\Core\User_Driver\user_gui.c(1843): warning:  #188-D: enumerated type mixed with another type
  						GLcd_DrawStringUni(vdm_language_get_text(VDM_LANG_TOTAL_MOUNT+(point/3)*3 +n),10, 10 + n*15, WHITE);
..\Core\User_Driver\user_gui.c(1896): warning:  #188-D: enumerated type mixed with another type
  					current_display = sub1_point + DIS_DAY;
..\Core\User_Driver\user_gui.c(2058): warning:  #188-D: enumerated type mixed with another type
  					current_display = DIS_ERROR_MOTOR + sub1_point;
..\Core\User_Driver\user_gui.c(2070): warning:  #188-D: enumerated type mixed with another type
  						GLcd_DrawStringUni(vdm_language_get_text(VDM_LANG_ERR_MOTOR+(sub1_point/3)*3 +n),10, 10 + n*15, WHITE);
..\Core\User_Driver\user_gui.c(2329): warning:  #188-D: enumerated type mixed with another type
  						GLcd_DrawStringUni(vdm_language_get_text(VDM_LANG_ID_MACHINE+(point/3)*3 +n),10, 10 + n*15, WHITE);
..\Core\User_Driver\user_gui.c(1629): warning:  #546-D: transfer of control bypasses initialization of:
            variable "point_pos"  (declared at line 1871)
            variable "monthday"  (declared at line 1908)
  		switch(current_display)
  		^
..\Core\User_Driver\user_gui.c(77): warning:  #177-D: function "RTC_WeekDayNum"  was declared but never referenced
  static uint8_t RTC_WeekDayNum(uint32_t nYear, uint8_t nMonth, uint8_t nDay);
..\Core\User_Driver\user_gui.c: 29 warnings, 0 errors
linking...
Program Size: Code=62974 RO-data=3838 RW-data=2588 ZI-data=9468  
FromELF: creating hex file...
"IDM\IDM.axf" - 0 Error(s), 29 Warning(s).

<h2>Software Packages used:</h2>

Package Vendor: ARM
                http://www.keil.com/pack/ARM.CMSIS.5.6.0.pack
                ARM.CMSIS.5.6.0
                CMSIS (Cortex Microcontroller Software Interface Standard)
   * Component: CORE Version: 5.3.0

Package Vendor: Keil
                https://www.keil.com/pack/Keil.STM32F1xx_DFP.2.4.1.pack
                Keil.STM32F1xx_DFP.2.4.1
                STMicroelectronics STM32F1 Series Device Support, Drivers and Examples

<h2>Collection of Component include folders:</h2>
  .\RTE\_IDM
  C:\Users\vinhh\AppData\Local\Arm\Packs\ARM\CMSIS\5.6.0\CMSIS\Core\Include
  C:\Users\vinhh\AppData\Local\Arm\Packs\Keil\STM32F1xx_DFP\2.4.1\Device\Include

<h2>Collection of Component Files used:</h2>

   * Component: ARM::CMSIS:CORE:5.3.0
Build Time Elapsed:  00:00:03
</pre>
</body>
</html>
