Component: ARM Compiler 5.06 update 6 (build 750) Tool: armlink [4d35ed]

==============================================================================

Section Cross References

    startup_stm32f103xe.o(STACK) refers (Special) to heapauxi.o(.text) for __use_two_region_memory
    startup_stm32f103xe.o(HEAP) refers (Special) to heapauxi.o(.text) for __use_two_region_memory
    startup_stm32f103xe.o(RESET) refers (Special) to heapauxi.o(.text) for __use_two_region_memory
    startup_stm32f103xe.o(RESET) refers to startup_stm32f103xe.o(STACK) for __initial_sp
    startup_stm32f103xe.o(RESET) refers to startup_stm32f103xe.o(.text) for Reset_Handler
    startup_stm32f103xe.o(RESET) refers to stm32f1xx_it.o(i.NMI_Handler) for NMI_Handler
    startup_stm32f103xe.o(RESET) refers to stm32f1xx_it.o(i.HardFault_Handler) for HardFault_Handler
    startup_stm32f103xe.o(RESET) refers to stm32f1xx_it.o(i.MemManage_Handler) for MemManage_Handler
    startup_stm32f103xe.o(RESET) refers to stm32f1xx_it.o(i.BusFault_Handler) for BusFault_Handler
    startup_stm32f103xe.o(RESET) refers to stm32f1xx_it.o(i.UsageFault_Handler) for UsageFault_Handler
    startup_stm32f103xe.o(RESET) refers to stm32f1xx_it.o(i.SVC_Handler) for SVC_Handler
    startup_stm32f103xe.o(RESET) refers to stm32f1xx_it.o(i.DebugMon_Handler) for DebugMon_Handler
    startup_stm32f103xe.o(RESET) refers to stm32f1xx_it.o(i.PendSV_Handler) for PendSV_Handler
    startup_stm32f103xe.o(RESET) refers to stm32f1xx_it.o(i.SysTick_Handler) for SysTick_Handler
    startup_stm32f103xe.o(RESET) refers to stm32f1xx_it.o(i.RTC_IRQHandler) for RTC_IRQHandler
    startup_stm32f103xe.o(RESET) refers to stm32f1xx_it.o(i.DMA1_Channel2_IRQHandler) for DMA1_Channel2_IRQHandler
    startup_stm32f103xe.o(RESET) refers to stm32f1xx_it.o(i.DMA1_Channel3_IRQHandler) for DMA1_Channel3_IRQHandler
    startup_stm32f103xe.o(RESET) refers to stm32f1xx_it.o(i.DMA1_Channel4_IRQHandler) for DMA1_Channel4_IRQHandler
    startup_stm32f103xe.o(RESET) refers to stm32f1xx_it.o(i.DMA1_Channel5_IRQHandler) for DMA1_Channel5_IRQHandler
    startup_stm32f103xe.o(RESET) refers to stm32f1xx_it.o(i.DMA1_Channel6_IRQHandler) for DMA1_Channel6_IRQHandler
    startup_stm32f103xe.o(RESET) refers to stm32f1xx_it.o(i.DMA1_Channel7_IRQHandler) for DMA1_Channel7_IRQHandler
    startup_stm32f103xe.o(RESET) refers to stm32f1xx_it.o(i.EXTI9_5_IRQHandler) for EXTI9_5_IRQHandler
    startup_stm32f103xe.o(RESET) refers to stm32f1xx_it.o(i.USART1_IRQHandler) for USART1_IRQHandler
    startup_stm32f103xe.o(RESET) refers to stm32f1xx_it.o(i.USART2_IRQHandler) for USART2_IRQHandler
    startup_stm32f103xe.o(RESET) refers to stm32f1xx_it.o(i.USART3_IRQHandler) for USART3_IRQHandler
    startup_stm32f103xe.o(RESET) refers to stm32f1xx_it.o(i.SDIO_IRQHandler) for SDIO_IRQHandler
    startup_stm32f103xe.o(RESET) refers to stm32f1xx_it.o(i.TIM6_IRQHandler) for TIM6_IRQHandler
    startup_stm32f103xe.o(.text) refers (Special) to heapauxi.o(.text) for __use_two_region_memory
    startup_stm32f103xe.o(.text) refers to system_stm32f1xx.o(i.SystemInit) for SystemInit
    startup_stm32f103xe.o(.text) refers to __main.o(!!!main) for __main
    startup_stm32f103xe.o(.text) refers to startup_stm32f103xe.o(HEAP) for Heap_Mem
    startup_stm32f103xe.o(.text) refers to startup_stm32f103xe.o(STACK) for Stack_Mem
    main.o(i.Error_Handler) refers to noretval__2printf.o(.text) for __2printf
    main.o(i.HAL_RTCEx_RTCEventCallback) refers to main.o(.data) for .data
    main.o(i.HAL_TIM_PeriodElapsedCallback) refers to stm32f1xx_hal_gpio.o(i.HAL_GPIO_WritePin) for HAL_GPIO_WritePin
    main.o(i.HAL_TIM_PeriodElapsedCallback) refers to user_gui.o(i.scan_switch) for scan_switch
    main.o(i.HAL_TIM_PeriodElapsedCallback) refers to main.o(.bss) for .bss
    main.o(i.HAL_TIM_PeriodElapsedCallback) refers to main.o(.data) for .data
    main.o(i.HAL_TIM_PeriodElapsedCallback) refers to imd.o(.data) for count
    main.o(i.HAL_TIM_PeriodElapsedCallback) refers to gsm_app.o(.data) for AT_timeout
    main.o(i.HAL_TIM_PeriodElapsedCallback) refers to dht_sensor.o(.data) for flag_readDHT12
    main.o(i.HAL_TIM_PeriodElapsedCallback) refers to imd.o(.bss) for Led1
    main.o(i.MX_ADC1_Init) refers to stm32f1xx_hal_adc.o(i.HAL_ADC_Init) for HAL_ADC_Init
    main.o(i.MX_ADC1_Init) refers to stm32f1xx_hal_adc.o(i.HAL_ADC_ConfigChannel) for HAL_ADC_ConfigChannel
    main.o(i.MX_ADC1_Init) refers to main.o(i.Error_Handler) for Error_Handler
    main.o(i.MX_ADC1_Init) refers to main.o(.bss) for .bss
    main.o(i.MX_GPIO_Init) refers to stm32f1xx_hal_gpio.o(i.HAL_GPIO_WritePin) for HAL_GPIO_WritePin
    main.o(i.MX_GPIO_Init) refers to stm32f1xx_hal_gpio.o(i.HAL_GPIO_Init) for HAL_GPIO_Init
    main.o(i.MX_NVIC_Init) refers to stm32f1xx_hal_cortex.o(i.HAL_NVIC_SetPriority) for HAL_NVIC_SetPriority
    main.o(i.MX_NVIC_Init) refers to stm32f1xx_hal_cortex.o(i.HAL_NVIC_EnableIRQ) for HAL_NVIC_EnableIRQ
[...]
    forward_s_box_compute                    0x08009833   Thumb Code    34  encryption.o(i.forward_s_box_compute)
    fputc                                    0x08009855   Thumb Code    20  main.o(i.fputc)
    getRTC                                   0x0800986d   Thumb Code    72  rtc_time.o(i.getRTC)
    get_revenue_day                          0x080098b5   Thumb Code    54  flash.o(i.get_revenue_day)
    get_revenue_month                        0x080098eb   Thumb Code    60  flash.o(i.get_revenue_month)
    get_revenue_year                         0x08009927   Thumb Code    52  flash.o(i.get_revenue_year)
    get_time                                 0x0800995b   Thumb Code    68  rtc_time.o(i.get_time)
    glcd_lcd_write_pin                       0x080099a1   Thumb Code    24  glcd.o(i.glcd_lcd_write_pin)
    inverse_s_box_compute                    0x08009a91   Thumb Code    24  encryption.o(i.inverse_s_box_compute)
    lwrb_get_free                            0x08009aa9   Thumb Code    56  lwrb.o(i.lwrb_get_free)
    lwrb_get_full                            0x08009ae1   Thumb Code    56  lwrb.o(i.lwrb_get_full)
    lwrb_init                                0x08009b19   Thumb Code    32  lwrb.o(i.lwrb_init)
    lwrb_read                                0x08009b39   Thumb Code   126  lwrb.o(i.lwrb_read)
    lwrb_reset                               0x08009bb7   Thumb Code    36  lwrb.o(i.lwrb_reset)
    lwrb_write                               0x08009bdb   Thumb Code   126  lwrb.o(i.lwrb_write)
    main                                     0x08009c59   Thumb Code   678  main.o(i.main)
    mem_copy                                 0x0800a005   Thumb Code    14  encryption.o(i.mem_copy)
    negotiate_ssp_encryption                 0x0800a013   Thumb Code    12  ssp_helpers.o(i.negotiate_ssp_encryption)
    nv11_enable                              0x0800a021   Thumb Code    40  nv11.o(i.nv11_enable)
    nv11_reset                               0x0800a095   Thumb Code    36  nv11.o(i.nv11_reset)
    queueLengthGSM                           0x0800a831   Thumb Code    24  gsm_app.o(i.queueLengthGSM)
    readGSM_Buff                             0x0800a84d   Thumb Code    32  gsm_app.o(i.readGSM_Buff)
    read_device_config                       0x0800a875   Thumb Code    62  flash.o(i.read_device_config)
    save_device_config                       0x0800a8bd   Thumb Code    42  flash.o(i.save_device_config)
    scan_BT                                  0x0800a909   Thumb Code    26  user_gui.o(i.scan_BT)
    scan_switch                              0x0800a93d   Thumb Code   318  user_gui.o(i.scan_switch)
    send_ssp_command                         0x0800aad1   Thumb Code    10  ssp_helpers.o(i.send_ssp_command)
    setRTC                                   0x0800aadb   Thumb Code    74  rtc_time.o(i.setRTC)
    show_Messenger                           0x0800ab55   Thumb Code    78  user_gui.o(i.show_Messenger)
    ssp6_check_note_level                    0x0800abc3   Thumb Code    86  ssp_helpers.o(i.ssp6_check_note_level)
    ssp6_disable                             0x0800ac19   Thumb Code    12  ssp_helpers.o(i.ssp6_disable)
    ssp6_display_on                          0x0800ac25   Thumb Code    12  ssp_helpers.o(i.ssp6_display_on)
    ssp6_enable                              0x0800ac31   Thumb Code    12  ssp_helpers.o(i.ssp6_enable)
    ssp6_get_stored_notes                    0x0800ac3d   Thumb Code    46  ssp_helpers.o(i.ssp6_get_stored_notes)
    ssp6_hold                                0x0800ac6b   Thumb Code    12  ssp_helpers.o(i.ssp6_hold)
    ssp6_host_protocol                       0x0800ac77   Thumb Code    14  ssp_helpers.o(i.ssp6_host_protocol)
    ssp6_payout_note                         0x0800ac85   Thumb Code    12  ssp_helpers.o(i.ssp6_payout_note)
    ssp6_poll                                0x0800ac91   Thumb Code   694  ssp_helpers.o(i.ssp6_poll)
    ssp6_reset                               0x0800af47   Thumb Code    10  ssp_helpers.o(i.ssp6_reset)
    ssp6_run_calibration                     0x0800af51   Thumb Code    12  ssp_helpers.o(i.ssp6_run_calibration)
    ssp6_set_inhibits                        0x0800af5d   Thumb Code    16  ssp_helpers.o(i.ssp6_set_inhibits)
    ssp6_setup_encryption                    0x0800af6d   Thumb Code    28  ssp_helpers.o(i.ssp6_setup_encryption)
    ssp6_setup_request                       0x0800af89   Thumb Code   436  ssp_helpers.o(i.ssp6_setup_request)
    ssp6_sync                                0x0800b13d   Thumb Code    12  ssp_helpers.o(i.ssp6_sync)
    ssp_serial_deinitialize                  0x0800b149   Thumb Code     6  serialfunc.o(i.ssp_serial_deinitialize)
    ssp_serial_flush                         0x0800b155   Thumb Code     6  serialfunc.o(i.ssp_serial_flush)
    ssp_serial_initialize                    0x0800b161   Thumb Code    42  serialfunc.o(i.ssp_serial_initialize)
    ssp_serial_read                          0x0800b19d   Thumb Code    10  serialfunc.o(i.ssp_serial_read)
    ssp_serial_rx_availble                   0x0800b1ad   Thumb Code    16  serialfunc.o(i.ssp_serial_rx_availble)
    ssp_serial_write_data                    0x0800b1c5   Thumb Code    10  serialfunc.o(i.ssp_serial_write_data)
    sync_number_celled                       0x0800b1d5   Thumb Code    58  flash.o(i.sync_number_celled)
    sys_ctx                                  0x0800b219   Thumb Code     4  sys_ctx.o(i.sys_ctx)
    vdm_NV11_Init                            0x0800b221   Thumb Code   386  nv11.o(i.vdm_NV11_Init)
    vdm_NV11_Process                         0x0800b569   Thumb Code   126  nv11.o(i.vdm_NV11_Process)
    vdm_app_gsm_send_door_frame              0x0800b671   Thumb Code   454  vdm_app_gsm.o(i.vdm_app_gsm_send_door_frame)
    vdm_app_gsm_send_heartbeat               0x0800b869   Thumb Code   370  vdm_app_gsm.o(i.vdm_app_gsm_send_heartbeat)
    vdm_app_gsm_send_start_frame             0x0800b9f1   Thumb Code    26  vdm_app_gsm.o(i.vdm_app_gsm_send_start_frame)
    vdm_app_gsm_set_device_id                0x0800ba11   Thumb Code   126  vdm_app_gsm.o(i.vdm_app_gsm_set_device_id)
    vdm_device_config_get_item_price         0x0800bab9   Thumb Code    44  vdm_device_config.o(i.vdm_device_config_get_item_price)
    vdm_device_config_get_item_remain        0x0800bae9   Thumb Code    46  vdm_device_config.o(i.vdm_device_config_get_item_remain)
    vdm_device_config_lock_resource          0x0800bb1d   Thumb Code     4  vdm_device_config.o(i.vdm_device_config_lock_resource)
    vdm_device_config_unlock_resource        0x0800bb21   Thumb Code     2  vdm_device_config.o(i.vdm_device_config_unlock_resource)
    vdm_get_device_config                    0x0800bb25   Thumb Code     4  vdm_device_config.o(i.vdm_get_device_config)
    vdm_language_get_text                    0x0800bb2d   Thumb Code     8  vdm_language.o(i.vdm_language_get_text)
    vnfontFindPosition                       0x0800c111   Thumb Code  1466  vnfont.o(i.vnfontFindPosition)
    waitForPulse                             0x0800c6cd   Thumb Code    58  dht_sensor.o(i.waitForPulse)
    _get_lc_ctype                            0x0800c725   Thumb Code    44  lc_ctype_c.o(locale$$code)
    __aeabi_d2f                              0x0800c751   Thumb Code     0  d2f.o(x$fpl$d2f)
    _d2f                                     0x0800c751   Thumb Code    98  d2f.o(x$fpl$d2f)
    __aeabi_ui2d                             0x0800c7b3   Thumb Code     0  dflt_clz.o(x$fpl$dfltu)
    _dfltu                                   0x0800c7b3   Thumb Code    38  dflt_clz.o(x$fpl$dfltu)
    __aeabi_dmul                             0x0800c7d9   Thumb Code     0  dmul.o(x$fpl$dmul)
    _dmul                                    0x0800c7d9   Thumb Code   332  dmul.o(x$fpl$dmul)
    __fpl_dnaninf                            0x0800c92d   Thumb Code   156  dnaninf.o(x$fpl$dnaninf)
    __fpl_dretinf                            0x0800c9c9   Thumb Code    12  dretinf.o(x$fpl$dretinf)
    __fpl_fcmp_Inf                           0x0800c9d5   Thumb Code    24  fcmpi.o(x$fpl$fcmpinf)
    __aeabi_f2iz                             0x0800c9ed   Thumb Code     0  ffix.o(x$fpl$ffix)
    _ffix                                    0x0800c9ed   Thumb Code    54  ffix.o(x$fpl$ffix)
    __aeabi_f2uiz                            0x0800ca25   Thumb Code     0  ffixu.o(x$fpl$ffixu)
    _ffixu                                   0x0800ca25   Thumb Code    62  ffixu.o(x$fpl$ffixu)
    __aeabi_ui2f                             0x0800ca65   Thumb Code     0  fflt_clz.o(x$fpl$ffltu)
    _ffltu                                   0x0800ca65   Thumb Code    38  fflt_clz.o(x$fpl$ffltu)
    __aeabi_cfcmple                          0x0800ca8d   Thumb Code     0  fleqf.o(x$fpl$fleqf)
    _fcmple                                  0x0800ca8d   Thumb Code   104  fleqf.o(x$fpl$fleqf)
    __fpl_fcmple_InfNaN                      0x0800cadf   Thumb Code     0  fleqf.o(x$fpl$fleqf)
    __fpl_fnaninf                            0x0800caf5   Thumb Code   140  fnaninf.o(x$fpl$fnaninf)
    __fpl_fretinf                            0x0800cb81   Thumb Code    10  fretinf.o(x$fpl$fretinf)
    __I$use$fp                               0x0800cb8a   Number         0  usenofp.o(x$fpl$usenofp)
    AHBPrescTable                            0x0800cbae   Data          16  system_stm32f1xx.o(.constdata)
    APBPrescTable                            0x0800cbbe   Data           8  system_stm32f1xx.o(.constdata)
    g_font6x8                                0x0800cbd0   Data         768  glcd_font.o(.constdata)
    g_vnfont_8x15                            0x0800cedd   Data        1261  vnfont.o(.constdata)
    img_arrow_bmp                            0x0800d3d4   Data           6  user_gui.o(.constdata)
    img_del_arrow_bmp                        0x0800d3da   Data           6  user_gui.o(.constdata)
    SD_Driver                                0x0800d424   Data          20  sd_diskio.o(.constdata)
    _monlen                                  0x0800d471   Data          12  _monlen.o(.constdata)
    Region$$Table$$Base                      0x0800d800   Number         0  anon$$obj.o(Region$$Table)
    Region$$Table$$Limit                     0x0800d820   Number         0  anon$$obj.o(Region$$Table)
    __ctype                                  0x0800d82d   Data           0  lc_ctype_c.o(locale$$data)
    isSecond                                 0x20000000   Data           1  main.o(.data)
    isSecond_display                         0x20000001   Data           1  main.o(.data)
    time_buzz                                0x20000004   Data           4  main.o(.data)
    stt_DHT                                  0x20000008   Data           4  main.o(.data)
    GSM                                      0x2000000c   Data           5  main.o(.data)
    __stdout                                 0x20000014   Data           4  main.o(.data)
    uwTickFreq                               0x20000018   Data           1  stm32f1xx_hal.o(.data)
    uwTickPrio                               0x2000001c   Data           4  stm32f1xx_hal.o(.data)
    uwTick                                   0x20000020   Data           4  stm32f1xx_hal.o(.data)
    SystemCoreClock                          0x20000024   Data           4  system_stm32f1xx.o(.data)
    font6x8                                  0x20000034   Data          12  glcd_font.o(.data)
    m_nv11_initialized                       0x20000040   Data           1  nv11.o(.data)
    m_is_holding                             0x20000041   Data           1  nv11.o(.data)
    m_last_n11_event                         0x20000042   Data           1  nv11.o(.data)
    m_unit_type                              0x20000043   Data           1  nv11.o(.data)
    m_channel_num                            0x20000044   Data           1  nv11.o(.data)
    m_action_payout_fault                    0x20000045   Data           1  nv11.o(.data)
    m_lastest_note                           0x20000048   Data           4  nv11.o(.data)
    m_refund_note                            0x2000004c   Data           4  nv11.o(.data)
    m_num_note_payout                        0x2000005c   Data           4  nv11.o(.data)
    m_last_num_note_payout                   0x20000060   Data           4  nv11.o(.data)
    m_error_payout                           0x20000064   Data           4  nv11.o(.data)
    m_denominations                          0x2000006c   Data          36  nv11.o(.data)
    rx1_size                                 0x20000090   Data           2  serialfunc.o(.data)
    char_table                               0x20000098   Data         208  vnfont.o(.data)
    code_offset_table                        0x20000168   Data          60  vnfont.o(.data)
    code_mapping_table                       0x200001a4   Data         256  vnfont.o(.data)
    code_width_table                         0x200002a4   Data          15  vnfont.o(.data)
    heigh                                    0x200002b3   Data           1  vnfont.o(.data)
    currentTime                              0x200002b4   Data           8  rtc_time.o(.data)
    TCP_step                                 0x200002bc   Data           1  gsm_app.o(.data)
    current_TCP_step                         0x200002bd   Data           1  gsm_app.o(.data)
    AT_respone                               0x200002be   Data           1  gsm_app.o(.data)
    AT_timeout                               0x200002c0   Data           2  gsm_app.o(.data)
    Port                                     0x200002c2   Data           2  gsm_app.o(.data)
    count_timeout                            0x200002c4   Data           2  gsm_app.o(.data)
    topQueue                                 0x200002c6   Data           2  gsm_app.o(.data)
    bottomQueue                              0x200002c8   Data           2  gsm_app.o(.data)
    commandGSMList                           0x200002ca   Data         260  gsm_app.o(.data)
    havemoney                                0x200003d0   Data           1  imd.o(.data)
    IDM_state                                0x200003d1   Data           1  imd.o(.data)
    State                                    0x200003d2   Data           1  imd.o(.data)
    count                                    0x200003d4   Data           4  imd.o(.data)
    Humidity                                 0x200003d8   Data           4  imd.o(.data)
    IDM_Errors                               0x200003dc   Data           3  imd.o(.data)
    Temperature                              0x200003e0   Data           4  imd.o(.data)
    key_tick                                 0x200003e4   Data           1  user_gui.o(.data)
    old_key                                  0x200003e5   Data           1  user_gui.o(.data)
    point                                    0x200003e6   Data           1  user_gui.o(.data)
    old_point                                0x200003e7   Data           1  user_gui.o(.data)
    show_time                                0x200003e8   Data           1  user_gui.o(.data)
    last_DIS                                 0x200003e9   Data           1  user_gui.o(.data)
    current_display                          0x200003ea   Data           1  user_gui.o(.data)
    old_display                              0x200003eb   Data           1  user_gui.o(.data)
    csq                                      0x200003ec   Data           1  user_gui.o(.data)
    sub1_point                               0x200003ed   Data           1  user_gui.o(.data)
    sub2_point                               0x200003ee   Data           1  user_gui.o(.data)
    Old_cell_state                           0x200003ef   Data           1  user_gui.o(.data)
    stt_door                                 0x200003f0   Data           1  user_gui.o(.data)
    temp_data_Menu                           0x200003f2   Data           2  user_gui.o(.data)
    key_count                                0x200003f4   Data           4  user_gui.o(.data)
    pass_shop                                0x200003f8   Data           6  user_gui.o(.data)
    pass_tech                                0x200003fe   Data           6  user_gui.o(.data)
    TimeSetting                              0x20000404   Data           8  user_gui.o(.data)
    key_map                                  0x2000040c   Data          16  user_gui.o(.data)
    flag_readDHT12                           0x2000041c   Data           1  dht_sensor.o(.data)
    m_lang_text                              0x20000424   Data         368  vdm_language.o(.data)
    m_door_close_frame                       0x200005fb   Data         166  vdm_app_gsm.o(.data)
    m_heartbeat_frame                        0x2000070c   Data         109  vdm_app_gsm.o(.data)
    retSD                                    0x200008f0   Data           1  fatfs.o(.data)
    SDPath                                   0x200008f1   Data           4  fatfs.o(.data)
    DHT_21                                   0x200008f8   Data          36  main.o(.bss)
    hadc1                                    0x2000091c   Data          48  main.o(.bss)
    hrtc                                     0x2000094c   Data          20  main.o(.bss)
    hsd                                      0x20000960   Data         132  main.o(.bss)
    hspi2                                    0x200009e4   Data          88  main.o(.bss)
    htim6                                    0x20000a3c   Data          72  main.o(.bss)
    huart1                                   0x20000a84   Data          72  main.o(.bss)
    huart2                                   0x20000acc   Data          72  main.o(.bss)
    huart3                                   0x20000b14   Data          72  main.o(.bss)
    hdma_usart1_rx                           0x20000b5c   Data          68  main.o(.bss)
    hdma_usart1_tx                           0x20000ba0   Data          68  main.o(.bss)
    hdma_usart2_rx                           0x20000be4   Data          68  main.o(.bss)
    hdma_usart2_tx                           0x20000c28   Data          68  main.o(.bss)
    hdma_usart3_rx                           0x20000c6c   Data          68  main.o(.bss)
    hdma_usart3_tx                           0x20000cb0   Data          68  main.o(.bss)
    encPktCount                              0x200010f4   Data         800  itlsspproc.o(.bss)
    sspSeq                                   0x20001414   Data         200  itlsspproc.o(.bss)
    m_ssp_cmd                                0x200014e0   Data         544  nv11.o(.bss)
    m_channel                                0x20001700   Data          40  nv11.o(.bss)
    m_stored_notes                           0x20001728   Data          40  nv11.o(.bss)
    m_refund_channels                        0x20001750   Data          10  nv11.o(.bss)
    m_setup_req                              0x2000175c   Data         260  nv11.o(.bss)
    rx1_buffer                               0x20001860   Data         256  serialfunc.o(.bss)
    m_ssp_rx_raw_buffer                      0x20001974   Data         512  serialfunc.o(.bss)
    m_ssp_rx_dma_buffer                      0x20001b74   Data         256  serialfunc.o(.bss)
    m_compile_buffer                         0x20001c74   Data         255  sspcoms.o(.bss)
    m_ssp_packet                             0x20001d73   Data         517  sspcoms.o(.bss)
    cmd_data                                 0x20001f78   Data         255  sspcoms.o(.bss)
    m_device_config                          0x20002078   Data         844  vdm_device_config.o(.bss)
    GSM_buffer                               0x200023d4   Data         256  gsm_app.o(.bss)
    s                                        0x200024d4   Data          50  gsm_app.o(.bss)
    ip_server                                0x20002506   Data          16  gsm_app.o(.bss)
    IDM                                      0x20002518   Data          18  imd.o(.bss)
    IDM_Status                               0x2000252c   Data          56  imd.o(.bss)
    buy                                      0x20002564   Data          12  imd.o(.bss)
    Led1                                     0x20002570   Data          20  imd.o(.bss)
    Led2                                     0x20002584   Data          20  imd.o(.bss)
    Led3                                     0x20002598   Data          20  imd.o(.bss)
    temp_menu_char                           0x200025ac   Data          30  user_gui.o(.bss)
    str                                      0x200025ca   Data          30  user_gui.o(.bss)
    disk                                     0x200025f4   Data          12  ff_gen_drv.o(.bss)
    _random_number_data                      0x20002600   Data         228  rand.o(.bss)
    __libspace_start                         0x20002710   Data          96  libspace.o(.bss)
    __temporary_stack_top$libspace           0x20002770   Data           0  libspace.o(.bss)



==============================================================================

Memory Map of the image

  Image Entry point : 0x08000131

  Load Region LR_IROM1 (Base: 0x08000000, Size: 0x0000e228, Max: 0x00080000, ABSOLUTE, COMPRESSED[0x0000dbb4])

    Execution Region ER_IROM1 (Exec base: 0x08000000, Load base: 0x08000000, Size: 0x0000d930, Max: 0x00080000, ABSOLUTE)

    Exec Addr    Load Addr    Size         Type   Attr      Idx    E Section Name        Object

    0x08000000   0x08000000   0x00000130   Data   RO            3    RESET               startup_stm32f103xe.o
    0x08000130   0x08000130   0x00000008   Code   RO         7390  * !!!main             c_w.l(__main.o)
    0x08000138   0x08000138   0x00000034   Code   RO         7824    !!!scatter          c_w.l(__scatter.o)
    0x0800016c   0x0800016c   0x0000005a   Code   RO         7822    !!dczerorl2         c_w.l(__dczerorl2.o)
    0x080001c6   0x080001c6   0x00000002   PAD
    0x080001c8   0x080001c8   0x0000001c   Code   RO         7826    !!handler_zi        c_w.l(__scatter_zi.o)
    0x080001e4   0x080001e4   0x00000000   Code   RO         7363    .ARM.Collect$$_printf_percent$$00000000  c_w.l(_printf_percent.o)
    0x080001e4   0x080001e4   0x00000006   Code   RO         7361    .ARM.Collect$$_printf_percent$$00000009  c_w.l(_printf_d.o)
    0x080001ea   0x080001ea   0x00000006   Code   RO         7362    .ARM.Collect$$_printf_percent$$0000000A  c_w.l(_printf_u.o)
    0x080001f0   0x080001f0   0x00000006   Code   RO         7360    .ARM.Collect$$_printf_percent$$0000000C  c_w.l(_printf_x.o)
    0x080001f6   0x080001f6   0x00000006   Code   RO         7358    .ARM.Collect$$_printf_percent$$00000013  c_w.l(_printf_c.o)
    0x080001fc   0x080001fc   0x00000006   Code   RO         7359    .ARM.Collect$$_printf_percent$$00000014  c_w.l(_printf_s.o)
    0x08000202   0x08000202   0x00000004   Code   RO         7489    .ARM.Collect$$_printf_percent$$00000017  c_w.l(_printf_percent_end.o)
    0x08000206   0x08000206   0x00000002   Code   RO         7667    .ARM.Collect$$libinit$$00000000  c_w.l(libinit.o)
    0x08000208   0x08000208   0x00000000   Code   RO         7504    .ARM.Collect$$libinit$$00000002  c_w.l(libinit2.o)
    0x08000208   0x08000208   0x00000000   Code   RO         7506    .ARM.Collect$$libinit$$00000004  c_w.l(libinit2.o)
    0x08000208   0x08000208   0x00000000   Code   RO         7509    .ARM.Collect$$libinit$$0000000A  c_w.l(libinit2.o)
    0x08000208   0x08000208   0x00000000   Code   RO         7511    .ARM.Collect$$libinit$$0000000C  c_w.l(libinit2.o)
    0x08000208   0x08000208   0x00000004   Code   RO         7512    .ARM.Collect$$libinit$$0000000D  c_w.l(libinit2.o)
    0x0800020c   0x0800020c   0x00000000   Code   RO         7513    .ARM.Collect$$libinit$$0000000E  c_w.l(libinit2.o)
    0x0800020c   0x0800020c   0x00000006   Code   RO         7514    .ARM.Collect$$libinit$$0000000F  c_w.l(libinit2.o)
    0x08000212   0x08000212   0x00000000   Code   RO         7516    .ARM.Collect$$libinit$$00000011  c_w.l(libinit2.o)
    0x08000212   0x08000212   0x0000000c   Code   RO         7517    .ARM.Collect$$libinit$$00000012  c_w.l(libinit2.o)
    0x0800021e   0x0800021e   0x00000000   Code   RO         7518    .ARM.Collect$$libinit$$00000013  c_w.l(libinit2.o)
    0x0800021e   0x0800021e   0x00000000   Code   RO         7520    .ARM.Collect$$libinit$$00000015  c_w.l(libinit2.o)
    0x0800021e   0x0800021e   0x00000000   Code   RO         7522    .ARM.Collect$$libinit$$00000017  c_w.l(libinit2.o)
    0x0800021e   0x0800021e   0x00000000   Code   RO         7524    .ARM.Collect$$libinit$$00000019  c_w.l(libinit2.o)
    0x0800021e   0x0800021e   0x00000000   Code   RO         7526    .ARM.Collect$$libinit$$0000001B  c_w.l(libinit2.o)
    0x0800021e   0x0800021e   0x00000000   Code   RO         7528    .ARM.Collect$$libinit$$0000001D  c_w.l(libinit2.o)
    0x0800021e   0x0800021e   0x00000000   Code   RO         7530    .ARM.Collect$$libinit$$0000001F  c_w.l(libinit2.o)
    0x0800021e   0x0800021e   0x00000000   Code   RO         7532    .ARM.Collect$$libinit$$00000021  c_w.l(libinit2.o)
    0x0800021e   0x0800021e   0x00000000   Code   RO         7534    .ARM.Collect$$libinit$$00000023  c_w.l(libinit2.o)
    0x0800021e   0x0800021e   0x00000000   Code   RO         7536    .ARM.Collect$$libinit$$00000025  c_w.l(libinit2.o)
    0x0800021e   0x0800021e   0x00000000   Code   RO         7540    .ARM.Collect$$libinit$$0000002C  c_w.l(libinit2.o)
    0x0800021e   0x0800021e   0x00000000   Code   RO         7542    .ARM.Collect$$libinit$$0000002E  c_w.l(libinit2.o)
    0x0800021e   0x0800021e   0x00000000   Code   RO         7544    .ARM.Collect$$libinit$$00000030  c_w.l(libinit2.o)
    0x0800021e   0x0800021e   0x00000000   Code   RO         7546    .ARM.Collect$$libinit$$00000032  c_w.l(libinit2.o)
    0x0800021e   0x0800021e   0x00000002   Code   RO         7547    .ARM.Collect$$libinit$$00000033  c_w.l(libinit2.o)
    0x08000220   0x08000220   0x00000002   Code   RO         7776    .ARM.Collect$$libshutdown$$00000000  c_w.l(libshutdown.o)
    0x08000222   0x08000222   0x00000000   Code   RO         7708    .ARM.Collect$$libshutdown$$00000002  c_w.l(libshutdown2.o)
    0x08000222   0x08000222   0x00000000   Code   RO         7710    .ARM.Collect$$libshutdown$$00000004  c_w.l(libshutdown2.o)
    0x08000222   0x08000222   0x00000000   Code   RO         7713    .ARM.Collect$$libshutdown$$00000007  c_w.l(libshutdown2.o)
    0x08000222   0x08000222   0x00000000   Code   RO         7716    .ARM.Collect$$libshutdown$$0000000A  c_w.l(libshutdown2.o)
    0x08000222   0x08000222   0x00000000   Code   RO         7718    .ARM.Collect$$libshutdown$$0000000C  c_w.l(libshutdown2.o)
    0x08000222   0x08000222   0x00000000   Code   RO         7721    .ARM.Collect$$libshutdown$$0000000F  c_w.l(libshutdown2.o)
    0x08000222   0x08000222   0x00000002   Code   RO         7722    .ARM.Collect$$libshutdown$$00000010  c_w.l(libshutdown2.o)
    0x08000224   0x08000224   0x00000000   Code   RO         7444    .ARM.Collect$$rtentry$$00000000  c_w.l(__rtentry.o)
    0x08000224   0x08000224   0x00000000   Code   RO         7568    .ARM.Collect$$rtentry$$00000002  c_w.l(__rtentry2.o)
    0x08000224   0x08000224   0x00000006   Code   RO         7580    .ARM.Collect$$rtentry$$00000004  c_w.l(__rtentry4.o)
    0x0800022a   0x0800022a   0x00000000   Code   RO         7570    .ARM.Collect$$rtentry$$00000009  c_w.l(__rtentry2.o)
    0x0800022a   0x0800022a   0x00000004   Code   RO         7571    .ARM.Collect$$rtentry$$0000000A  c_w.l(__rtentry2.o)
    0x0800022e   0x0800022e   0x00000000   Code   RO         7573    .ARM.Collect$$rtentry$$0000000C  c_w.l(__rtentry2.o)
    0x0800022e   0x0800022e   0x00000008   Code   RO         7574    .ARM.Collect$$rtentry$$0000000D  c_w.l(__rtentry2.o)
    0x08000236   0x08000236   0x00000002   Code   RO         7670    .ARM.Collect$$rtexit$$00000000  c_w.l(rtexit.o)
    0x08000238   0x08000238   0x00000000   Code   RO         7742    .ARM.Collect$$rtexit$$00000002  c_w.l(rtexit2.o)
    0x08000238   0x08000238   0x00000004   Code   RO         7743    .ARM.Collect$$rtexit$$00000003  c_w.l(rtexit2.o)
    0x0800023c   0x0800023c   0x00000006   Code   RO         7744    .ARM.Collect$$rtexit$$00000004  c_w.l(rtexit2.o)
    0x08000242   0x08000242   0x00000002   PAD
    0x08000244   0x08000244   0x00000034   Code   RO         7366    .emb_text           c_w.l(rand.o)
    0x08000278   0x08000278   0x00000040   Code   RO            4    .text               startup_stm32f103xe.o
    0x080002b8   0x080002b8   0x00000026   Code   RO         7293    .text               c_w.l(llshl.o)
    0x080002de   0x080002de   0x00000026   Code   RO         7297    .text               c_w.l(llsshr.o)
    0x08000304   0x08000304   0x00000048   Code   RO         7299    .text               c_w.l(llsdiv.o)
    0x0800034c   0x0800034c   0x00000018   Code   RO         7305    .text               c_w.l(noretval__2printf.o)
    0x08000364   0x08000364   0x00000028   Code   RO         7307    .text               c_w.l(noretval__2sprintf.o)
    0x0800038c   0x0800038c   0x0000004e   Code   RO         7311    .text               c_w.l(_printf_pad.o)
    0x080003da   0x080003da   0x00000052   Code   RO         7313    .text               c_w.l(_printf_str.o)
    0x0800042c   0x0800042c   0x00000078   Code   RO         7315    .text               c_w.l(_printf_dec.o)
    0x080004a4   0x080004a4   0x00000058   Code   RO         7320    .text               c_w.l(_printf_hex_int.o)
    0x080004fc   0x080004fc   0x00000138   Code   RO         7350    .text               c_w.l(__printf_flags_wp.o)
    0x08000634   0x08000634   0x0000001a   Code   RO         7364    .text               c_w.l(atoi.o)
    0x0800064e   0x0800064e   0x00000002   PAD
    0x08000650   0x08000650   0x0000003c   Code   RO         7367    .text               c_w.l(rand.o)
    0x0800068c   0x0800068c   0x00000016   Code   RO         7371    .text               c_w.l(abort.o)
    0x080006a2   0x080006a2   0x0000003e   Code   RO         7373    .text               c_w.l(strlen.o)
    0x080006e0   0x080006e0   0x0000008a   Code   RO         7375    .text               c_w.l(rt_memcpy_v6.o)
    0x0800076a   0x0800076a   0x00000064   Code   RO         7377    .text               c_w.l(rt_memcpy_w.o)
    0x080007ce   0x080007ce   0x0000004e   Code   RO         7381    .text               c_w.l(rt_memclr_w.o)
    0x0800081c   0x0800081c   0x0000000c   Code   RO         7383    .text               c_w.l(localtime.o)
    0x08000828   0x08000828   0x000001ac   Code   RO         7386    .text               c_w.l(mktime.o)
    0x080009d4   0x080009d4   0x00000006   Code   RO         7388    .text               c_w.l(heapauxi.o)
    0x080009da   0x080009da   0x00000002   PAD
    0x080009dc   0x080009dc   0x0000000c   Code   RO         7440    .text               c_w.l(sys_exit.o)
    0x080009e8   0x080009e8   0x00000008   Code   RO         7453    .text               c_w.l(rt_errno_addr_intlibspace.o)
    0x080009f0   0x080009f0   0x000000ee   Code   RO         7475    .text               c_w.l(lludivv7m.o)
    0x08000ade   0x08000ade   0x000000b2   Code   RO         7479    .text               c_w.l(_printf_intcommon.o)
    0x08000b90   0x08000b90   0x00000030   Code   RO         7481    .text               c_w.l(_printf_char_common.o)
    0x08000bc0   0x08000bc0   0x0000000a   Code   RO         7483    .text               c_w.l(_sputc.o)
    0x08000bca   0x08000bca   0x0000002c   Code   RO         7485    .text               c_w.l(_printf_char.o)
    0x08000bf6   0x08000bf6   0x00000002   PAD
    0x08000bf8   0x08000bf8   0x00000024   Code   RO         7487    .text               c_w.l(_printf_char_file.o)
    0x08000c1c   0x08000c1c   0x00000070   Code   RO         7492    .text               c_w.l(strtol.o)
    0x08000c8c   0x08000c8c   0x0000000e   Code   RO         7494    .text               c_w.l(defsig_abrt_outer.o)
    0x08000c9a   0x08000c9a   0x00000002   PAD
    0x08000c9c   0x08000c9c   0x000000b8   Code   RO         7499    .text               c_w.l(localtime_internal.o)
    0x08000d54   0x08000d54   0x00000008   Code   RO         7561    .text               c_w.l(libspace.o)
    0x08000d5c   0x08000d5c   0x00000002   Code   RO         7564    .text               c_w.l(use_no_semi.o)
    0x08000d5e   0x08000d5e   0x00000000   Code   RO         7566    .text               c_w.l(indicate_semi.o)
    0x08000d5e   0x08000d5e   0x00000002   PAD
    0x08000d60   0x08000d60   0x00000010   Code   RO         7582    .text               c_w.l(rt_ctype_table.o)
    0x08000d70   0x08000d70   0x0000009e   Code   RO         7604    .text               c_w.l(_strtoul.o)
    0x08000e0e   0x08000e0e   0x00000008   Code   RO         7606    .text               c_w.l(ferror.o)
    0x08000e16   0x08000e16   0x0000000a   Code   RO         7613    .text               c_w.l(defsig_exit.o)
    0x08000e20   0x08000e20   0x00000030   Code   RO         7615    .text               c_w.l(defsig_abrt_inner.o)
    0x08000e50   0x08000e50   0x0000004a   Code   RO         7630    .text               c_w.l(sys_stackheap_outer.o)
    0x08000e9a   0x08000e9a   0x00000002   PAD
    0x08000e9c   0x08000e9c   0x00000008   Code   RO         7637    .text               c_w.l(rt_locale_intlibspace.o)
    0x08000ea4   0x08000ea4   0x0000001c   Code   RO         7641    .text               c_w.l(_chval.o)
    0x08000ec0   0x08000ec0   0x00000012   Code   RO         7648    .text               c_w.l(exit.o)
    0x08000ed2   0x08000ed2   0x00000032   Code   RO         7652    .text               c_w.l(defsig_general.o)
    0x08000f04   0x08000f04   0x00000080   Code   RO         7656    .text               c_w.l(strcmpv7m.o)
    0x08000f84   0x08000f84   0x0000000e   Code   RO         7668    .text               c_w.l(sys_wrch.o)
    0x08000f92   0x08000f92   0x00000002   PAD
    0x08000f94   0x08000f94   0x00000056   Code   RO          626    i.ADC_ConversionStop_Disable  stm32f1xx_hal_adc.o
    0x08000fea   0x08000fea   0x00000002   Code   RO         6554    i.BSP_SD_AbortCallback  bsp_driver_sd.o
    0x08000fec   0x08000fec   0x0000000c   Code   RO         6557    i.BSP_SD_GetCardInfo  bsp_driver_sd.o
    0x08000ff8   0x08000ff8   0x00000018   Code   RO         6558    i.BSP_SD_GetCardState  bsp_driver_sd.o
    0x08001010   0x08001010   0x0000001c   Code   RO         6560    i.BSP_SD_Init       bsp_driver_sd.o
    0x0800102c   0x0800102c   0x0000000e   Code   RO         6561    i.BSP_SD_IsDetected  bsp_driver_sd.o
    0x0800103a   0x0800103a   0x00000002   PAD
    0x0800103c   0x0800103c   0x00000020   Code   RO         6562    i.BSP_SD_ReadBlocks  bsp_driver_sd.o
    0x0800105c   0x0800105c   0x00000002   Code   RO         6564    i.BSP_SD_ReadCpltCallback  bsp_driver_sd.o
    0x0800105e   0x0800105e   0x00000002   PAD
    0x08001060   0x08001060   0x00000020   Code   RO         6565    i.BSP_SD_WriteBlocks  bsp_driver_sd.o
    0x08001080   0x08001080   0x00000002   Code   RO         6567    i.BSP_SD_WriteCpltCallback  bsp_driver_sd.o
    0x08001082   0x08001082   0x00000002   Code   RO          335    i.BusFault_Handler  stm32f1xx_it.o
    0x08001084   0x08001084   0x000000f0   Code   RO         5479    i.CompileSSPCommand  sspcoms.o
    0x08001174   0x08001174   0x00000044   Code   RO         4690    i.CreateHostInterKey  itlsspproc.o
    0x080011b8   0x080011b8   0x00000020   Code   RO         4691    i.CreateSSPHostEncryptionKey  itlsspproc.o
    0x080011d8   0x080011d8   0x00000058   Code   RO         6196    i.DHT_Sensor_Init   dht_sensor.o
    0x08001230   0x08001230   0x0000024c   Code   RO         6197    i.DHT_Sensor_Read   dht_sensor.o
    0x0800147c   0x0800147c   0x0000000c   Code   RO          336    i.DMA1_Channel2_IRQHandler  stm32f1xx_it.o
    0x08001488   0x08001488   0x0000000c   Code   RO          337    i.DMA1_Channel3_IRQHandler  stm32f1xx_it.o
    0x08001494   0x08001494   0x0000000c   Code   RO          338    i.DMA1_Channel4_IRQHandler  stm32f1xx_it.o
    0x080014a0   0x080014a0   0x0000000c   Code   RO          339    i.DMA1_Channel5_IRQHandler  stm32f1xx_it.o
    0x080014ac   0x080014ac   0x0000000c   Code   RO          340    i.DMA1_Channel6_IRQHandler  stm32f1xx_it.o
    0x080014b8   0x080014b8   0x0000000c   Code   RO          341    i.DMA1_Channel7_IRQHandler  stm32f1xx_it.o
    0x080014c4   0x080014c4   0x0000002a   Code   RO         1282    i.DMA_SetConfig     stm32f1xx_hal_dma.o
    0x080014ee   0x080014ee   0x00000002   Code   RO          342    i.DebugMon_Handler  stm32f1xx_it.o
    0x080014f0   0x080014f0   0x00000026   Code   RO         4692    i.DecryptSSPPacket  itlsspproc.o
    0x08001516   0x08001516   0x00000006   Code   RO          343    i.EXTI9_5_IRQHandler  stm32f1xx_it.o
    0x0800151c   0x0800151c   0x000000e0   Code   RO         4693    i.EncryptSSPPacket  itlsspproc.o
    0x080015fc   0x080015fc   0x00000014   Code   RO           13    i.Error_Handler     main.o
    0x08001610   0x08001610   0x00000006   Code   RO         7106    i.FATFS_LinkDriver  ff_gen_drv.o
    0x08001616   0x08001616   0x00000002   PAD
    0x08001618   0x08001618   0x00000040   Code   RO         7107    i.FATFS_LinkDriverEx  ff_gen_drv.o
    0x08001658   0x08001658   0x0000002c   Code   RO         6314    i.Flash_write_pin   flash.o
    0x08001684   0x08001684   0x0000001a   Code   RO         4358    i.GF2_8_field_mult_by_2  encryption.o
    0x0800169e   0x0800169e   0x00000012   Code   RO         4457    i.GLcd_ClearScreen  glcd.o
    0x080016b0   0x080016b0   0x00000054   Code   RO         4458    i.GLcd_DrawBitmap   glcd.o
    0x08001704   0x08001704   0x0000009c   Code   RO         4459    i.GLcd_DrawChar     glcd.o
    0x080017a0   0x080017a0   0x00000060   Code   RO         4460    i.GLcd_DrawCharDef  glcd.o
    0x08001800   0x08001800   0x00000052   Code   RO         4461    i.GLcd_DrawCharUni  glcd.o
    0x08001852   0x08001852   0x0000007a   Code   RO         4464    i.GLcd_DrawLine     glcd.o
    0x080018cc   0x080018cc   0x0000003c   Code   RO         4465    i.GLcd_DrawPoint    glcd.o
    0x08001908   0x08001908   0x00000064   Code   RO         4466    i.GLcd_DrawRect     glcd.o
    0x0800196c   0x0800196c   0x00000040   Code   RO         4467    i.GLcd_DrawString   glcd.o
    0x080019ac   0x080019ac   0x00000074   Code   RO         4468    i.GLcd_DrawStringDef  glcd.o
    0x08001a20   0x08001a20   0x0000004c   Code   RO         4469    i.GLcd_DrawStringUni  glcd.o
    0x08001a6c   0x08001a6c   0x00000038   Code   RO         4470    i.GLcd_FillRect     glcd.o
    0x08001aa4   0x08001aa4   0x00000040   Code   RO         4471    i.GLcd_Flush        glcd.o
    0x08001ae4   0x08001ae4   0x00000098   Code   RO         4474    i.GLcd_Init         glcd.o
    0x08001b7c   0x08001b7c   0x00000038   Code   RO         5986    i.GSM_On            gsm_drv.o
    0x08001bb4   0x08001bb4   0x00000010   Code   RO         5987    i.GSM_PWR           gsm_drv.o
    0x08001bc4   0x08001bc4   0x00000014   Code   RO         5988    i.GSM_UART_init     gsm_drv.o
    0x08001bd8   0x08001bd8   0x0000008c   Code   RO         5896    i.GSM_init          gsm_app.o
    0x08001c64   0x08001c64   0x0000004a   Code   RO         5163    i.GeneratePrime     random.o
    0x08001cae   0x08001cae   0x00000002   PAD
    0x08001cb0   0x08001cb0   0x0000000c   Code   RO         5164    i.GenerateRandomNumber  random.o
    0x08001cbc   0x08001cbc   0x000000fc   Code   RO          632    i.HAL_ADC_ConfigChannel  stm32f1xx_hal_adc.o
    0x08001db8   0x08001db8   0x00000120   Code   RO          641    i.HAL_ADC_Init      stm32f1xx_hal_adc.o
    0x08001ed8   0x08001ed8   0x00000058   Code   RO          494    i.HAL_ADC_MspInit   stm32f1xx_hal_msp.o
    0x08001f30   0x08001f30   0x00000046   Code   RO         1283    i.HAL_DMA_Abort     stm32f1xx_hal_dma.o
    0x08001f76   0x08001f76   0x00000002   PAD
    0x08001f78   0x08001f78   0x00000130   Code   RO         1284    i.HAL_DMA_Abort_IT  stm32f1xx_hal_dma.o
    0x080020a8   0x080020a8   0x00000248   Code   RO         1288    i.HAL_DMA_IRQHandler  stm32f1xx_hal_dma.o
    0x080022f0   0x080022f0   0x0000007c   Code   RO         1289    i.HAL_DMA_Init      stm32f1xx_hal_dma.o
    0x0800236c   0x0800236c   0x00000070   Code   RO         1293    i.HAL_DMA_Start_IT  stm32f1xx_hal_dma.o
    0x080023dc   0x080023dc   0x00000024   Code   RO          909    i.HAL_Delay         stm32f1xx_hal.o
    0x08002400   0x08002400   0x0000002c   Code   RO         6030    i.HAL_GPIO_EXTI_Callback  imd.o
    0x0800242c   0x0800242c   0x00000018   Code   RO         1218    i.HAL_GPIO_EXTI_IRQHandler  stm32f1xx_hal_gpio.o
    0x08002444   0x08002444   0x000001f8   Code   RO         1219    i.HAL_GPIO_Init     stm32f1xx_hal_gpio.o
    0x0800263c   0x0800263c   0x0000000a   Code   RO         1221    i.HAL_GPIO_ReadPin  stm32f1xx_hal_gpio.o
    0x08002646   0x08002646   0x0000000a   Code   RO         1223    i.HAL_GPIO_WritePin  stm32f1xx_hal_gpio.o
    0x08002650   0x08002650   0x0000000c   Code   RO          913    i.HAL_GetTick       stm32f1xx_hal.o
    0x0800265c   0x0800265c   0x00000010   Code   RO          919    i.HAL_IncTick       stm32f1xx_hal.o
    0x0800266c   0x0800266c   0x00000024   Code   RO          920    i.HAL_Init          stm32f1xx_hal.o
    0x08002690   0x08002690   0x00000040   Code   RO          921    i.HAL_InitTick      stm32f1xx_hal.o
    0x080026d0   0x080026d0   0x0000002c   Code   RO          495    i.HAL_MspInit       stm32f1xx_hal_msp.o
    0x080026fc   0x080026fc   0x0000001a   Code   RO         1379    i.HAL_NVIC_EnableIRQ  stm32f1xx_hal_cortex.o
    0x08002716   0x08002716   0x00000002   PAD
    0x08002718   0x08002718   0x00000040   Code   RO         1385    i.HAL_NVIC_SetPriority  stm32f1xx_hal_cortex.o
    0x08002758   0x08002758   0x00000024   Code   RO         1386    i.HAL_NVIC_SetPriorityGrouping  stm32f1xx_hal_cortex.o
    0x0800277c   0x0800277c   0x0000000c   Code   RO         1501    i.HAL_PWR_EnableBkUpAccess  stm32f1xx_hal_pwr.o
    0x08002788   0x08002788   0x000000b8   Code   RO         1180    i.HAL_RCCEx_GetPeriphCLKFreq  stm32f1xx_hal_rcc_ex.o
    0x08002840   0x08002840   0x000000ec   Code   RO         1181    i.HAL_RCCEx_PeriphCLKConfig  stm32f1xx_hal_rcc_ex.o
    0x0800292c   0x0800292c   0x0000012c   Code   RO         1077    i.HAL_RCC_ClockConfig  stm32f1xx_hal_rcc.o
    0x08002a58   0x08002a58   0x00000020   Code   RO         1084    i.HAL_RCC_GetPCLK1Freq  stm32f1xx_hal_rcc.o
    0x08002a78   0x08002a78   0x00000020   Code   RO         1085    i.HAL_RCC_GetPCLK2Freq  stm32f1xx_hal_rcc.o
    0x08002a98   0x08002a98   0x0000004c   Code   RO         1086    i.HAL_RCC_GetSysClockFreq  stm32f1xx_hal_rcc.o
    0x08002ae4   0x08002ae4   0x00000320   Code   RO         1089    i.HAL_RCC_OscConfig  stm32f1xx_hal_rcc.o
    0x08002e04   0x08002e04   0x00000010   Code   RO         2049    i.HAL_RTCEx_BKUPRead  stm32f1xx_hal_rtc_ex.o
    0x08002e14   0x08002e14   0x00000010   Code   RO         2050    i.HAL_RTCEx_BKUPWrite  stm32f1xx_hal_rtc_ex.o
    0x08002e24   0x08002e24   0x00000014   Code   RO           14    i.HAL_RTCEx_RTCEventCallback  main.o
    0x08002e38   0x08002e38   0x00000002   Code   RO         2055    i.HAL_RTCEx_RTCEventErrorCallback  stm32f1xx_hal_rtc_ex.o
    0x08002e3a   0x08002e3a   0x0000003e   Code   RO         2056    i.HAL_RTCEx_RTCIRQHandler  stm32f1xx_hal_rtc_ex.o
    0x08002e78   0x08002e78   0x0000002c   Code   RO         2057    i.HAL_RTCEx_SetSecond_IT  stm32f1xx_hal_rtc_ex.o
    0x08002ea4   0x08002ea4   0x00000094   Code   RO         1887    i.HAL_RTC_Init      stm32f1xx_hal_rtc.o
    0x08002f38   0x08002f38   0x00000034   Code   RO          497    i.HAL_RTC_MspInit   stm32f1xx_hal_msp.o
    0x08002f6c   0x08002f6c   0x000000c4   Code   RO         1893    i.HAL_RTC_SetDate   stm32f1xx_hal_rtc.o
    0x08003030   0x08003030   0x000000ac   Code   RO         1894    i.HAL_RTC_SetTime   stm32f1xx_hal_rtc.o
    0x080030dc   0x080030dc   0x0000003a   Code   RO         1895    i.HAL_RTC_WaitForSynchro  stm32f1xx_hal_rtc.o
    0x08003116   0x08003116   0x00000008   Code   RO         6568    i.HAL_SD_AbortCallback  bsp_driver_sd.o
    0x0800311e   0x0800311e   0x00000002   Code   RO         2443    i.HAL_SD_ErrorCallback  stm32f1xx_hal_sd.o
    0x08003120   0x08003120   0x00000198   Code   RO         2445    i.HAL_SD_GetCardCSD  stm32f1xx_hal_sd.o
    0x080032b8   0x080032b8   0x00000024   Code   RO         2446    i.HAL_SD_GetCardInfo  stm32f1xx_hal_sd.o
    0x080032dc   0x080032dc   0x0000002c   Code   RO         2447    i.HAL_SD_GetCardState  stm32f1xx_hal_sd.o
    0x08003308   0x08003308   0x000001f8   Code   RO         2451    i.HAL_SD_IRQHandler  stm32f1xx_hal_sd.o
    0x08003500   0x08003500   0x00000036   Code   RO         2452    i.HAL_SD_Init       stm32f1xx_hal_sd.o
    0x08003536   0x08003536   0x00000002   PAD
    0x08003538   0x08003538   0x0000007c   Code   RO         2453    i.HAL_SD_InitCard   stm32f1xx_hal_sd.o
    0x080035b4   0x080035b4   0x00000094   Code   RO          499    i.HAL_SD_MspInit    stm32f1xx_hal_msp.o
    0x08003648   0x08003648   0x000001d8   Code   RO         2456    i.HAL_SD_ReadBlocks  stm32f1xx_hal_sd.o
    0x08003820   0x08003820   0x00000008   Code   RO         6569    i.HAL_SD_RxCpltCallback  bsp_driver_sd.o
    0x08003828   0x08003828   0x00000008   Code   RO         6570    i.HAL_SD_TxCpltCallback  bsp_driver_sd.o
    0x08003830   0x08003830   0x000001ac   Code   RO         2461    i.HAL_SD_WriteBlocks  stm32f1xx_hal_sd.o
    0x080039dc   0x080039dc   0x000000b2   Code   RO         2673    i.HAL_SPI_Init      stm32f1xx_hal_spi.o
    0x08003a8e   0x08003a8e   0x00000002   PAD
    0x08003a90   0x08003a90   0x00000074   Code   RO          501    i.HAL_SPI_MspInit   stm32f1xx_hal_msp.o
    0x08003b04   0x08003b04   0x0000016e   Code   RO         2681    i.HAL_SPI_Transmit  stm32f1xx_hal_spi.o
    0x08003c72   0x08003c72   0x00000028   Code   RO         1390    i.HAL_SYSTICK_Config  stm32f1xx_hal_cortex.o
    0x08003c9a   0x08003c9a   0x00000002   Code   RO         3690    i.HAL_TIMEx_BreakCallback  stm32f1xx_hal_tim_ex.o
    0x08003c9c   0x08003c9c   0x00000002   Code   RO         3691    i.HAL_TIMEx_CommutCallback  stm32f1xx_hal_tim_ex.o
    0x08003c9e   0x08003c9e   0x00000002   PAD
    0x08003ca0   0x08003ca0   0x0000007c   Code   RO         3709    i.HAL_TIMEx_MasterConfigSynchronization  stm32f1xx_hal_tim_ex.o
    0x08003d1c   0x08003d1c   0x0000005a   Code   RO         2986    i.HAL_TIM_Base_Init  stm32f1xx_hal_tim.o
    0x08003d76   0x08003d76   0x00000002   PAD
    0x08003d78   0x08003d78   0x00000028   Code   RO          503    i.HAL_TIM_Base_MspInit  stm32f1xx_hal_msp.o
    0x08003da0   0x08003da0   0x0000006c   Code   RO         2991    i.HAL_TIM_Base_Start_IT  stm32f1xx_hal_tim.o
    0x08003e0c   0x08003e0c   0x00000002   Code   RO         3020    i.HAL_TIM_IC_CaptureCallback  stm32f1xx_hal_tim.o
    0x08003e0e   0x08003e0e   0x00000166   Code   RO         3034    i.HAL_TIM_IRQHandler  stm32f1xx_hal_tim.o
    0x08003f74   0x08003f74   0x00000002   Code   RO         3037    i.HAL_TIM_OC_DelayElapsedCallback  stm32f1xx_hal_tim.o
    0x08003f76   0x08003f76   0x00000002   Code   RO         3064    i.HAL_TIM_PWM_PulseFinishedCallback  stm32f1xx_hal_tim.o
    0x08003f78   0x08003f78   0x00000144   Code   RO           15    i.HAL_TIM_PeriodElapsedCallback  main.o
    0x080040bc   0x080040bc   0x00000002   Code   RO         3077    i.HAL_TIM_TriggerCallback  stm32f1xx_hal_tim.o
    0x080040be   0x080040be   0x0000004e   Code   RO         3967    i.HAL_UARTEx_ReceiveToIdle_DMA  stm32f1xx_hal_uart.o
    0x0800410c   0x0800410c   0x000000e4   Code   RO         5208    i.HAL_UARTEx_RxEventCallback  serialfunc.o
    0x080041f0   0x080041f0   0x00000002   Code   RO         3983    i.HAL_UART_ErrorCallback  stm32f1xx_hal_uart.o
    0x080041f2   0x080041f2   0x00000002   PAD
    0x080041f4   0x080041f4   0x0000026c   Code   RO         3986    i.HAL_UART_IRQHandler  stm32f1xx_hal_uart.o
    0x08004460   0x08004460   0x00000064   Code   RO         3987    i.HAL_UART_Init     stm32f1xx_hal_uart.o
    0x080044c4   0x080044c4   0x00000250   Code   RO          505    i.HAL_UART_MspInit  stm32f1xx_hal_msp.o
    0x08004714   0x08004714   0x00000002   Code   RO         5209    i.HAL_UART_RxCpltCallback  serialfunc.o
    0x08004716   0x08004716   0x00000002   Code   RO         5210    i.HAL_UART_RxHalfCpltCallback  serialfunc.o
    0x08004718   0x08004718   0x0000009a   Code   RO         3995    i.HAL_UART_Transmit  stm32f1xx_hal_uart.o
    0x080047b2   0x080047b2   0x00000002   PAD
    0x080047b4   0x080047b4   0x00000078   Code   RO         3996    i.HAL_UART_Transmit_DMA  stm32f1xx_hal_uart.o
    0x0800482c   0x0800482c   0x00000002   Code   RO         5211    i.HAL_UART_TxCpltCallback  serialfunc.o
    0x0800482e   0x0800482e   0x00000002   Code   RO         3999    i.HAL_UART_TxHalfCpltCallback  stm32f1xx_hal_uart.o
    0x08004830   0x08004830   0x00000002   Code   RO          344    i.HardFault_Handler  stm32f1xx_it.o
    0x08004832   0x08004832   0x00000002   PAD
    0x08004834   0x08004834   0x0000003c   Code   RO         6031    i.IDM_init          imd.o
    0x08004870   0x08004870   0x00000024   Code   RO         4695    i.ITLSSP_Init       itlsspproc.o
    0x08004894   0x08004894   0x00000030   Code   RO         4696    i.InitiateSSPHostKeys  itlsspproc.o
    0x080048c4   0x080048c4   0x00000028   Code   RO         5166    i.IsItPrime         random.o
    0x080048ec   0x080048ec   0x00000012   Code   RO         6032    i.Led_init          imd.o
    0x080048fe   0x080048fe   0x00000002   PAD
    0x08004900   0x08004900   0x0000004c   Code   RO           16    i.MX_ADC1_Init      main.o
    0x0800494c   0x0800494c   0x0000001c   Code   RO         6675    i.MX_FATFS_Init     fatfs.o
    0x08004968   0x08004968   0x000001e4   Code   RO           17    i.MX_GPIO_Init      main.o
    0x08004b4c   0x08004b4c   0x000000c6   Code   RO           18    i.MX_NVIC_Init      main.o
    0x08004c12   0x08004c12   0x00000002   PAD
    0x08004c14   0x08004c14   0x000000b0   Code   RO           19    i.MX_RTC_Init       main.o
    0x08004cc4   0x08004cc4   0x00000044   Code   RO           20    i.MX_SPI2_Init      main.o
    0x08004d08   0x08004d08   0x00000040   Code   RO           21    i.MX_TIM6_Init      main.o
    0x08004d48   0x08004d48   0x00000002   Code   RO          345    i.MemManage_Handler  stm32f1xx_it.o
    0x08004d4a   0x08004d4a   0x00000002   PAD
    0x08004d4c   0x08004d4c   0x00001ab4   Code   RO         6085    i.Menu_draw         user_gui.o
    0x08006800   0x08006800   0x0000004e   Code   RO         5167    i.MillerRabin       random.o
    0x0800684e   0x0800684e   0x00000002   Code   RO          346    i.NMI_Handler       stm32f1xx_it.o
    0x08006850   0x08006850   0x00000094   Code   RO         4881    i.NV11_Disable      nv11.o
    0x080068e4   0x080068e4   0x00000018   Code   RO         4884    i.NV11_DisplayOn    nv11.o
    0x080068fc   0x080068fc   0x00000050   Code   RO         4887    i.NV11_GetAvailableChange  nv11.o
    0x0800694c   0x0800694c   0x0000000c   Code   RO         4890    i.NV11_GetDenominationForChange  nv11.o
    0x08006958   0x08006958   0x0000000c   Code   RO         4892    i.NV11_GetLatestEvent  nv11.o
    0x08006964   0x08006964   0x00000020   Code   RO         4895    i.NV11_GetStoredNoteByChannel  nv11.o
    0x08006984   0x08006984   0x00000054   Code   RO         4896    i.NV11_GetTotalCashInNoteFloat  nv11.o
    0x080069d8   0x080069d8   0x0000000c   Code   RO         4897    i.NV11_GetUnitType  nv11.o
    0x080069e4   0x080069e4   0x0000018c   Code   RO         4900    i.NV11_PayoutNote   nv11.o
    0x08006b70   0x08006b70   0x0000027c   Code   RO         4902    i.NV11_Process      nv11.o
    0x08006dec   0x08006dec   0x0000001c   Code   RO         4906    i.NV11_SetAcceptNote  nv11.o
    0x08006e08   0x08006e08   0x00000140   Code   RO         4697    i.NegotiateSSPEncryption  itlsspproc.o
    0x08006f48   0x08006f48   0x00000002   Code   RO          347    i.PendSV_Handler    stm32f1xx_it.o
    0x08006f4a   0x08006f4a   0x00000012   Code   RO         1896    i.RTC_Bcd2ToByte    stm32f1xx_hal_rtc.o
    0x08006f5c   0x08006f5c   0x00000034   Code   RO         1899    i.RTC_EnterInitMode  stm32f1xx_hal_rtc.o
    0x08006f90   0x08006f90   0x00000036   Code   RO         1900    i.RTC_ExitInitMode  stm32f1xx_hal_rtc.o
    0x08006fc6   0x08006fc6   0x00000002   PAD
    0x08006fc8   0x08006fc8   0x0000000c   Code   RO          348    i.RTC_IRQHandler    stm32f1xx_it.o
    0x08006fd4   0x08006fd4   0x0000000e   Code   RO         1901    i.RTC_ReadAlarmCounter  stm32f1xx_hal_rtc.o
    0x08006fe2   0x08006fe2   0x00000020   Code   RO         5802    i.RTC_ReadCounter   rtc_time.o
    0x08007002   0x08007002   0x00000020   Code   RO         1902    i.RTC_ReadTimeCounter  stm32f1xx_hal_rtc.o
    0x08007022   0x08007022   0x00000056   Code   RO         1903    i.RTC_WeekDayNum    stm32f1xx_hal_rtc.o
    0x08007078   0x08007078   0x00000056   Code   RO         5803    i.RTC_WeekDayNum    rtc_time.o
    0x080070ce   0x080070ce   0x00000028   Code   RO         1904    i.RTC_WriteAlarmCounter  stm32f1xx_hal_rtc.o
    0x080070f6   0x080070f6   0x00000002   PAD
    0x080070f8   0x080070f8   0x00000070   Code   RO         5804    i.RTC_WriteCounter  rtc_time.o
    0x08007168   0x08007168   0x00000028   Code   RO         1905    i.RTC_WriteTimeCounter  stm32f1xx_hal_rtc.o
    0x08007190   0x08007190   0x000000b8   Code   RO         6315    i.Read_Byte_Sram    flash.o
    0x08007248   0x08007248   0x0000007c   Code   RO         6316    i.Read_SRAM_ID      flash.o
    0x080072c4   0x080072c4   0x00000078   Code   RO         6318    i.Read_config       flash.o
    0x0800733c   0x0800733c   0x00000024   Code   RO         2151    i.SDIO_ConfigData   stm32f1xx_ll_sdmmc.o
    0x08007360   0x08007360   0x00000008   Code   RO         2155    i.SDIO_GetPowerState  stm32f1xx_ll_sdmmc.o
    0x08007368   0x08007368   0x00000006   Code   RO         2156    i.SDIO_GetResponse  stm32f1xx_ll_sdmmc.o
    0x0800736e   0x0800736e   0x00000002   PAD
    0x08007370   0x08007370   0x0000000c   Code   RO          349    i.SDIO_IRQHandler   stm32f1xx_it.o
    0x0800737c   0x0800737c   0x00000024   Code   RO         2157    i.SDIO_Init         stm32f1xx_ll_sdmmc.o
    0x080073a0   0x080073a0   0x00000008   Code   RO         2159    i.SDIO_PowerState_ON  stm32f1xx_ll_sdmmc.o
    0x080073a8   0x080073a8   0x00000006   Code   RO         2160    i.SDIO_ReadFIFO     stm32f1xx_ll_sdmmc.o
    0x080073ae   0x080073ae   0x00000020   Code   RO         2161    i.SDIO_SendCommand  stm32f1xx_ll_sdmmc.o
    0x080073ce   0x080073ce   0x0000000a   Code   RO         2163    i.SDIO_WriteFIFO    stm32f1xx_ll_sdmmc.o
    0x080073d8   0x080073d8   0x00000032   Code   RO         2164    i.SDMMC_CmdAppCommand  stm32f1xx_ll_sdmmc.o
    0x0800740a   0x0800740a   0x00000002   PAD
    0x0800740c   0x0800740c   0x00000034   Code   RO         2165    i.SDMMC_CmdAppOperCommand  stm32f1xx_ll_sdmmc.o
    0x08007440   0x08007440   0x00000032   Code   RO         2166    i.SDMMC_CmdBlockLength  stm32f1xx_ll_sdmmc.o
    0x08007472   0x08007472   0x00000002   PAD
    0x08007474   0x08007474   0x00000050   Code   RO         2171    i.SDMMC_CmdGoIdleState  stm32f1xx_ll_sdmmc.o
    0x080074c4   0x080074c4   0x00000030   Code   RO         2173    i.SDMMC_CmdOperCond  stm32f1xx_ll_sdmmc.o
    0x080074f4   0x080074f4   0x00000032   Code   RO         2174    i.SDMMC_CmdReadMultiBlock  stm32f1xx_ll_sdmmc.o
    0x08007526   0x08007526   0x00000032   Code   RO         2175    i.SDMMC_CmdReadSingleBlock  stm32f1xx_ll_sdmmc.o
    0x08007558   0x08007558   0x00000032   Code   RO         2178    i.SDMMC_CmdSelDesel  stm32f1xx_ll_sdmmc.o
    0x0800758a   0x0800758a   0x0000002c   Code   RO         2179    i.SDMMC_CmdSendCID  stm32f1xx_ll_sdmmc.o
    0x080075b6   0x080075b6   0x0000002c   Code   RO         2180    i.SDMMC_CmdSendCSD  stm32f1xx_ll_sdmmc.o
    0x080075e2   0x080075e2   0x00000032   Code   RO         2183    i.SDMMC_CmdSendStatus  stm32f1xx_ll_sdmmc.o
    0x08007614   0x08007614   0x00000030   Code   RO         2184    i.SDMMC_CmdSetRelAdd  stm32f1xx_ll_sdmmc.o
    0x08007644   0x08007644   0x00000034   Code   RO         2187    i.SDMMC_CmdStopTransfer  stm32f1xx_ll_sdmmc.o
    0x08007678   0x08007678   0x00000032   Code   RO         2189    i.SDMMC_CmdWriteMultiBlock  stm32f1xx_ll_sdmmc.o
    0x080076aa   0x080076aa   0x00000032   Code   RO         2190    i.SDMMC_CmdWriteSingleBlock  stm32f1xx_ll_sdmmc.o
    0x080076dc   0x080076dc   0x00000120   Code   RO         2191    i.SDMMC_GetCmdResp1  stm32f1xx_ll_sdmmc.o
    0x080077fc   0x080077fc   0x00000050   Code   RO         2192    i.SDMMC_GetCmdResp2  stm32f1xx_ll_sdmmc.o
    0x0800784c   0x0800784c   0x00000044   Code   RO         2193    i.SDMMC_GetCmdResp3  stm32f1xx_ll_sdmmc.o
    0x08007890   0x08007890   0x00000088   Code   RO         2194    i.SDMMC_GetCmdResp6  stm32f1xx_ll_sdmmc.o
    0x08007918   0x08007918   0x00000058   Code   RO         2195    i.SDMMC_GetCmdResp7  stm32f1xx_ll_sdmmc.o
    0x08007970   0x08007970   0x00000044   Code   RO         2466    i.SD_DMARxAbort     stm32f1xx_hal_sd.o
    0x080079b4   0x080079b4   0x00000044   Code   RO         2468    i.SD_DMATxAbort     stm32f1xx_hal_sd.o
    0x080079f8   0x080079f8   0x000000ee   Code   RO         2470    i.SD_InitCard       stm32f1xx_hal_sd.o
    0x08007ae6   0x08007ae6   0x00000002   PAD
    0x08007ae8   0x08007ae8   0x000000b4   Code   RO         2471    i.SD_PowerON        stm32f1xx_hal_sd.o
    0x08007b9c   0x08007b9c   0x00000020   Code   RO         7180    i.SD_initialize     sd_diskio.o
    0x08007bbc   0x08007bbc   0x00000050   Code   RO         7181    i.SD_ioctl          sd_diskio.o
    0x08007c0c   0x08007c0c   0x0000003c   Code   RO         7182    i.SD_read           sd_diskio.o
    0x08007c48   0x08007c48   0x00000020   Code   RO         7183    i.SD_status         sd_diskio.o
    0x08007c68   0x08007c68   0x0000003c   Code   RO         7184    i.SD_write          sd_diskio.o
    0x08007ca4   0x08007ca4   0x00000020   Code   RO         2711    i.SPI_EndRxTxTransaction  stm32f1xx_hal_spi.o
    0x08007cc4   0x08007cc4   0x000000b8   Code   RO         2716    i.SPI_WaitFlagStateUntilTimeout  stm32f1xx_hal_spi.o
    0x08007d7c   0x08007d7c   0x000000a8   Code   RO         6319    i.SRAM_writeSTT     flash.o
    0x08007e24   0x08007e24   0x000000d0   Code   RO         5480    i.SSPDataIn         sspcoms.o
    0x08007ef4   0x08007ef4   0x000001e0   Code   RO         5481    i.SSPSendCommand    sspcoms.o
    0x080080d4   0x080080d4   0x00000002   Code   RO          350    i.SVC_Handler       stm32f1xx_it.o
    0x080080d6   0x080080d6   0x00000002   PAD
    0x080080d8   0x080080d8   0x00000340   Code   RO         6033    i.Scan_IDM          imd.o
    0x08008418   0x08008418   0x00000004   Code   RO          351    i.SysTick_Handler   stm32f1xx_it.o
    0x0800841c   0x0800841c   0x0000007a   Code   RO           22    i.SystemClock_Config  main.o
    0x08008496   0x08008496   0x00000002   Code   RO         4321    i.SystemInit        system_stm32f1xx.o
    0x08008498   0x08008498   0x00000164   Code   RO         5898    i.TCP_connect       gsm_app.o
    0x080085fc   0x080085fc   0x00000070   Code   RO         5900    i.TCP_send          gsm_app.o
    0x0800866c   0x0800866c   0x0000000c   Code   RO          352    i.TIM6_IRQHandler   stm32f1xx_it.o
    0x08008678   0x08008678   0x0000008c   Code   RO         3079    i.TIM_Base_SetConfig  stm32f1xx_hal_tim.o
    0x08008704   0x08008704   0x00000018   Code   RO         5805    i.Time_ConvCalendarToUnix  rtc_time.o
    0x0800871c   0x0800871c   0x0000001e   Code   RO         5806    i.Time_ConvUnixToCalendar  rtc_time.o
    0x0800873a   0x0800873a   0x00000002   PAD
    0x0800873c   0x0800873c   0x00000028   Code   RO         5807    i.Time_GetCalendarTime  rtc_time.o
    0x08008764   0x08008764   0x00000026   Code   RO         5809    i.Time_SetCalendarTime  rtc_time.o
    0x0800878a   0x0800878a   0x00000002   PAD
    0x0800878c   0x0800878c   0x0000000c   Code   RO         5810    i.Time_SetUnixTime  rtc_time.o
    0x08008798   0x08008798   0x00000010   Code   RO         4000    i.UART_DMAAbortOnError  stm32f1xx_hal_uart.o
    0x080087a8   0x080087a8   0x0000004a   Code   RO         4001    i.UART_DMAError     stm32f1xx_hal_uart.o
    0x080087f2   0x080087f2   0x00000086   Code   RO         4002    i.UART_DMAReceiveCplt  stm32f1xx_hal_uart.o
    0x08008878   0x08008878   0x0000001e   Code   RO         4004    i.UART_DMARxHalfCplt  stm32f1xx_hal_uart.o
    0x08008896   0x08008896   0x00000042   Code   RO         4006    i.UART_DMATransmitCplt  stm32f1xx_hal_uart.o
    0x080088d8   0x080088d8   0x0000000a   Code   RO         4008    i.UART_DMATxHalfCplt  stm32f1xx_hal_uart.o
    0x080088e2   0x080088e2   0x0000004e   Code   RO         4010    i.UART_EndRxTransfer  stm32f1xx_hal_uart.o
    0x08008930   0x08008930   0x0000001c   Code   RO         4011    i.UART_EndTxTransfer  stm32f1xx_hal_uart.o
    0x0800894c   0x0800894c   0x000000c2   Code   RO         4012    i.UART_Receive_IT   stm32f1xx_hal_uart.o
    0x08008a0e   0x08008a0e   0x00000002   PAD
    0x08008a10   0x08008a10   0x000000b8   Code   RO         4013    i.UART_SetConfig    stm32f1xx_hal_uart.o
    0x08008ac8   0x08008ac8   0x00000090   Code   RO         4014    i.UART_Start_Receive_DMA  stm32f1xx_hal_uart.o
    0x08008b58   0x08008b58   0x00000078   Code   RO         4016    i.UART_WaitOnFlagUntilTimeout  stm32f1xx_hal_uart.o
    0x08008bd0   0x08008bd0   0x0000000c   Code   RO          353    i.USART1_IRQHandler  stm32f1xx_it.o
    0x08008bdc   0x08008bdc   0x0000000c   Code   RO          354    i.USART2_IRQHandler  stm32f1xx_it.o
    0x08008be8   0x08008be8   0x0000000c   Code   RO          355    i.USART3_IRQHandler  stm32f1xx_it.o
    0x08008bf4   0x08008bf4   0x00000002   Code   RO          356    i.UsageFault_Handler  stm32f1xx_it.o
    0x08008bf6   0x08008bf6   0x000000b2   Code   RO         6320    i.Write_Byte_Sram   flash.o
    0x08008ca8   0x08008ca8   0x00000040   Code   RO         6321    i.Write_config      flash.o
    0x08008ce8   0x08008ce8   0x0000007c   Code   RO         5168    i.XpowYmodN         random.o
    0x08008d64   0x08008d64   0x00000020   Code   RO         1392    i.__NVIC_SetPriority  stm32f1xx_hal_cortex.o
    0x08008d84   0x08008d84   0x0000000e   Code   RO         7348    i._is_digit         c_w.l(__printf_wp.o)
    0x08008d92   0x08008d92   0x00000014   Code   RO         5300    i._ssp_return_values  ssp_helpers.o
    0x08008da6   0x08008da6   0x00000058   Code   RO         6322    i.add_revenue_day   flash.o
    0x08008dfe   0x08008dfe   0x00000054   Code   RO         4359    i.aes_decrypt       encryption.o
    0x08008e52   0x08008e52   0x00000002   PAD
    0x08008e54   0x08008e54   0x00000278   Code   RO         4360    i.aes_decrypt_16_byte_block  encryption.o
    0x080090cc   0x080090cc   0x00000054   Code   RO         4361    i.aes_encrypt       encryption.o
    0x08009120   0x08009120   0x0000027c   Code   RO         4362    i.aes_encrypt_16_byte_block  encryption.o
    0x0800939c   0x0800939c   0x000000a0   Code   RO         4363    i.aes_set_key       encryption.o
    0x0800943c   0x0800943c   0x00000034   Code   RO         4364    i.cal_crc_loop_CCITT_A  encryption.o
    0x08009470   0x08009470   0x0000020c   Code   RO         5901    i.checkGPSCommand   gsm_app.o
    0x0800967c   0x0800967c   0x00000012   Code   RO         4478    i.cmd_delay         glcd.o
    0x0800968e   0x0800968e   0x00000002   PAD
    0x08009690   0x08009690   0x0000004c   Code   RO         6252    i.crc_calculator_xmodem  crc_calculator.o
    0x080096dc   0x080096dc   0x00000002   Code   RO         4910    i.display_payout_countdown  nv11.o
    0x080096de   0x080096de   0x00000002   PAD
    0x080096e0   0x080096e0   0x000000ec   Code   RO         6086    i.draw_signal_gsm   user_gui.o
    0x080097cc   0x080097cc   0x00000004   Code   RO         6323    i.flash_init        flash.o
    0x080097d0   0x080097d0   0x00000062   Code   RO         4365    i.forward_mix_col   encryption.o
    0x08009832   0x08009832   0x00000022   Code   RO         4366    i.forward_s_box_compute  encryption.o
    0x08009854   0x08009854   0x00000018   Code   RO           23    i.fputc             main.o
    0x0800986c   0x0800986c   0x00000048   Code   RO         5811    i.getRTC            rtc_time.o
    0x080098b4   0x080098b4   0x00000036   Code   RO         6324    i.get_revenue_day   flash.o
    0x080098ea   0x080098ea   0x0000003c   Code   RO         6325    i.get_revenue_month  flash.o
    0x08009926   0x08009926   0x00000034   Code   RO         6326    i.get_revenue_year  flash.o
    0x0800995a   0x0800995a   0x00000044   Code   RO         5812    i.get_time          rtc_time.o
    0x0800999e   0x0800999e   0x00000002   PAD
    0x080099a0   0x080099a0   0x0000001c   Code   RO         4479    i.glcd_lcd_write_pin  glcd.o
    0x080099bc   0x080099bc   0x00000014   Code   RO         4367    i.highbit           encryption.o
    0x080099d0   0x080099d0   0x00000076   Code   RO         4368    i.inverse_element   encryption.o
    0x08009a46   0x08009a46   0x0000004a   Code   RO         4369    i.inverse_mix_col   encryption.o
    0x08009a90   0x08009a90   0x00000018   Code   RO         4370    i.inverse_s_box_compute  encryption.o
    0x08009aa8   0x08009aa8   0x00000038   Code   RO         4771    i.lwrb_get_free     lwrb.o
    0x08009ae0   0x08009ae0   0x00000038   Code   RO         4772    i.lwrb_get_full     lwrb.o
    0x08009b18   0x08009b18   0x00000020   Code   RO         4777    i.lwrb_init         lwrb.o
    0x08009b38   0x08009b38   0x0000007e   Code   RO         4780    i.lwrb_read         lwrb.o
    0x08009bb6   0x08009bb6   0x00000024   Code   RO         4781    i.lwrb_reset        lwrb.o
    0x08009bda   0x08009bda   0x0000007e   Code   RO         4784    i.lwrb_write        lwrb.o
    0x08009c58   0x08009c58   0x000003ac   Code   RO           24    i.main              main.o
    0x0800a004   0x0800a004   0x0000000e   Code   RO         4371    i.mem_copy          encryption.o
    0x0800a012   0x0800a012   0x0000000c   Code   RO         5301    i.negotiate_ssp_encryption  ssp_helpers.o
    0x0800a01e   0x0800a01e   0x00000002   PAD
    0x0800a020   0x0800a020   0x00000074   Code   RO         4911    i.nv11_enable       nv11.o
    0x0800a094   0x0800a094   0x00000048   Code   RO         4914    i.nv11_reset        nv11.o
    0x0800a0dc   0x0800a0dc   0x00000754   Code   RO         4915    i.parse_poll        nv11.o
    0x0800a830   0x0800a830   0x0000001c   Code   RO         5902    i.queueLengthGSM    gsm_app.o
    0x0800a84c   0x0800a84c   0x00000028   Code   RO         5903    i.readGSM_Buff      gsm_app.o
    0x0800a874   0x0800a874   0x00000048   Code   RO         6327    i.read_device_config  flash.o
    0x0800a8bc   0x0800a8bc   0x0000004c   Code   RO         6328    i.save_device_config  flash.o
    0x0800a908   0x0800a908   0x00000034   Code   RO         6087    i.scan_BT           user_gui.o
    0x0800a93c   0x0800a93c   0x00000150   Code   RO         6088    i.scan_switch       user_gui.o
    0x0800aa8c   0x0800aa8c   0x00000008   Code   RO         4482    i.send_cmd          glcd.o
    0x0800aa94   0x0800aa94   0x00000008   Code   RO         4483    i.send_data         glcd.o
    0x0800aa9c   0x0800aa9c   0x0000001c   Code   RO         4484    i.send_lcd          glcd.o
    0x0800aab8   0x0800aab8   0x00000018   Code   RO         4485    i.send_slow         glcd.o
    0x0800aad0   0x0800aad0   0x0000000a   Code   RO         5302    i.send_ssp_command  ssp_helpers.o
    0x0800aada   0x0800aada   0x0000004a   Code   RO         5813    i.setRTC            rtc_time.o
    0x0800ab24   0x0800ab24   0x00000030   Code   RO         4486    i.set_graphics_address  glcd.o
    0x0800ab54   0x0800ab54   0x0000005c   Code   RO         6089    i.show_Messenger    user_gui.o
    0x0800abb0   0x0800abb0   0x00000012   Code   RO         6090    i.small_delay       user_gui.o
    0x0800abc2   0x0800abc2   0x00000056   Code   RO         5303    i.ssp6_check_note_level  ssp_helpers.o
    0x0800ac18   0x0800ac18   0x0000000c   Code   RO         5304    i.ssp6_disable      ssp_helpers.o
    0x0800ac24   0x0800ac24   0x0000000c   Code   RO         5307    i.ssp6_display_on   ssp_helpers.o
    0x0800ac30   0x0800ac30   0x0000000c   Code   RO         5309    i.ssp6_enable       ssp_helpers.o
    0x0800ac3c   0x0800ac3c   0x0000002e   Code   RO         5311    i.ssp6_get_stored_notes  ssp_helpers.o
    0x0800ac6a   0x0800ac6a   0x0000000c   Code   RO         5312    i.ssp6_hold         ssp_helpers.o
    0x0800ac76   0x0800ac76   0x0000000e   Code   RO         5313    i.ssp6_host_protocol  ssp_helpers.o
    0x0800ac84   0x0800ac84   0x0000000c   Code   RO         5315    i.ssp6_payout_note  ssp_helpers.o
    0x0800ac90   0x0800ac90   0x000002b6   Code   RO         5316    i.ssp6_poll         ssp_helpers.o
    0x0800af46   0x0800af46   0x0000000a   Code   RO         5318    i.ssp6_reset        ssp_helpers.o
    0x0800af50   0x0800af50   0x0000000c   Code   RO         5319    i.ssp6_run_calibration  ssp_helpers.o
    0x0800af5c   0x0800af5c   0x00000010   Code   RO         5321    i.ssp6_set_inhibits  ssp_helpers.o
    0x0800af6c   0x0800af6c   0x0000001c   Code   RO         5324    i.ssp6_setup_encryption  ssp_helpers.o
    0x0800af88   0x0800af88   0x000001b4   Code   RO         5325    i.ssp6_setup_request  ssp_helpers.o
    0x0800b13c   0x0800b13c   0x0000000c   Code   RO         5327    i.ssp6_sync         ssp_helpers.o
    0x0800b148   0x0800b148   0x0000000c   Code   RO         5212    i.ssp_serial_deinitialize  serialfunc.o
    0x0800b154   0x0800b154   0x0000000c   Code   RO         5213    i.ssp_serial_flush  serialfunc.o
    0x0800b160   0x0800b160   0x0000003c   Code   RO         5214    i.ssp_serial_initialize  serialfunc.o
    0x0800b19c   0x0800b19c   0x00000010   Code   RO         5215    i.ssp_serial_read   serialfunc.o
    0x0800b1ac   0x0800b1ac   0x00000018   Code   RO         5216    i.ssp_serial_rx_availble  serialfunc.o
    0x0800b1c4   0x0800b1c4   0x00000010   Code   RO         5217    i.ssp_serial_write_data  serialfunc.o
    0x0800b1d4   0x0800b1d4   0x00000044   Code   RO         6329    i.sync_number_celled  flash.o
    0x0800b218   0x0800b218   0x00000008   Code   RO         6519    i.sys_ctx           sys_ctx.o
    0x0800b220   0x0800b220   0x00000348   Code   RO         4916    i.vdm_NV11_Init     nv11.o
    0x0800b568   0x0800b568   0x00000108   Code   RO         4917    i.vdm_NV11_Process  nv11.o
    0x0800b670   0x0800b670   0x000001f8   Code   RO         6433    i.vdm_app_gsm_send_door_frame  vdm_app_gsm.o
    0x0800b868   0x0800b868   0x00000188   Code   RO         6434    i.vdm_app_gsm_send_heartbeat  vdm_app_gsm.o
    0x0800b9f0   0x0800b9f0   0x00000020   Code   RO         6439    i.vdm_app_gsm_send_start_frame  vdm_app_gsm.o
    0x0800ba10   0x0800ba10   0x000000a8   Code   RO         6440    i.vdm_app_gsm_set_device_id  vdm_app_gsm.o
    0x0800bab8   0x0800bab8   0x00000030   Code   RO         5525    i.vdm_device_config_get_item_price  vdm_device_config.o
    0x0800bae8   0x0800bae8   0x00000034   Code   RO         5526    i.vdm_device_config_get_item_remain  vdm_device_config.o
    0x0800bb1c   0x0800bb1c   0x00000004   Code   RO         5533    i.vdm_device_config_lock_resource  vdm_device_config.o
    0x0800bb20   0x0800bb20   0x00000002   Code   RO         5557    i.vdm_device_config_unlock_resource  vdm_device_config.o
    0x0800bb22   0x0800bb22   0x00000002   PAD
    0x0800bb24   0x0800bb24   0x00000008   Code   RO         5561    i.vdm_get_device_config  vdm_device_config.o
    0x0800bb2c   0x0800bb2c   0x0000000c   Code   RO         6275    i.vdm_language_get_text  vdm_language.o
    0x0800bb38   0x0800bb38   0x000005d8   Code   RO         4918    i.vdm_parse_poll    nv11.o
    0x0800c110   0x0800c110   0x000005ba   Code   RO         5774    i.vnfontFindPosition  vnfont.o
    0x0800c6ca   0x0800c6ca   0x00000002   PAD
    0x0800c6cc   0x0800c6cc   0x00000058   Code   RO         6201    i.waitForPulse      dht_sensor.o
    0x0800c724   0x0800c724   0x0000002c   Code   RO         7646    locale$$code        c_w.l(lc_ctype_c.o)
    0x0800c750   0x0800c750   0x00000062   Code   RO         7392    x$fpl$d2f           fz_ws.l(d2f.o)
    0x0800c7b2   0x0800c7b2   0x00000026   Code   RO         7400    x$fpl$dfltu         fz_ws.l(dflt_clz.o)
    0x0800c7d8   0x0800c7d8   0x00000154   Code   RO         7406    x$fpl$dmul          fz_ws.l(dmul.o)
    0x0800c92c   0x0800c92c   0x0000009c   Code   RO         7548    x$fpl$dnaninf       fz_ws.l(dnaninf.o)
    0x0800c9c8   0x0800c9c8   0x0000000c   Code   RO         7550    x$fpl$dretinf       fz_ws.l(dretinf.o)
    0x0800c9d4   0x0800c9d4   0x00000018   Code   RO         7552    x$fpl$fcmpinf       fz_ws.l(fcmpi.o)
    0x0800c9ec   0x0800c9ec   0x00000036   Code   RO         7420    x$fpl$ffix          fz_ws.l(ffix.o)
    0x0800ca22   0x0800ca22   0x00000002   PAD
    0x0800ca24   0x0800ca24   0x0000003e   Code   RO         7424    x$fpl$ffixu         fz_ws.l(ffixu.o)
    0x0800ca62   0x0800ca62   0x00000002   PAD
    0x0800ca64   0x0800ca64   0x00000026   Code   RO         7428    x$fpl$ffltu         fz_ws.l(fflt_clz.o)
    0x0800ca8a   0x0800ca8a   0x00000002   PAD
    0x0800ca8c   0x0800ca8c   0x00000068   Code   RO         7434    x$fpl$fleqf         fz_ws.l(fleqf.o)
    0x0800caf4   0x0800caf4   0x0000008c   Code   RO         7554    x$fpl$fnaninf       fz_ws.l(fnaninf.o)
    0x0800cb80   0x0800cb80   0x0000000a   Code   RO         7556    x$fpl$fretinf       fz_ws.l(fretinf.o)
    0x0800cb8a   0x0800cb8a   0x00000000   Code   RO         7558    x$fpl$usenofp       fz_ws.l(usenofp.o)
    0x0800cb8a   0x0800cb8a   0x00000012   Data   RO         1090    .constdata          stm32f1xx_hal_rcc.o
    0x0800cb9c   0x0800cb9c   0x00000012   Data   RO         1182    .constdata          stm32f1xx_hal_rcc_ex.o
    0x0800cbae   0x0800cbae   0x00000010   Data   RO         4322    .constdata          system_stm32f1xx.o
    0x0800cbbe   0x0800cbbe   0x00000008   Data   RO         4323    .constdata          system_stm32f1xx.o
    0x0800cbc6   0x0800cbc6   0x0000000a   Data   RO         4372    .constdata          encryption.o
    0x0800cbd0   0x0800cbd0   0x00000300   Data   RO         4669    .constdata          glcd_font.o
    0x0800ced0   0x0800ced0   0x0000000d   Data   RO         4920    .constdata          nv11.o
    0x0800cedd   0x0800cedd   0x000004ed   Data   RO         5775    .constdata          vnfont.o
    0x0800d3ca   0x0800d3ca   0x00000002   PAD
    0x0800d3cc   0x0800d3cc   0x00000006   Data   RO         6035    .constdata          imd.o
    0x0800d3d2   0x0800d3d2   0x00000002   PAD
    0x0800d3d4   0x0800d3d4   0x00000032   Data   RO         6114    .constdata          user_gui.o
    0x0800d406   0x0800d406   0x0000001c   Data   RO         6442    .constdata          vdm_app_gsm.o
    0x0800d422   0x0800d422   0x00000002   PAD
    0x0800d424   0x0800d424   0x00000014   Data   RO         7185    .constdata          sd_diskio.o
    0x0800d438   0x0800d438   0x00000028   Data   RO         7321    .constdata          c_w.l(_printf_hex_int.o)
    0x0800d460   0x0800d460   0x00000011   Data   RO         7351    .constdata          c_w.l(__printf_flags_wp.o)
    0x0800d471   0x0800d471   0x0000000c   Data   RO         7498    .constdata          c_w.l(_monlen.o)
    0x0800d47d   0x0800d47d   0x00000003   PAD
    0x0800d480   0x0800d480   0x0000004e   Data   RO           33    .conststring        main.o
    0x0800d4ce   0x0800d4ce   0x00000002   PAD
    0x0800d4d0   0x0800d4d0   0x0000032e   Data   RO         6278    .conststring        vdm_language.o
    0x0800d7fe   0x0800d7fe   0x00000002   PAD
    0x0800d800   0x0800d800   0x00000020   Data   RO         7820    Region$$Table       anon$$obj.o
    0x0800d820   0x0800d820   0x00000110   Data   RO         7645    locale$$data        c_w.l(lc_ctype_c.o)


    Execution Region RW_IRAM1 (Exec base: 0x20000000, Load base: 0x0800d930, Size: 0x00002d70, Max: 0x00010000, ABSOLUTE, COMPRESSED[0x00000284])

    Exec Addr    Load Addr    Size         Type   Attr      Idx    E Section Name        Object

    0x20000000   COMPRESSED   0x00000011   Data   RW           34    .data               main.o
    0x20000011   COMPRESSED   0x00000003   PAD
    0x20000014   COMPRESSED   0x00000004   Data   RW           37    .data               main.o
    0x20000018   COMPRESSED   0x0000000c   Data   RW          927    .data               stm32f1xx_hal.o
    0x20000024   COMPRESSED   0x00000004   Data   RW         4324    .data               system_stm32f1xx.o
    0x20000028   COMPRESSED   0x0000000c   Data   RW         4488    .data               glcd.o
    0x20000034   COMPRESSED   0x0000000c   Data   RW         4677    .data               glcd_font.o
    0x20000040   COMPRESSED   0x00000050   Data   RW         4921    .data               nv11.o
    0x20000090   COMPRESSED   0x00000008   Data   RW         5220    .data               serialfunc.o
    0x20000098   COMPRESSED   0x000000d0   Data   RW         5776    .data               vnfont.o
    0x20000168   COMPRESSED   0x0000003c   Data   RW         5777    .data               vnfont.o
    0x200001a4   COMPRESSED   0x00000100   Data   RW         5778    .data               vnfont.o
    0x200002a4   COMPRESSED   0x0000000f   Data   RW         5779    .data               vnfont.o
    0x200002b3   COMPRESSED   0x00000001   Data   RW         5780    .data               vnfont.o
    0x200002b4   COMPRESSED   0x00000008   Data   RW         5814    .data               rtc_time.o
    0x200002bc   COMPRESSED   0x00000112   Data   RW         5905    .data               gsm_app.o
    0x200003ce   COMPRESSED   0x00000002   PAD
    0x200003d0   COMPRESSED   0x0000000c   Data   RW         6036    .data               imd.o
    0x200003dc   COMPRESSED   0x00000003   Data   RW         6037    .data               imd.o
    0x200003df   COMPRESSED   0x00000001   PAD
    0x200003e0   COMPRESSED   0x00000004   Data   RW         6038    .data               imd.o
    0x200003e4   COMPRESSED   0x00000038   Data   RW         6115    .data               user_gui.o
    0x2000041c   COMPRESSED   0x00000001   Data   RW         6203    .data               dht_sensor.o
    0x2000041d   COMPRESSED   0x00000003   PAD
    0x20000420   COMPRESSED   0x00000174   Data   RW         6279    .data               vdm_language.o
    0x20000594   COMPRESSED   0x000001e5   Data   RW         6443    .data               vdm_app_gsm.o
    0x20000779   COMPRESSED   0x00000003   PAD
    0x2000077c   COMPRESSED   0x00000174   Data   RW         6521    .data               sys_ctx.o
    0x200008f0   COMPRESSED   0x00000005   Data   RW         6679    .data               fatfs.o
    0x200008f5   COMPRESSED   0x00000001   Data   RW         7186    .data               sd_diskio.o
    0x200008f6   COMPRESSED   0x00000002   PAD
    0x200008f8        -       0x00000264   Zero   RW           25    .bss                main.o
    0x20000b5c        -       0x00000044   Zero   RW           27    .bss                main.o
    0x20000ba0        -       0x00000044   Zero   RW           28    .bss                main.o
    0x20000be4        -       0x00000044   Zero   RW           29    .bss                main.o
    0x20000c28        -       0x00000044   Zero   RW           30    .bss                main.o
    0x20000c6c        -       0x00000044   Zero   RW           31    .bss                main.o
    0x20000cb0        -       0x00000044   Zero   RW           32    .bss                main.o
    0x20000cf4        -       0x00000400   Zero   RW         4487    .bss                glcd.o
    0x200010f4        -       0x000003e8   Zero   RW         4698    .bss                itlsspproc.o
    0x200014dc   COMPRESSED   0x00000004   PAD
    0x200014e0        -       0x00000380   Zero   RW         4919    .bss                nv11.o
    0x20001860        -       0x00000414   Zero   RW         5218    .bss                serialfunc.o
    0x20001c74        -       0x00000403   Zero   RW         5483    .bss                sspcoms.o
    0x20002077   COMPRESSED   0x00000001   PAD
    0x20002078        -       0x0000035c   Zero   RW         5562    .bss                vdm_device_config.o
    0x200023d4        -       0x00000142   Zero   RW         5904    .bss                gsm_app.o
    0x20002516   COMPRESSED   0x00000002   PAD
    0x20002518        -       0x00000094   Zero   RW         6034    .bss                imd.o
    0x200025ac        -       0x0000003c   Zero   RW         6091    .bss                user_gui.o
    0x200025e8        -       0x0000000a   Zero   RW         6441    .bss                vdm_app_gsm.o
    0x200025f2   COMPRESSED   0x00000002   PAD
    0x200025f4        -       0x0000000c   Zero   RW         7110    .bss                ff_gen_drv.o
    0x20002600        -       0x000000e4   Zero   RW         7368    .bss                c_w.l(rand.o)
    0x200026e4        -       0x0000002c   Zero   RW         7384    .bss                c_w.l(localtime.o)
    0x20002710        -       0x00000060   Zero   RW         7562    .bss                c_w.l(libspace.o)
    0x20002770        -       0x00000200   Zero   RW            2    HEAP                startup_stm32f103xe.o
    0x20002970        -       0x00000400   Zero   RW            1    STACK               startup_stm32f103xe.o


==============================================================================

Image component sizes


      Code (inc. data)   RO Data    RW Data    ZI Data      Debug   Object Name

       172         24          0          0          0       6851   bsp_driver_sd.o
        76          0          0          0          0       1752   crc_calculator.o
       764        182          0          1          0       4043   dht_sensor.o
      2056          4         10          0          0      13182   encryption.o
        28         10          0          5          0       1086   fatfs.o
        70          4          0          0         12       1619   ff_gen_drv.o
      1356        138          0          0          0       9820   flash.o
      1408         64          0         12       1024      17614   glcd.o
         0          0        768         12          0       1843   glcd_font.o
      1200        346          0        274        322       6881   gsm_app.o
        92         16          0          0          0       1813   gsm_drv.o
       954        138          6         19        148       5782   imd.o
       766         14          0          0       1000      12695   itlsspproc.o
       432          0          0          0          0       5970   lwrb.o
      2516        398         78         21       1020     565117   main.o
      6130       3598         13         80        896      49294   nv11.o
       328          6          0          0          0       3293   random.o
       588         10          0          8          0       8357   rtc_time.o
       264         34         20          1          0       4456   sd_diskio.o
       374         84          0          8       1044       7462   serialfunc.o
      1456         16          0          0          0      12456   ssp_helpers.o
       928         30          0          0       1027       4170   sspcoms.o
        64         26        304          0       1536        824   startup_stm32f103xe.o
       164         28          0         12          0       6613   stm32f1xx_hal.o
       626         28          0          0          0       3404   stm32f1xx_hal_adc.o
       198         14          0          0          0      29019   stm32f1xx_hal_cortex.o
      1236         52          0          0          0       5210   stm32f1xx_hal_dma.o
       548         48          0          0          0       4190   stm32f1xx_hal_gpio.o
      1080        126          0          0          0       5599   stm32f1xx_hal_msp.o
        12          4          0          0          0        527   stm32f1xx_hal_pwr.o
      1240         84         18          0          0       5188   stm32f1xx_hal_rcc.o
       420         30         18          0          0       2557   stm32f1xx_hal_rcc_ex.o
       910         12          0          0          0       9552   stm32f1xx_hal_rtc.o
       140         10          0          0          0       3544   stm32f1xx_hal_rtc_ex.o
      2626         38          0          0          0      13215   stm32f1xx_hal_sd.o
       760          4          0          0          0       4450   stm32f1xx_hal_spi.o
       704         40          0          0          0       6697   stm32f1xx_hal_tim.o
       128         20          0          0          0       2453   stm32f1xx_hal_tim_ex.o
      2154         38          0          0          0      15429   stm32f1xx_hal_uart.o
       170         72          0          0          0       9882   stm32f1xx_it.o
      1570         48          0          0          0      21612   stm32f1xx_ll_sdmmc.o
         8          4          0        372          0        986   sys_ctx.o
         2          0         24          4          0       1155   system_stm32f1xx.o
      7570        734         50         56         60      21631   user_gui.o
      1096        120         28        485         10      10039   vdm_app_gsm.o
       114         14          0          0        860       6380   vdm_device_config.o
        12          4        814        372          0       1290   vdm_language.o
      1466        586       1261        540          0       3816   vnfont.o

    ----------------------------------------------------------------------
     47042       7300       3454       2296       8968     940818   Object Totals
         0          0         32          0          0          0   (incl. Generated)
        66          0         10         14          9          0   (incl. Padding)

    ----------------------------------------------------------------------

      Code (inc. data)   RO Data    RW Data    ZI Data      Debug   Library Member Name

        90          0          0          0          0          0   __dczerorl2.o
         8          0          0          0          0         68   __main.o
       312          4         17          0          0         92   __printf_flags_wp.o
        14          0          0          0          0         68   __printf_wp.o
         0          0          0          0          0          0   __rtentry.o
        12          0          0          0          0          0   __rtentry2.o
         6          0          0          0          0          0   __rtentry4.o
        52          8          0          0          0          0   __scatter.o
        28          0          0          0          0          0   __scatter_zi.o
        28          0          0          0          0         68   _chval.o
         0          0         12          0          0          0   _monlen.o
         6          0          0          0          0          0   _printf_c.o
        44          0          0          0          0        108   _printf_char.o
        48          6          0          0          0         96   _printf_char_common.o
        36          4          0          0          0         80   _printf_char_file.o
         6          0          0          0          0          0   _printf_d.o
       120         16          0          0          0         92   _printf_dec.o
        88          4         40          0          0         88   _printf_hex_int.o
       178          0          0          0          0         88   _printf_intcommon.o
        78          0          0          0          0        108   _printf_pad.o
         0          0          0          0          0          0   _printf_percent.o
         4          0          0          0          0          0   _printf_percent_end.o
         6          0          0          0          0          0   _printf_s.o
        82          0          0          0          0         80   _printf_str.o
         6          0          0          0          0          0   _printf_u.o
         6          0          0          0          0          0   _printf_x.o
        10          0          0          0          0         68   _sputc.o
       158          0          0          0          0         92   _strtoul.o
        22          0          0          0          0         80   abort.o
        26          0          0          0          0         80   atoi.o
        48         34          0          0          0         76   defsig_abrt_inner.o
        14          0          0          0          0         80   defsig_abrt_outer.o
        10          0          0          0          0         68   defsig_exit.o
        50          0          0          0          0         88   defsig_general.o
        18          0          0          0          0         80   exit.o
         8          0          0          0          0         68   ferror.o
         6          0          0          0          0        152   heapauxi.o
         0          0          0          0          0          0   indicate_semi.o
        44         10        272          0          0         76   lc_ctype_c.o
         2          0          0          0          0          0   libinit.o
        24          0          0          0          0          0   libinit2.o
         2          0          0          0          0          0   libshutdown.o
         2          0          0          0          0          0   libshutdown2.o
         8          4          0          0         96         68   libspace.o
        72          0          0          0          0         76   llsdiv.o
        38          0          0          0          0         68   llshl.o
        38          0          0          0          0         68   llsshr.o
       238          0          0          0          0        100   lludivv7m.o
        12          6          0          0         44         68   localtime.o
       184          6          0          0          0         80   localtime_internal.o
       428         10          0          0          0        116   mktime.o
        24          4          0          0          0         84   noretval__2printf.o
        40          6          0          0          0         84   noretval__2sprintf.o
       112         18          0          0        228        160   rand.o
        16          4          0          0          0         76   rt_ctype_table.o
         8          4          0          0          0         68   rt_errno_addr_intlibspace.o
         8          4          0          0          0         68   rt_locale_intlibspace.o
        78          0          0          0          0         80   rt_memclr_w.o
       138          0          0          0          0         68   rt_memcpy_v6.o
       100          0          0          0          0         80   rt_memcpy_w.o
         2          0          0          0          0          0   rtexit.o
        10          0          0          0          0          0   rtexit2.o
       128          0          0          0          0         68   strcmpv7m.o
        62          0          0          0          0         76   strlen.o
       112          0          0          0          0         88   strtol.o
        12          4          0          0          0         68   sys_exit.o
        74          0          0          0          0         80   sys_stackheap_outer.o
        14          0          0          0          0         76   sys_wrch.o
         2          0          0          0          0         68   use_no_semi.o
        98          4          0          0          0         92   d2f.o
        38          0          0          0          0         68   dflt_clz.o
       340         12          0          0          0        104   dmul.o
       156          4          0          0          0         92   dnaninf.o
        12          0          0          0          0         68   dretinf.o
        24          0          0          0          0         68   fcmpi.o
        54          4          0          0          0         84   ffix.o
        62          4          0          0          0         84   ffixu.o
        38          0          0          0          0         68   fflt_clz.o
       104          4          0          0          0         84   fleqf.o
       140          4          0          0          0         84   fnaninf.o
        10          0          0          0          0         68   fretinf.o
         0          0          0          0          0          0   usenofp.o

    ----------------------------------------------------------------------
      4760        192        344          0        368       4944   Library Totals
        24          0          3          0          0          0   (incl. Padding)

    ----------------------------------------------------------------------

      Code (inc. data)   RO Data    RW Data    ZI Data      Debug   Library Name

      3660        156        341          0        368       3980   c_w.l
      1076         36          0          0          0        964   fz_ws.l

    ----------------------------------------------------------------------
      4760        192        344          0        368       4944   Library Totals

    ----------------------------------------------------------------------

==============================================================================


      Code (inc. data)   RO Data    RW Data    ZI Data      Debug   

     51802       7492       3798       2296       9336     925010   Grand Totals
     51802       7492       3798        644       9336     925010   ELF Image Totals (compressed)
     51802       7492       3798        644          0          0   ROM Totals

==============================================================================

    Total RO  Size (Code + RO Data)                55600 (  54.30kB)
    Total RW  Size (RW Data + ZI Data)             11632 (  11.36kB)
    Total ROM Size (Code + RO Data + RW Data)      56244 (  54.93kB)

==============================================================================

